
> frontend@0.0.0 test
> vitest --run


 RUN  v4.0.18 /home/lawrence/Documents/deeds backend/title_deeds_frontend

 ❯ src/components/roles/SurveyorInterface.test.jsx (6 tests | 6 failed) 891ms
     × renders the surveyor interface correctly 573ms
     × allows entering official farm details 100ms
     × confirms survey successfully 55ms
     × requests survey successfully 59ms
     × validates required fields for survey confirmation 46ms
     × handles API error gracefully 43ms
 ❯ src/components/roles/ConveyancerInterface.test.jsx (8 tests | 1 failed) 1273ms
     ✓ renders the conveyancer interface correctly  380ms
     ✓ calculates total correctly when fees are unpaid 83ms
     × calculates total correctly when fees are paid 233ms
     ✓ allows entering notes 125ms
     ✓ calls onClose when cancel button is clicked 93ms
     ✓ prepares agreement successfully 148ms
     ✓ handles API error gracefully 126ms
     ✓ disables button while processing 69ms
 ❯ src/components/roles/ValuationInterface.test.jsx (6 tests | 5 failed) 2239ms
     ✓ renders the valuation interface correctly  445ms
     × allows entering valuation amount 301ms
     × allows entering valuation notes 127ms
     × submits valuation successfully 95ms
     × shows error when amount is empty 1135ms
     × handles API error gracefully 111ms
 ❯ src/components/roles/EstatesInterface.test.jsx (5 tests | 4 failed) 2280ms
     × renders the estates interface correctly 547ms
     × verifies application successfully 172ms
     ✓ requests correction successfully 284ms
     × validates notes are required for correction 1141ms
     × handles API error gracefully 108ms
 ❯ src/components/roles/AccountsInterface.test.jsx (4 tests | 4 failed) 2842ms
     × renders the accounts interface correctly 538ms
     × confirms application fee successfully 1152ms
     × marks fee as unpaid successfully 68ms
     × handles API error gracefully 1071ms
 ❯ src/components/roles/LIMSInterface.test.jsx (5 tests | 3 failed) 3532ms
     × renders the LIMS interface correctly 447ms
     × verifies LIMS successfully 1279ms
     ✓ rejects application successfully  596ms
     × validates rejection type is selected 1139ms
     ✓ handles API error gracefully 60ms
 ❯ src/components/roles/ZLCInterface.test.jsx (5 tests | 3 failed) 3558ms
     × renders the ZLC interface correctly 496ms
     × verifies ZLC clear successfully 1211ms
     ✓ flags dispute successfully  607ms
     × validates required fields for dispute 1120ms
     ✓ handles API error gracefully 54ms
 ❯ src/pages/ApplicationForm.test.jsx (0 test)
 ❯ src/pages/OfficerDashboard.test.jsx (0 test)

⎯⎯⎯⎯⎯⎯ Failed Suites 2 ⎯⎯⎯⎯⎯⎯⎯

 FAIL  src/pages/ApplicationForm.test.jsx [ src/pages/ApplicationForm.test.jsx ]
TypeError: __vite_ssr_import_0__.default.create is not a function
 ❯ src/services/api.js:25:19
     23|  * Provides centralized request/response handling
     24|  */
     25| const api = axios.create({
       |                   ^
     26|     baseURL: '/api',
     27|     headers: {
 ❯ src/services/applicationService.js:1:1
 ❯ src/pages/ApplicationForm.jsx:8:1

⎯⎯⎯⎯⎯⎯⎯⎯⎯⎯⎯⎯⎯⎯⎯⎯⎯⎯⎯⎯⎯⎯⎯[1/28]⎯

 FAIL  src/pages/OfficerDashboard.test.jsx [ src/pages/OfficerDashboard.test.jsx ]
TypeError: __vite_ssr_import_0__.default.create is not a function
 ❯ src/services/api.js:25:19
     23|  * Provides centralized request/response handling
     24|  */
     25| const api = axios.create({
       |                   ^
     26|     baseURL: '/api',
     27|     headers: {
 ❯ src/services/applicationService.js:1:1
 ❯ src/hooks/useApplications.js:2:1

⎯⎯⎯⎯⎯⎯⎯⎯⎯⎯⎯⎯⎯⎯⎯⎯⎯⎯⎯⎯⎯⎯⎯[2/28]⎯


⎯⎯⎯⎯⎯⎯ Failed Tests 26 ⎯⎯⎯⎯⎯⎯⎯

 FAIL  src/components/roles/AccountsInterface.test.jsx > AccountsInterface > renders the accounts interface correctly
TestingLibraryElementError: Unable to find an element with the text: /Accounts Officer/i. This could be because the text is broken up by multiple elements. In this case, you can provide a function for your text matcher to make your matcher more flexible.

Ignored nodes: comments, script, style
[36m<body>[39m
  [36m<div>[39m
    [36m<div[39m
      [33mclass[39m=[32m"fixed inset-0 bg-black bg-opacity-50 flex items-center justify-center z-50 p-4"[39m
    [36m>[39m
      [36m<div[39m
        [33mclass[39m=[32m"card max-w-2xl w-full max-h-[90vh] overflow-y-auto"[39m
      [36m>[39m
        [36m<div[39m
          [33mclass[39m=[32m"flex justify-between items-center mb-6 pb-4 border-b"[39m
        [36m>[39m
          [36m<h3[39m
            [33mclass[39m=[32m"text-2xl font-bold text-emerald-700"[39m
          [36m>[39m
            [0mAccounts - Fee Confirmation[0m
          [36m</h3>[39m
          [36m<button[39m
            [33mclass[39m=[32m"text-gray-500 hover:text-gray-700"[39m
          [36m>[39m
            [36m<svg[39m
              [33mclass[39m=[32m"lucide lucide-x"[39m
              [33mfill[39m=[32m"none"[39m
              [33mheight[39m=[32m"24"[39m
              [33mstroke[39m=[32m"currentColor"[39m
              [33mstroke-linecap[39m=[32m"round"[39m
              [33mstroke-linejoin[39m=[32m"round"[39m
              [33mstroke-width[39m=[32m"2"[39m
              [33mviewBox[39m=[32m"0 0 24 24"[39m
              [33mwidth[39m=[32m"24"[39m
              [33mxmlns[39m=[32m"http://www.w3.org/2000/svg"[39m
            [36m>[39m
              [36m<path[39m
                [33md[39m=[32m"M18 6 6 18"[39m
              [36m/>[39m
              [36m<path[39m
                [33md[39m=[32m"m6 6 12 12"[39m
              [36m/>[39m
            [36m</svg>[39m
          [36m</button>[39m
        [36m</div>[39m
        [36m<div[39m
          [33mclass[39m=[32m"space-y-6"[39m
        [36m>[39m
          [36m<div[39m
            [33mclass[39m=[32m"grid grid-cols-2 gap-4 bg-gray-50 p-4 rounded-xl"[39m
          [36m>[39m
            [36m<div>[39m
              [36m<p[39m
                [33mclass[39m=[32m"text-xs text-gray-500 uppercase font-bold"[39m
              [36m>[39m
                [0mApplicant[0m
              [36m</p>[39m
              [36m<p[39m
                [33mclass[39m=[32m"font-semibold"[39m
              [36m>[39m
                [0mJohn Doe[0m
              [36m</p>[39m
            [36m</div>[39m
            [36m<div>[39m
              [36m<p[39m
                [33mclass[39m=[32m"text-xs text-gray-500 uppercase font-bold"[39m
              [36m>[39m
                [0mFarm Name[0m
              [36m</p>[39m
              [36m<p[39m
                [33mclass[39m=[32m"font-semibold"[39m
              [36m>[39m
                [0mTest Farm[0m
              [36m</p>[39m
            [36m</div>[39m
            [36m<div>[39m
              [36m<p[39m
                [33mclass[39m=[32m"text-xs text-gray-500 uppercase font-bold"[39m
              [36m>[39m
                [0mApplication ID[0m
              [36m</p>[39m
              [36m<p[39m
                [33mclass[39m=[32m"font-semibold text-emerald-600"[39m
              [36m>[39m
                [0m#[0m
                [0m1[0m
              [36m</p>[39m
            [36m</div>[39m
            [36m<div>[39m
              [36m<p[39m
                [33mclass[39m=[32m"text-xs text-gray-500 uppercase font-bold"[39m
              [36m>[39m
                [0mApplication Fee[0m
              [36m</p>[39m
              [36m<p[39m
                [33mclass[39m=[32m"font-semibold text-green-600"[39m
              [36m>[39m
                [0m$10.00[0m
              [36m</p>[39m
            [36m</div>[39m
          [36m</div>[39m
          [36m<div[39m
            [33mclass[39m=[32m"bg-blue-50 p-4 rounded-xl border border-blue-200"[39m
          [36m>[39m
            [36m<h4[39m
              [33mclass[39m=[32m"font-bold text-blue-900 mb-2 flex items-center gap-2"[39m
            [36m>[39m
              [36m<svg[39m
                [33mclass[39m=[32m"lucide lucide-dollar-sign"[39m
                [33mfill[39m=[32m"none"[39m
                [33mheight[39m=[32m"18"[39m
                [33mstroke[39m=[32m"currentColor"[39m
                [33mstroke-linecap[39m=[32m"round"[39m
                [33mstroke-linejoin[39m=[32m"round"[39m
                [33mstroke-width[39m=[32m"2"[39m
                [33mviewBox[39m=[32m"0 0 24 24"[39m
                [33mwidth[39m=[32m"18"[39m
                [33mxmlns[39m=[32m"http://www.w3.org/2000/svg"[39m
              [36m>[39m
                [36m<line[39m
                  [33mx1[39m=[32m"12"[39m
                  [33mx2[39m=[32m"12"[39m
                  [33my1[39m=[32m"2"[39m
                  [33my2[39m=[32m"22"[39m
                [36m/>[39m
                [36m<path[39m
                  [33md[39m=[32m"M17 5H9.5a3.5 3.5 0 0 0 0 7h5a3.5 3.5 0 0 1 0 7H6"[39m
                [36m/>[39m
              [36m</svg>[39m
              [0mFee Confirmation Task[0m
            [36m</h4>[39m
            [36m<p[39m
              [33mclass[39m=[32m"text-sm text-blue-800"[39m
            [36m>[39m
              [0mVerify if the applicant has paid the $10.00 title deed application fee in cash. If not paid, the fee will be added to the final purchase price.[0m
            [36m</p>[39m
          [36m</div>[39m
          [36m<div[39m
            [33mclass[39m=[32m"flex gap-4 pt-4 border-t"[39m
          [36m>[39m
            [36m<button[39m
              [33mclass[39m=[32m"btn bg-green-600 text-white hover:bg-green-700 flex-1 py-3 font-bold disabled:bg-gray-300"[39m
            [36m>[39m
              [36m<svg[39m
                [33mclass[39m=[32m"lucide lucide-check inline mr-2"[39m
                [33mfill[39m=[32m"none"[39m
                [33mheight[39m=[32m"20"[39m
                [33mstroke[39m=[32m"currentColor"[39m
                [33mstroke-linecap[39m=[32m"round"[39m
                [33mstroke-linejoin[39m=[32m"round"[39m
                [33mstroke-width[39m=[32m"2"[39m
                [33mviewBox[39m=[32m"0 0 24 24"[39m
                [33mwidth[39m=[32m"20"[39m
                [33mxmlns[39m=[32m"http://www.w3.org/2000/svg"[39m
              [36m>[39m
                [36m<path[39m
                  [33md[39m=[32m"M20 6 9 17l-5-5"[39m
                [36m/>[39m
              [36m</svg>[39m
              [0mFee Paid - Confirmed[0m
            [36m</button>[39m
            [36m<button[39m
              [33mclass[39m=[32m"btn bg-orange-600 text-white hover:bg-orange-700 flex-1 py-3 font-bold"[39m
            [36m>[39m
              [36m<svg[39m
                [33mclass[39m=[32m"lucide lucide-x inline mr-2"[39m
                [33mfill[39m=[32m"none"[39m
                [33mheight[39m=[32m"20"[39m
                [33mstroke[39m=[32m"currentColor"[39m
                [33mstroke-linecap[39m=[32m"round"[39m
                [33mstroke-linejoin[39m=[32m"round"[39m
                [33mstroke-width[39m=[32m"2"[39m
                [33mviewBox[39m=[32m"0 0 24 24"[39m
                [33mwidth[39m=[32m"20"[39m
                [33mxmlns[39m=[32m"http://www.w3.org/2000/svg"[39m
              [36m>[39m
                [36m<path[39m
                  [33md[39m=[32m"M18 6 6 18"[39m
                [36m/>[39m
                [36m<path[39m
                  [33md[39m=[32m"m6 6 12 12"[39m
                [36m/>[39m
              [36m</svg>[39m
              [0mFee Not Paid[0m
            [36m</button>[39m
          [36m</div>[39m
        [36m</div>[39m
      [36m</div>[39m
    [36m</div>[39m
  [36m</div>[39m
[36m</body>[39m
 ❯ Object.getElementError node_modules/@testing-library/dom/dist/config.js:37:19
 ❯ node_modules/@testing-library/dom/dist/query-helpers.js:76:38
 ❯ node_modules/@testing-library/dom/dist/query-helpers.js:52:17
 ❯ node_modules/@testing-library/dom/dist/query-helpers.js:95:19
 ❯ src/components/roles/AccountsInterface.test.jsx:35:23
     33|         )
     34| 
     35|         expect(screen.getByText(/Accounts Officer/i)).toBeInTheDocumen…
       |                       ^
     36|         expect(screen.getByText('John Doe')).toBeInTheDocument()
     37|     })

⎯⎯⎯⎯⎯⎯⎯⎯⎯⎯⎯⎯⎯⎯⎯⎯⎯⎯⎯⎯⎯⎯⎯[3/28]⎯

 FAIL  src/components/roles/AccountsInterface.test.jsx > AccountsInterface > confirms application fee successfully
AssertionError: expected "vi.fn()" to be called with arguments: [ …(2) ]

Received: 

  1st vi.fn() call:

  [
    "/api/applications/1/confirm_application_fee/",
-   Any<Object>,
  ]


Number of calls: 1


Ignored nodes: comments, script, style
[36m<html>[39m
  [36m<head />[39m
  [36m<body>[39m
    [36m<div>[39m
      [36m<div[39m
        [33mclass[39m=[32m"fixed inset-0 bg-black bg-opacity-50 flex items-center justify-center z-50 p-4"[39m
      [36m>[39m
        [36m<div[39m
          [33mclass[39m=[32m"card max-w-2xl w-full max-h-[90vh] overflow-y-auto"[39m
        [36m>[39m
          [36m<div[39m
            [33mclass[39m=[32m"flex justify-between items-center mb-6 pb-4 border-b"[39m
          [36m>[39m
            [36m<h3[39m
              [33mclass[39m=[32m"text-2xl font-bold text-emerald-700"[39m
            [36m>[39m
              [0mAccounts - Fee Confirmation[0m
            [36m</h3>[39m
            [36m<button[39m
              [33mclass[39m=[32m"text-gray-500 hover:text-gray-700"[39m
            [36m>[39m
              [36m<svg[39m
                [33mclass[39m=[32m"lucide lucide-x"[39m
                [33mfill[39m=[32m"none"[39m
                [33mheight[39m=[32m"24"[39m
                [33mstroke[39m=[32m"currentColor"[39m
                [33mstroke-linecap[39m=[32m"round"[39m
                [33mstroke-linejoin[39m=[32m"round"[39m
                [33mstroke-width[39m=[32m"2"[39m
                [33mviewBox[39m=[32m"0 0 24 24"[39m
                [33mwidth[39m=[32m"24"[39m
                [33mxmlns[39m=[32m"http://www.w3.org/2000/svg"[39m
              [36m>[39m
                [36m<path[39m
                  [33md[39m=[32m"M18 6 6 18"[39m
                [36m/>[39m
                [36m<path[39m
                  [33md[39m=[32m"m6 6 12 12"[39m
                [36m/>[39m
              [36m</svg>[39m
            [36m</button>[39m
          [36m</div>[39m
          [36m<div[39m
            [33mclass[39m=[32m"space-y-6"[39m
          [36m>[39m
            [36m<div[39m
              [33mclass[39m=[32m"grid grid-cols-2 gap-4 bg-gray-50 p-4 rounded-xl"[39m
            [36m>[39m
              [36m<div>[39m
                [36m<p[39m
                  [33mclass[39m=[32m"text-xs text-gray-500 uppercase font-bold"[39m
                [36m>[39m
                  [0mApplicant[0m
                [36m</p>[39m
                [36m<p[39m
                  [33mclass[39m=[32m"font-semibold"[39m
                [36m>[39m
                  [0mJohn Doe[0m
                [36m</p>[39m
              [36m</div>[39m
              [36m<div>[39m
                [36m<p[39m
                  [33mclass[39m=[32m"text-xs text-gray-500 uppercase font-bold"[39m
                [36m>[39m
                  [0mFarm Name[0m
                [36m</p>[39m
                [36m<p[39m
                  [33mclass[39m=[32m"font-semibold"[39m
                [36m>[39m
                  [0mTest Farm[0m
                [36m</p>[39m
              [36m</div>[39m
              [36m<div>[39m
                [36m<p[39m
                  [33mclass[39m=[32m"text-xs text-gray-500 uppercase font-bold"[39m
                [36m>[39m
                  [0mApplication ID[0m
                [36m</p>[39m
                [36m<p[39m
                  [33mclass[39m=[32m"font-semibold text-emerald-600"[39m
                [36m>[39m
                  [0m#[0m
                  [0m1[0m
                [36m</p>[39m
              [36m</div>[39m
              [36m<div>[39m
                [36m<p[39m
                  [33mclass[39m=[32m"text-xs text-gray-500 uppercase font-bold"[39m
                [36m>[39m
                  [0mApplication Fee[0m
                [36m</p>[39m
                [36m<p[39m
                  [33mclass[39m=[32m"font-semibold text-green-600"[39m
                [36m>[39m
                  [0m$10.00[0m
                [36m</p>[39m
              [36m</div>[39m
            [36m</div>[39m
            [36m<div[39m
              [33mclass[39m=[32m"bg-blue-50 p-4 rounded-xl border border-blue-200"[39m
            [36m>[39m
              [36m<h4[39m
                [33mclass[39m=[32m"font-bold text-blue-900 mb-2 flex items-center gap-2"[39m
              [36m>[39m
                [36m<svg[39m
                  [33mclass[39m=[32m"lucide lucide-dollar-sign"[39m
                  [33mfill[39m=[32m"none"[39m
                  [33mheight[39m=[32m"18"[39m
                  [33mstroke[39m=[32m"currentColor"[39m
                  [33mstroke-linecap[39m=[32m"round"[39m
                  [33mstroke-linejoin[39m=[32m"round"[39m
                  [33mstroke-width[39m=[32m"2"[39m
                  [33mviewBox[39m=[32m"0 0 24 24"[39m
                  [33mwidth[39m=[32m"18"[39m
                  [33mxmlns[39m=[32m"http://www.w3.org/2000/svg"[39m
                [36m>[39m
                  [36m<line[39m
                    [33mx1[39m=[32m"12"[39m
                    [33mx2[39m=[32m"12"[39m
                    [33my1[39m=[32m"2"[39m
                    [33my2[39m=[32m"22"[39m
                  [36m/>[39m
                  [36m<path[39m
                    [33md[39m=[32m"M17 5H9.5a3.5 3.5 0 0 0 0 7h5a3.5 3.5 0 0 1 0 7H6"[39m
                  [36m/>[39m
                [36m</svg>[39m
                [0mFee Confirmation Task[0m
              [36m</h4>[39m
              [36m<p[39m
                [33mclass[39m=[32m"text-sm text-blue-800"[39m
              [36m>[39m
                [0mVerify if the applicant has paid the $10.00 title deed application fee in cash. If not paid, the fee will be added to the final purchase price.[0m
              [36m</p>[39m
            [36m</div>[39m
            [36m<div[39m
              [33mclass[39m=[32m"flex gap-4 pt-4 border-t"[39m
            [36m>[39m
              [36m<button[39m
                [33mclass[39m=[32m"btn bg-green-600 text-white hover:bg-green-700 flex-1 py-3 font-bold disabled:bg-gray-300"[39m
              [36m>[39m
                [36m<svg[39m
                  [33mclass[39m=[32m"lucide lucide-check inline mr-2"[39m
                  [33mfill[39m=[32m"none"[39m
                  [33mheight[39m=[32m"20"[39m
                  [33mstroke[39m=[32m"currentColor"[39m
                  [33mstroke-linecap[39m=[32m"round"[39m
                  [33mstroke-linejoin[39m=[32m"round"[39m
                  [33mstroke-width[39m=[32m"2"[39m
                  [33mviewBox[39m=[32m"0 0 24 24"[39m
                  [33mwidth[39m=[32m"20"[39m
                  [33mxmlns[39m=[32m"http://www.w3.org/2000/svg"[39m
                [36m>[39m
                  [36m<path[39m
                    [33md[39m=[32m"M20 6 9 17l-5-5"[39m
                  [36m/>[39m
                [36m</svg>[39m
                [0mFee Paid - Confirmed[0m
              [36m</button>[39m
              [36m<button[39m
                [33mclass[39m=[32m"btn bg-orange-600 text-white hover:bg-orange-700 flex-1 py-3 font-bold"[39m
              [36m>[39m
                [36m<svg[39m
                  [33mclass[39m=[32m"lucide lucide-x inline mr-2"[39m
                  [33mfill[39m=[32m"none"[39m
                  [33mheight[39m=[32m"20"[39m
                  [33mstroke[39m=[32m"currentColor"[39m
                  [33mstroke-linecap[39m=[32m"round"[39m
                  [33mstroke-linejoin[39m=[32m"round"[39m
                  [33mstroke-width[39m=[32m"2"[39m
                  [33mviewBox[39m=[32m"0 0 24 24"[39m
                  [33mwidth[39m=[32m"20"[39m
                  [33mxmlns[39m=[32m"http://www.w3.org/2000/svg"[39m
                [36m>[39m
                  [36m<path[39m
                    [33md[39m=[32m"M18 6 6 18"[39m
                  [36m/>[39m
                  [36m<path[39m
                    [33md[39m=[32m"m6 6 12 12"[39m
                  [36m/>[39m
                [36m</svg>[39m
                [0mFee Not Paid[0m
              [36m</button>[39m
            [36m</div>[39m
          [36m</div>[39m
        [36m</div>[39m
      [36m</div>[39m
    [36m</div>[39m
  [36m</body>[39m
[36m</html>[39m
 ❯ src/components/roles/AccountsInterface.test.jsx:55:32
     53| 
     54|         await waitFor(() => {
     55|             expect(axios.post).toHaveBeenCalledWith(
       |                                ^
     56|                 `/api/applications/${mockSelectedApp.id}/confirm_appli…
     57|                 expect.any(Object)
 ❯ runWithExpensiveErrorDiagnosticsDisabled node_modules/@testing-library/dom/dist/config.js:47:12
 ❯ checkCallback node_modules/@testing-library/dom/dist/wait-for.js:124:77
 ❯ Timeout.checkRealTimersCallback node_modules/@testing-library/dom/dist/wait-for.js:118:16

⎯⎯⎯⎯⎯⎯⎯⎯⎯⎯⎯⎯⎯⎯⎯⎯⎯⎯⎯⎯⎯⎯⎯[4/28]⎯

 FAIL  src/components/roles/AccountsInterface.test.jsx > AccountsInterface > marks fee as unpaid successfully
TestingLibraryElementError: Unable to find an element with the text: /Mark as Unpaid/i. This could be because the text is broken up by multiple elements. In this case, you can provide a function for your text matcher to make your matcher more flexible.

Ignored nodes: comments, script, style
[36m<body>[39m
  [36m<div>[39m
    [36m<div[39m
      [33mclass[39m=[32m"fixed inset-0 bg-black bg-opacity-50 flex items-center justify-center z-50 p-4"[39m
    [36m>[39m
      [36m<div[39m
        [33mclass[39m=[32m"card max-w-2xl w-full max-h-[90vh] overflow-y-auto"[39m
      [36m>[39m
        [36m<div[39m
          [33mclass[39m=[32m"flex justify-between items-center mb-6 pb-4 border-b"[39m
        [36m>[39m
          [36m<h3[39m
            [33mclass[39m=[32m"text-2xl font-bold text-emerald-700"[39m
          [36m>[39m
            [0mAccounts - Fee Confirmation[0m
          [36m</h3>[39m
          [36m<button[39m
            [33mclass[39m=[32m"text-gray-500 hover:text-gray-700"[39m
          [36m>[39m
            [36m<svg[39m
              [33mclass[39m=[32m"lucide lucide-x"[39m
              [33mfill[39m=[32m"none"[39m
              [33mheight[39m=[32m"24"[39m
              [33mstroke[39m=[32m"currentColor"[39m
              [33mstroke-linecap[39m=[32m"round"[39m
              [33mstroke-linejoin[39m=[32m"round"[39m
              [33mstroke-width[39m=[32m"2"[39m
              [33mviewBox[39m=[32m"0 0 24 24"[39m
              [33mwidth[39m=[32m"24"[39m
              [33mxmlns[39m=[32m"http://www.w3.org/2000/svg"[39m
            [36m>[39m
              [36m<path[39m
                [33md[39m=[32m"M18 6 6 18"[39m
              [36m/>[39m
              [36m<path[39m
                [33md[39m=[32m"m6 6 12 12"[39m
              [36m/>[39m
            [36m</svg>[39m
          [36m</button>[39m
        [36m</div>[39m
        [36m<div[39m
          [33mclass[39m=[32m"space-y-6"[39m
        [36m>[39m
          [36m<div[39m
            [33mclass[39m=[32m"grid grid-cols-2 gap-4 bg-gray-50 p-4 rounded-xl"[39m
          [36m>[39m
            [36m<div>[39m
              [36m<p[39m
                [33mclass[39m=[32m"text-xs text-gray-500 uppercase font-bold"[39m
              [36m>[39m
                [0mApplicant[0m
              [36m</p>[39m
              [36m<p[39m
                [33mclass[39m=[32m"font-semibold"[39m
              [36m>[39m
                [0mJohn Doe[0m
              [36m</p>[39m
            [36m</div>[39m
            [36m<div>[39m
              [36m<p[39m
                [33mclass[39m=[32m"text-xs text-gray-500 uppercase font-bold"[39m
              [36m>[39m
                [0mFarm Name[0m
              [36m</p>[39m
              [36m<p[39m
                [33mclass[39m=[32m"font-semibold"[39m
              [36m>[39m
                [0mTest Farm[0m
              [36m</p>[39m
            [36m</div>[39m
            [36m<div>[39m
              [36m<p[39m
                [33mclass[39m=[32m"text-xs text-gray-500 uppercase font-bold"[39m
              [36m>[39m
                [0mApplication ID[0m
              [36m</p>[39m
              [36m<p[39m
                [33mclass[39m=[32m"font-semibold text-emerald-600"[39m
              [36m>[39m
                [0m#[0m
                [0m1[0m
              [36m</p>[39m
            [36m</div>[39m
            [36m<div>[39m
              [36m<p[39m
                [33mclass[39m=[32m"text-xs text-gray-500 uppercase font-bold"[39m
              [36m>[39m
                [0mApplication Fee[0m
              [36m</p>[39m
              [36m<p[39m
                [33mclass[39m=[32m"font-semibold text-green-600"[39m
              [36m>[39m
                [0m$10.00[0m
              [36m</p>[39m
            [36m</div>[39m
          [36m</div>[39m
          [36m<div[39m
            [33mclass[39m=[32m"bg-blue-50 p-4 rounded-xl border border-blue-200"[39m
          [36m>[39m
            [36m<h4[39m
              [33mclass[39m=[32m"font-bold text-blue-900 mb-2 flex items-center gap-2"[39m
            [36m>[39m
              [36m<svg[39m
                [33mclass[39m=[32m"lucide lucide-dollar-sign"[39m
                [33mfill[39m=[32m"none"[39m
                [33mheight[39m=[32m"18"[39m
                [33mstroke[39m=[32m"currentColor"[39m
                [33mstroke-linecap[39m=[32m"round"[39m
                [33mstroke-linejoin[39m=[32m"round"[39m
                [33mstroke-width[39m=[32m"2"[39m
                [33mviewBox[39m=[32m"0 0 24 24"[39m
                [33mwidth[39m=[32m"18"[39m
                [33mxmlns[39m=[32m"http://www.w3.org/2000/svg"[39m
              [36m>[39m
                [36m<line[39m
                  [33mx1[39m=[32m"12"[39m
                  [33mx2[39m=[32m"12"[39m
                  [33my1[39m=[32m"2"[39m
                  [33my2[39m=[32m"22"[39m
                [36m/>[39m
                [36m<path[39m
                  [33md[39m=[32m"M17 5H9.5a3.5 3.5 0 0 0 0 7h5a3.5 3.5 0 0 1 0 7H6"[39m
                [36m/>[39m
              [36m</svg>[39m
              [0mFee Confirmation Task[0m
            [36m</h4>[39m
            [36m<p[39m
              [33mclass[39m=[32m"text-sm text-blue-800"[39m
            [36m>[39m
              [0mVerify if the applicant has paid the $10.00 title deed application fee in cash. If not paid, the fee will be added to the final purchase price.[0m
            [36m</p>[39m
          [36m</div>[39m
          [36m<div[39m
            [33mclass[39m=[32m"flex gap-4 pt-4 border-t"[39m
          [36m>[39m
            [36m<button[39m
              [33mclass[39m=[32m"btn bg-green-600 text-white hover:bg-green-700 flex-1 py-3 font-bold disabled:bg-gray-300"[39m
            [36m>[39m
              [36m<svg[39m
                [33mclass[39m=[32m"lucide lucide-check inline mr-2"[39m
                [33mfill[39m=[32m"none"[39m
                [33mheight[39m=[32m"20"[39m
                [33mstroke[39m=[32m"currentColor"[39m
                [33mstroke-linecap[39m=[32m"round"[39m
                [33mstroke-linejoin[39m=[32m"round"[39m
                [33mstroke-width[39m=[32m"2"[39m
                [33mviewBox[39m=[32m"0 0 24 24"[39m
                [33mwidth[39m=[32m"20"[39m
                [33mxmlns[39m=[32m"http://www.w3.org/2000/svg"[39m
              [36m>[39m
                [36m<path[39m
                  [33md[39m=[32m"M20 6 9 17l-5-5"[39m
                [36m/>[39m
              [36m</svg>[39m
              [0mFee Paid - Confirmed[0m
            [36m</button>[39m
            [36m<button[39m
              [33mclass[39m=[32m"btn bg-orange-600 text-white hover:bg-orange-700 flex-1 py-3 font-bold"[39m
            [36m>[39m
              [36m<svg[39m
                [33mclass[39m=[32m"lucide lucide-x inline mr-2"[39m
                [33mfill[39m=[32m"none"[39m
                [33mheight[39m=[32m"20"[39m
                [33mstroke[39m=[32m"currentColor"[39m
                [33mstroke-linecap[39m=[32m"round"[39m
                [33mstroke-linejoin[39m=[32m"round"[39m
                [33mstroke-width[39m=[32m"2"[39m
                [33mviewBox[39m=[32m"0 0 24 24"[39m
                [33mwidth[39m=[32m"20"[39m
                [33mxmlns[39m=[32m"http://www.w3.org/2000/svg"[39m
              [36m>[39m
                [36m<path[39m
                  [33md[39m=[32m"M18 6 6 18"[39m
                [36m/>[39m
                [36m<path[39m
                  [33md[39m=[32m"m6 6 12 12"[39m
                [36m/>[39m
              [36m</svg>[39m
              [0mFee Not Paid[0m
            [36m</button>[39m
          [36m</div>[39m
        [36m</div>[39m
      [36m</div>[39m
    [36m</div>[39m
  [36m</div>[39m
[36m</body>[39m
 ❯ Object.getElementError node_modules/@testing-library/dom/dist/config.js:37:19
 ❯ node_modules/@testing-library/dom/dist/query-helpers.js:76:38
 ❯ node_modules/@testing-library/dom/dist/query-helpers.js:52:17
 ❯ node_modules/@testing-library/dom/dist/query-helpers.js:95:19
 ❯ src/components/roles/AccountsInterface.test.jsx:75:37
     73|         )
     74| 
     75|         const unpaidButton = screen.getByText(/Mark as Unpaid/i)
       |                                     ^
     76|         fireEvent.click(unpaidButton)
     77| 

⎯⎯⎯⎯⎯⎯⎯⎯⎯⎯⎯⎯⎯⎯⎯⎯⎯⎯⎯⎯⎯⎯⎯[5/28]⎯

 FAIL  src/components/roles/AccountsInterface.test.jsx > AccountsInterface > handles API error gracefully
AssertionError: expected "vi.fn()" to be called with arguments: [ 'API Error' ]

Number of calls: 0


Ignored nodes: comments, script, style
[36m<html>[39m
  [36m<head />[39m
  [36m<body>[39m
    [36m<div>[39m
      [36m<div[39m
        [33mclass[39m=[32m"fixed inset-0 bg-black bg-opacity-50 flex items-center justify-center z-50 p-4"[39m
      [36m>[39m
        [36m<div[39m
          [33mclass[39m=[32m"card max-w-2xl w-full max-h-[90vh] overflow-y-auto"[39m
        [36m>[39m
          [36m<div[39m
            [33mclass[39m=[32m"flex justify-between items-center mb-6 pb-4 border-b"[39m
          [36m>[39m
            [36m<h3[39m
              [33mclass[39m=[32m"text-2xl font-bold text-emerald-700"[39m
            [36m>[39m
              [0mAccounts - Fee Confirmation[0m
            [36m</h3>[39m
            [36m<button[39m
              [33mclass[39m=[32m"text-gray-500 hover:text-gray-700"[39m
            [36m>[39m
              [36m<svg[39m
                [33mclass[39m=[32m"lucide lucide-x"[39m
                [33mfill[39m=[32m"none"[39m
                [33mheight[39m=[32m"24"[39m
                [33mstroke[39m=[32m"currentColor"[39m
                [33mstroke-linecap[39m=[32m"round"[39m
                [33mstroke-linejoin[39m=[32m"round"[39m
                [33mstroke-width[39m=[32m"2"[39m
                [33mviewBox[39m=[32m"0 0 24 24"[39m
                [33mwidth[39m=[32m"24"[39m
                [33mxmlns[39m=[32m"http://www.w3.org/2000/svg"[39m
              [36m>[39m
                [36m<path[39m
                  [33md[39m=[32m"M18 6 6 18"[39m
                [36m/>[39m
                [36m<path[39m
                  [33md[39m=[32m"m6 6 12 12"[39m
                [36m/>[39m
              [36m</svg>[39m
            [36m</button>[39m
          [36m</div>[39m
          [36m<div[39m
            [33mclass[39m=[32m"space-y-6"[39m
          [36m>[39m
            [36m<div[39m
              [33mclass[39m=[32m"grid grid-cols-2 gap-4 bg-gray-50 p-4 rounded-xl"[39m
            [36m>[39m
              [36m<div>[39m
                [36m<p[39m
                  [33mclass[39m=[32m"text-xs text-gray-500 uppercase font-bold"[39m
                [36m>[39m
                  [0mApplicant[0m
                [36m</p>[39m
                [36m<p[39m
                  [33mclass[39m=[32m"font-semibold"[39m
                [36m>[39m
                  [0mJohn Doe[0m
                [36m</p>[39m
              [36m</div>[39m
              [36m<div>[39m
                [36m<p[39m
                  [33mclass[39m=[32m"text-xs text-gray-500 uppercase font-bold"[39m
                [36m>[39m
                  [0mFarm Name[0m
                [36m</p>[39m
                [36m<p[39m
                  [33mclass[39m=[32m"font-semibold"[39m
                [36m>[39m
                  [0mTest Farm[0m
                [36m</p>[39m
              [36m</div>[39m
              [36m<div>[39m
                [36m<p[39m
                  [33mclass[39m=[32m"text-xs text-gray-500 uppercase font-bold"[39m
                [36m>[39m
                  [0mApplication ID[0m
                [36m</p>[39m
                [36m<p[39m
                  [33mclass[39m=[32m"font-semibold text-emerald-600"[39m
                [36m>[39m
                  [0m#[0m
                  [0m1[0m
                [36m</p>[39m
              [36m</div>[39m
              [36m<div>[39m
                [36m<p[39m
                  [33mclass[39m=[32m"text-xs text-gray-500 uppercase font-bold"[39m
                [36m>[39m
                  [0mApplication Fee[0m
                [36m</p>[39m
                [36m<p[39m
                  [33mclass[39m=[32m"font-semibold text-green-600"[39m
                [36m>[39m
                  [0m$10.00[0m
                [36m</p>[39m
              [36m</div>[39m
            [36m</div>[39m
            [36m<div[39m
              [33mclass[39m=[32m"bg-blue-50 p-4 rounded-xl border border-blue-200"[39m
            [36m>[39m
              [36m<h4[39m
                [33mclass[39m=[32m"font-bold text-blue-900 mb-2 flex items-center gap-2"[39m
              [36m>[39m
                [36m<svg[39m
                  [33mclass[39m=[32m"lucide lucide-dollar-sign"[39m
                  [33mfill[39m=[32m"none"[39m
                  [33mheight[39m=[32m"18"[39m
                  [33mstroke[39m=[32m"currentColor"[39m
                  [33mstroke-linecap[39m=[32m"round"[39m
                  [33mstroke-linejoin[39m=[32m"round"[39m
                  [33mstroke-width[39m=[32m"2"[39m
                  [33mviewBox[39m=[32m"0 0 24 24"[39m
                  [33mwidth[39m=[32m"18"[39m
                  [33mxmlns[39m=[32m"http://www.w3.org/2000/svg"[39m
                [36m>[39m
                  [36m<line[39m
                    [33mx1[39m=[32m"12"[39m
                    [33mx2[39m=[32m"12"[39m
                    [33my1[39m=[32m"2"[39m
                    [33my2[39m=[32m"22"[39m
                  [36m/>[39m
                  [36m<path[39m
                    [33md[39m=[32m"M17 5H9.5a3.5 3.5 0 0 0 0 7h5a3.5 3.5 0 0 1 0 7H6"[39m
                  [36m/>[39m
                [36m</svg>[39m
                [0mFee Confirmation Task[0m
              [36m</h4>[39m
              [36m<p[39m
                [33mclass[39m=[32m"text-sm text-blue-800"[39m
              [36m>[39m
                [0mVerify if the applicant has paid the $10.00 title deed application fee in cash. If not paid, the fee will be added to the final purchase price.[0m
              [36m</p>[39m
            [36m</div>[39m
            [36m<div[39m
              [33mclass[39m=[32m"flex gap-4 pt-4 border-t"[39m
            [36m>[39m
              [36m<button[39m
                [33mclass[39m=[32m"btn bg-green-600 text-white hover:bg-green-700 flex-1 py-3 font-bold disabled:bg-gray-300"[39m
              [36m>[39m
                [36m<svg[39m
                  [33mclass[39m=[32m"lucide lucide-check inline mr-2"[39m
                  [33mfill[39m=[32m"none"[39m
                  [33mheight[39m=[32m"20"[39m
                  [33mstroke[39m=[32m"currentColor"[39m
                  [33mstroke-linecap[39m=[32m"round"[39m
                  [33mstroke-linejoin[39m=[32m"round"[39m
                  [33mstroke-width[39m=[32m"2"[39m
                  [33mviewBox[39m=[32m"0 0 24 24"[39m
                  [33mwidth[39m=[32m"20"[39m
                  [33mxmlns[39m=[32m"http://www.w3.org/2000/svg"[39m
                [36m>[39m
                  [36m<path[39m
                    [33md[39m=[32m"M20 6 9 17l-5-5"[39m
                  [36m/>[39m
                [36m</svg>[39m
                [0mFee Paid - Confirmed[0m
              [36m</button>[39m
              [36m<button[39m
                [33mclass[39m=[32m"btn bg-orange-600 text-white hover:bg-orange-700 flex-1 py-3 font-bold"[39m
              [36m>[39m
                [36m<svg[39m
                  [33mclass[39m=[32m"lucide lucide-x inline mr-2"[39m
                  [33mfill[39m=[32m"none"[39m
                  [33mheight[39m=[32m"20"[39m
                  [33mstroke[39m=[32m"currentColor"[39m
                  [33mstroke-linecap[39m=[32m"round"[39m
                  [33mstroke-linejoin[39m=[32m"round"[39m
                  [33mstroke-width[39m=[32m"2"[39m
                  [33mviewBox[39m=[32m"0 0 24 24"[39m
                  [33mwidth[39m=[32m"20"[39m
                  [33mxmlns[39m=[32m"http://www.w3.org/2000/svg"[39m
                [36m>[39m
                  [36m<path[39m
                    [33md[39m=[32m"M18 6 6 18"[39m
                  [36m/>[39m
                  [36m<path[39m
                    [33md[39m=[32m"m6 6 12 12"[39m
                  [36m/>[39m
                [36m</svg>[39m
                [0mFee Not Paid[0m
              [36m</button>[39m
            [36m</div>[39m
          [36m</div>[39m
        [36m</div>[39m
      [36m</div>[39m
    [36m</div>[39m
  [36m</body>[39m
[36m</html>[39m
 ❯ src/components/roles/AccountsInterface.test.jsx:105:33
    103| 
    104|         await waitFor(() => {
    105|             expect(mockOnError).toHaveBeenCalledWith('API Error')
       |                                 ^
    106|         })
    107|     })
 ❯ runWithExpensiveErrorDiagnosticsDisabled node_modules/@testing-library/dom/dist/config.js:47:12
 ❯ checkCallback node_modules/@testing-library/dom/dist/wait-for.js:124:77
 ❯ Timeout.checkRealTimersCallback node_modules/@testing-library/dom/dist/wait-for.js:118:16

⎯⎯⎯⎯⎯⎯⎯⎯⎯⎯⎯⎯⎯⎯⎯⎯⎯⎯⎯⎯⎯⎯⎯[6/28]⎯

 FAIL  src/components/roles/ConveyancerInterface.test.jsx > ConveyancerInterface > calculates total correctly when fees are paid
TestingLibraryElementError: Found multiple elements with the text: $50000.00

Here are the matching elements:

Ignored nodes: comments, script, style
[36m<span[39m
  [33mclass[39m=[32m"font-bold"[39m
[36m>[39m
  [0m$[0m
  [0m50000.00[0m
[36m</span>[39m

Ignored nodes: comments, script, style
[36m<span>[39m
  [0m$[0m
  [0m50000.00[0m
[36m</span>[39m

(If this is intentional, then use the `*AllBy*` variant of the query (like `queryAllByText`, `getAllByText`, or `findAllByText`)).

Ignored nodes: comments, script, style
[36m<body>[39m
  [36m<div>[39m
    [36m<div[39m
      [33mclass[39m=[32m"fixed inset-0 bg-black bg-opacity-50 flex items-center justify-center z-50 p-4"[39m
    [36m>[39m
      [36m<div[39m
        [33mclass[39m=[32m"card max-w-3xl w-full max-h-[90vh] overflow-y-auto"[39m
      [36m>[39m
        [36m<div[39m
          [33mclass[39m=[32m"flex justify-between items-center mb-6 pb-4 border-b"[39m
        [36m>[39m
          [36m<h3[39m
            [33mclass[39m=[32m"text-2xl font-bold text-emerald-700"[39m
          [36m>[39m
            [0mConveyancer - Agreement Preparation[0m
          [36m</h3>[39m
          [36m<button[39m
            [33mclass[39m=[32m"text-gray-500 hover:text-gray-700"[39m
          [36m>[39m
            [36m<svg[39m
              [33mclass[39m=[32m"lucide lucide-x"[39m
              [33mfill[39m=[32m"none"[39m
              [33mheight[39m=[32m"24"[39m
              [33mstroke[39m=[32m"currentColor"[39m
              [33mstroke-linecap[39m=[32m"round"[39m
              [33mstroke-linejoin[39m=[32m"round"[39m
              [33mstroke-width[39m=[32m"2"[39m
              [33mviewBox[39m=[32m"0 0 24 24"[39m
              [33mwidth[39m=[32m"24"[39m
              [33mxmlns[39m=[32m"http://www.w3.org/2000/svg"[39m
            [36m>[39m
              [36m<path[39m
                [33md[39m=[32m"M18 6 6 18"[39m
              [36m/>[39m
              [36m<path[39m
                [33md[39m=[32m"m6 6 12 12"[39m
              [36m/>[39m
            [36m</svg>[39m
          [36m</button>[39m
        [36m</div>[39m
        [36m<div[39m
          [33mclass[39m=[32m"space-y-6"[39m
        [36m>[39m
          [36m<div[39m
            [33mclass[39m=[32m"grid grid-cols-2 gap-4 bg-gray-50 p-4 rounded-xl"[39m
          [36m>[39m
            [36m<div>[39m
              [36m<p[39m
                [33mclass[39m=[32m"text-xs text-gray-500 uppercase font-bold"[39m
              [36m>[39m
                [0mApplicant[0m
              [36m</p>[39m
              [36m<p[39m
                [33mclass[39m=[32m"font-semibold"[39m
              [36m>[39m
                [0mJohn Doe[0m
              [36m</p>[39m
            [36m</div>[39m
            [36m<div>[39m
              [36m<p[39m
                [33mclass[39m=[32m"text-xs text-gray-500 uppercase font-bold"[39m
              [36m>[39m
                [0mNational ID[0m
              [36m</p>[39m
              [36m<p[39m
                [33mclass[39m=[32m"font-semibold"[39m
              [36m>[39m
                [0m12-345678-A-12[0m
              [36m</p>[39m
            [36m</div>[39m
            [36m<div>[39m
              [36m<p[39m
                [33mclass[39m=[32m"text-xs text-gray-500 uppercase font-bold"[39m
              [36m>[39m
                [0mOfficial Farm Name[0m
              [36m</p>[39m
              [36m<p[39m
                [33mclass[39m=[32m"font-semibold text-emerald-600"[39m
              [36m>[39m
                [0mOfficial Test Farm[0m
              [36m</p>[39m
            [36m</div>[39m
            [36m<div>[39m
              [36m<p[39m
                [33mclass[39m=[32m"text-xs text-gray-500 uppercase font-bold"[39m
              [36m>[39m
                [0mHectarage[0m
              [36m</p>[39m
              [36m<p[39m
                [33mclass[39m=[32m"font-semibold"[39m
              [36m>[39m
                [0m99.5000[0m
                [0m Ha[0m
              [36m</p>[39m
            [36m</div>[39m
          [36m</div>[39m
          [36m<div[39m
            [33mclass[39m=[32m"bg-blue-50 p-4 rounded-xl border border-blue-200"[39m
          [36m>[39m
            [36m<h4[39m
              [33mclass[39m=[32m"font-bold text-blue-900 mb-3 flex items-center gap-2"[39m
            [36m>[39m
              [36m<svg[39m
                [33mclass[39m=[32m"lucide lucide-dollar-sign"[39m
                [33mfill[39m=[32m"none"[39m
                [33mheight[39m=[32m"18"[39m
                [33mstroke[39m=[32m"currentColor"[39m
                [33mstroke-linecap[39m=[32m"round"[39m
                [33mstroke-linejoin[39m=[32m"round"[39m
                [33mstroke-width[39m=[32m"2"[39m
                [33mviewBox[39m=[32m"0 0 24 24"[39m
                [33mwidth[39m=[32m"18"[39m
                [33mxmlns[39m=[32m"http://www.w3.org/2000/svg"[39m
              [36m>[39m
                [36m<line[39m
                  [33mx1[39m=[32m"12"[39m
                  [33mx2[39m=[32m"12"[39m
                  [33my1[39m=[32m"2"[39m
                  [33my2[39m=[32m"22"[39m
                [36m/>[39m
                [36m<path[39m
                  [33md[39m=[32m"M17 5H9.5a3.5 3.5 0 0 0 0 7h5a3.5 3.5 0 0 1 0 7H6"[39m
                [36m/>[39m
              [36m</svg>[39m
              [0mFinancial Summary[0m
            [36m</h4>[39m
            [36m<div[39m
              [33mclass[39m=[32m"space-y-2 text-sm"[39m
            [36m>[39m
              [36m<div[39m
                [33mclass[39m=[32m"flex justify-between"[39m
              [36m>[39m
                [36m<span>[39m
                  [0mLand Valuation:[0m
                [36m</span>[39m
                [36m<span[39m
                  [33mclass[39m=[32m"font-bold"[39m
                [36m>[39m
                  [0m$[0m
                  [0m50000.00[0m
                [36m</span>[39m
              [36m</div>[39m
              [36m<div[39m
                [33mclass[39m=[32m"flex justify-between text-gray-700"[39m
              [36m>[39m
                [36m<span>[39m
                  [0mApplication Fee:[0m
                [36m</span>[39m
                [36m<span[39m
                  [33mclass[39m=[32m"font-semibold"[39m
                [36m>[39m
                  [36m<span[39m
                    [33mclass[39m=[32m"text-green-600"[39m
                  [36m>[39m
                    [0m$10.00 (Paid)[0m
                  [36m</span>[39m
                [36m</span>[39m
              [36m</div>[39m
              [36m<div[39m
                [33mclass[39m=[32m"flex justify-between text-gray-700"[39m
              [36m>[39m
                [36m<span>[39m
                  [0mSurvey Fee:[0m
                [36m</span>[39m
                [36m<span[39m
                  [33mclass[39m=[32m"font-semibold"[39m
                [36m>[39m
                  [36m<span[39m
                    [33mclass[39m=[32m"text-green-600"[39m
                  [36m>[39m
                    [0m$[0m
                    [0m1000.00[0m
                    [0m (Paid)[0m
                  [36m</span>[39m
                [36m</span>[39m
              [36m</div>[39m
              [36m<div[39m
                [33mclass[39m=[32m"flex justify-between pt-2 border-t border-blue-300 text-lg font-bold text-blue-900"[39m
              [36m>[39m
                [36m<span>[39m
                  [0mTotal Amount Due:[0m
                [36m</span>[39m
                [36m<span>[39m
                  [0m$[0m
                  [0m50000.00[0m
                [36m</span>[39m
              [36m</div>[39m
            [36m</div>[39m
          [36m</div>[39m
          [36m<div[39m
            [33mclass[39m=[32m"bg-emerald-50 p-4 rounded-xl border border-emerald-200"[39m
          [36m>[39m
            [36m<h4[39m
              [33mclass[39m=[32m"font-bold text-emerald-900 mb-2 flex items-center gap-2"[39m
            [36m>[39m
              [36m<svg[39m
                [33mclass[39m=[32m"lucide lucide-file-pen-line"[39m
                [33mfill[39m=[32m"none"[39m
                [33mheight[39m=[32m"18"[39m
                [33mstroke[39m=[32m"currentColor"[39m
                [33mstroke-linecap[39m=[32m"round"[39m
                [33mstroke-linejoin[39m=[32m"round"[39m
                [33mstroke-width[39m=[32m"2"[39m
                [33mviewBox[39m=[32m"0 0 24 24"[39m
                [33mwidth[39m=[32m"18"[39m
                [33mxmlns[39m=[32m"http://www.w3.org/2000/svg"[39m
              [36m>[39m
                [36m<path[39m
                  [33md[39m=[32m"m18 5-2.414-2.414A2 2 0 0 0 14.172 2H6a2 2 0 0 0-2 2v16a2 2 0 0 0 2 2h12a2 2 0 0 0 2-2"[39m
                [36m/>[39m
                [36m<path[39m
                  [33md[39m=[32m"M21.378 12.626a1 1 0 0 0-3.004-3.004l-4.01 4.012a2 2 0 0 0-.506.854l-.837 2.87a.5.5 0 0 0 .62.62l2.87-.837a2 2 0 0 0 .854-.506z"[39m
                [36m/>[39m
                [36m<path[39m
                  [33md[39m=[32m"M8 18h1"[39m
                [36m/>[39m
              [36m</svg>[39m
              [0mConveyancer Task[0m
            [36m</h4>[39m
            [36m<p[39m
              [33mclass[39m=[32m"text-sm text-emerald-800"[39m
            [36m>[39m
              [0mReview all financial details and prepare the purchase agreement. Once confirmed, the application  will be marked as [0m
              [36m<strong>[39m
                [0mAPPROVED[0m
              [36m</strong>[39m
              [0m and ready for title deed issuance upon payment.[0m
            [36m</p>[39m
          [36m</div>[39m
          [36m<div>[39m
            [36m<label[39m
              [33mclass[39m=[32m"block font-bold text-gray-700 mb-2"[39m
            [36m>[39m
              [0mAgreement Notes (Optional)[0m
            [36m</label>[39m
            [36m<textarea[39m
              [33mclass[39m=[32m"input w-full h-24"[39m
              [33mplaceholder[39m=[32m"Add any notes about the agreement..."[39m
            [36m/>[39m
          [36m</div>[39m
          [36m<div[39m
            [33mclass[39m=[32m"flex gap-4 pt-4 border-t"[39m
          [36m>[39m
            [36m<button[39m
              [33mclass[39m=[32m"btn bg-gray-200 text-gray-700 hover:bg-gray-300 flex-1 py-3 font-bold"[39m
            [36m>[39m
              [0mCancel[0m
            [36m</button>[39m
            [36m<button[39m
              [33mclass[39m=[32m"btn bg-green-600 text-white hover:bg-green-700 flex-1 py-3 font-bold"[39m
            [36m>[39m
              [36m<svg[39m
                [33mclass[39m=[32m"lucide lucide-file-pen-line inline mr-2"[39m
                [33mfill[39m=[32m"none"[39m
                [33mheight[39m=[32m"20"[39m
                [33mstroke[39m=[32m"currentColor"[39m
                [33mstroke-linecap[39m=[32m"round"[39m
                [33mstroke-linejoin[39m=[32m"round"[39m
                [33mstroke-width[39m=[32m"2"[39m
                [33mviewBox[39m=[32m"0 0 24 24"[39m
                [33mwidth[39m=[32m"20"[39m
                [33mxmlns[39m=[32m"http://www.w3.org/2000/svg"[39m
              [36m>[39m
                [36m<path[39m
                  [33md[39m=[32m"m18 5-2.414-2.414A2 2 0 0 0 14.172 2H6a2 2 0 0 0-2 2v16a2 2 0 0 0 2 2h12a2 2 0 0 0 2-2"[39m
                [36m/>[39m
                [36m<path[39m
                  [33md[39m=[32m"M21.378 12.626a1 1 0 0 0-3.004-3.004l-4.01 4.012a2 2 0 0 0-.506.854l-.837 2.87a.5.5 0 0 0 .62.62l2.87-.837a2 2 0 0 0 .854-.506z"[39m
                [36m/>[39m
                [36m<path[39m
                  [33md[39m=[32m"M8 18h1"[39m
                [36m/>[39m
              [36m</svg>[39m
              [0mPrepare Agreement & Approve[0m
            [36m</button>[39m
          [36m</div>[39m
        [36m</div>[39m
      [36m</div>[39m
    [36m</div>[39m
  [36m</div>[39m
[36m</body>[39m
 ❯ Object.getElementError node_modules/@testing-library/dom/dist/config.js:37:19
 ❯ getElementError node_modules/@testing-library/dom/dist/query-helpers.js:20:35
 ❯ getMultipleElementsFoundError node_modules/@testing-library/dom/dist/query-helpers.js:23:10
 ❯ node_modules/@testing-library/dom/dist/query-helpers.js:55:13
 ❯ node_modules/@testing-library/dom/dist/query-helpers.js:95:19
 ❯ src/components/roles/ConveyancerInterface.test.jsx:77:23
     75| 
     76|         // Total should be only valuation amount
     77|         expect(screen.getByText('$50000.00')).toBeInTheDocument()
       |                       ^
     78|     })
     79| 

⎯⎯⎯⎯⎯⎯⎯⎯⎯⎯⎯⎯⎯⎯⎯⎯⎯⎯⎯⎯⎯⎯⎯[7/28]⎯

 FAIL  src/components/roles/EstatesInterface.test.jsx > EstatesInterface > renders the estates interface correctly
TestingLibraryElementError: Unable to find an element with the text: /Estates Officer/i. This could be because the text is broken up by multiple elements. In this case, you can provide a function for your text matcher to make your matcher more flexible.

Ignored nodes: comments, script, style
[36m<body>[39m
  [36m<div>[39m
    [36m<div[39m
      [33mclass[39m=[32m"fixed inset-0 bg-black bg-opacity-50 flex items-center justify-center z-50 p-4"[39m
    [36m>[39m
      [36m<div[39m
        [33mclass[39m=[32m"card max-w-3xl w-full max-h-[90vh] overflow-y-auto"[39m
      [36m>[39m
        [36m<div[39m
          [33mclass[39m=[32m"flex justify-between items-center mb-6 pb-4 border-b"[39m
        [36m>[39m
          [36m<h3[39m
            [33mclass[39m=[32m"text-2xl font-bold text-emerald-700"[39m
          [36m>[39m
            [0mEstates - Form Verification[0m
          [36m</h3>[39m
          [36m<button[39m
            [33mclass[39m=[32m"text-gray-500 hover:text-gray-700"[39m
          [36m>[39m
            [36m<svg[39m
              [33mclass[39m=[32m"lucide lucide-x"[39m
              [33mfill[39m=[32m"none"[39m
              [33mheight[39m=[32m"24"[39m
              [33mstroke[39m=[32m"currentColor"[39m
              [33mstroke-linecap[39m=[32m"round"[39m
              [33mstroke-linejoin[39m=[32m"round"[39m
              [33mstroke-width[39m=[32m"2"[39m
              [33mviewBox[39m=[32m"0 0 24 24"[39m
              [33mwidth[39m=[32m"24"[39m
              [33mxmlns[39m=[32m"http://www.w3.org/2000/svg"[39m
            [36m>[39m
              [36m<path[39m
                [33md[39m=[32m"M18 6 6 18"[39m
              [36m/>[39m
              [36m<path[39m
                [33md[39m=[32m"m6 6 12 12"[39m
              [36m/>[39m
            [36m</svg>[39m
          [36m</button>[39m
        [36m</div>[39m
        [36m<div[39m
          [33mclass[39m=[32m"space-y-6"[39m
        [36m>[39m
          [36m<div[39m
            [33mclass[39m=[32m"bg-gray-50 p-4 rounded-xl"[39m
          [36m>[39m
            [36m<h4[39m
              [33mclass[39m=[32m"font-bold text-gray-700 mb-3"[39m
            [36m>[39m
              [0mApplicant Information[0m
            [36m</h4>[39m
            [36m<div[39m
              [33mclass[39m=[32m"grid grid-cols-3 gap-4"[39m
            [36m>[39m
              [36m<div>[39m
                [36m<p[39m
                  [33mclass[39m=[32m"text-xs text-gray-500 uppercase font-bold"[39m
                [36m>[39m
                  [0mName[0m
                [36m</p>[39m
                [36m<p[39m
                  [33mclass[39m=[32m"font-semibold"[39m
                [36m>[39m
                  [0mJohn Doe[0m
                [36m</p>[39m
              [36m</div>[39m
              [36m<div>[39m
                [36m<p[39m
                  [33mclass[39m=[32m"text-xs text-gray-500 uppercase font-bold"[39m
                [36m>[39m
                  [0mNational ID[0m
                [36m</p>[39m
                [36m<p[39m
                  [33mclass[39m=[32m"font-semibold"[39m
                [36m>[39m
                  [0m12-345678-A-12[0m
                [36m</p>[39m
              [36m</div>[39m
              [36m<div>[39m
                [36m<p[39m
                  [33mclass[39m=[32m"text-xs text-gray-500 uppercase font-bold"[39m
                [36m>[39m
                  [0mContact[0m
                [36m</p>[39m
                [36m<p[39m
                  [33mclass[39m=[32m"font-semibold"[39m
                [36m/>[39m
              [36m</div>[39m
              [36m<div[39m
                [33mclass[39m=[32m"col-span-full"[39m
              [36m>[39m
                [36m<p[39m
                  [33mclass[39m=[32m"text-xs text-gray-500 uppercase font-bold"[39m
                [36m>[39m
                  [0mAddress[0m
                [36m</p>[39m
                [36m<p[39m
                  [33mclass[39m=[32m"font-semibold"[39m
                [36m/>[39m
              [36m</div>[39m
            [36m</div>[39m
          [36m</div>[39m
          [36m<div[39m
            [33mclass[39m=[32m"bg-gray-50 p-4 rounded-xl"[39m
          [36m>[39m
            [36m<h4[39m
              [33mclass[39m=[32m"font-bold text-gray-700 mb-3"[39m
            [36m>[39m
              [0mFarm Details[0m
            [36m</h4>[39m
            [36m<div[39m
              [33mclass[39m=[32m"grid grid-cols-3 gap-4"[39m
            [36m>[39m
              [36m<div>[39m
                [36m<p[39m
                  [33mclass[39m=[32m"text-xs text-gray-500 uppercase font-bold"[39m
                [36m>[39m
                  [0mFarm Name[0m
                [36m</p>[39m
                [36m<p[39m
                  [33mclass[39m=[32m"font-semibold"[39m
                [36m>[39m
                  [0mTest Farm[0m
                [36m</p>[39m
              [36m</div>[39m
              [36m<div>[39m
                [36m<p[39m
                  [33mclass[39m=[32m"text-xs text-gray-500 uppercase font-bold"[39m
                [36m>[39m
                  [0mDistrict[0m
                [36m</p>[39m
                [36m<p[39m
                  [33mclass[39m=[32m"font-semibold"[39m
                [36m>[39m
                  [0mHarare[0m
                [36m</p>[39m
              [36m</div>[39m
              [36m<div>[39m
                [36m<p[39m
                  [33mclass[39m=[32m"text-xs text-gray-500 uppercase font-bold"[39m
                [36m>[39m
                  [0mExtent (Ha)[0m
                [36m</p>[39m
                [36m<p[39m
                  [33mclass[39m=[32m"font-semibold"[39m
                [36m>[39m
                  [0m100.0000[0m
                [36m</p>[39m
              [36m</div>[39m
            [36m</div>[39m
          [36m</div>[39m
          [36m<div[39m
            [33mclass[39m=[32m"bg-blue-50 p-4 rounded-xl border border-blue-200"[39m
          [36m>[39m
            [36m<h4[39m
              [33mclass[39m=[32m"font-bold text-blue-900 mb-2 flex items-center gap-2"[39m
            [36m>[39m
              [36m<svg[39m
                [33mclass[39m=[32m"lucide lucide-building"[39m
                [33mfill[39m=[32m"none"[39m
                [33mheight[39m=[32m"18"[39m
                [33mstroke[39m=[32m"currentColor"[39m
                [33mstroke-linecap[39m=[32m"round"[39m
                [33mstroke-linejoin[39m=[32m"round"[39m
                [33mstroke-width[39m=[32m"2"[39m
                [33mviewBox[39m=[32m"0 0 24 24"[39m
                [33mwidth[39m=[32m"18"[39m
                [33mxmlns[39m=[32m"http://www.w3.org/2000/svg"[39m
              [36m>[39m
                [36m<rect[39m
                  [33mheight[39m=[32m"20"[39m
                  [33mrx[39m=[32m"2"[39m
                  [33mry[39m=[32m"2"[39m
                  [33mwidth[39m=[32m"16"[39m
                  [33mx[39m=[32m"4"[39m
                  [33my[39m=[32m"2"[39m
                [36m/>[39m
                [36m<path[39m
                  [33md[39m=[32m"M9 22v-4h6v4"[39m
                [36m/>[39m
                [36m<path[39m
                  [33md[39m=[32m"M8 6h.01"[39m
                [36m/>[39m
                [36m<path[39m
                  [33md[39m=[32m"M16 6h.01"[39m
                [36m/>[39m
                [36m<path[39m
                  [33md[39m=[32m"M12 6h.01"[39m
                [36m/>[39m
                [36m<path[39m
                  [33md[39m=[32m"M12 10h.01"[39m
                [36m/>[39m
                [36m<path[39m
                  [33md[39m=[32m"M12 14h.01"[39m
                [36m/>[39m
                [36m<path[39m
                  [33md[39m=[32m"M16 10h.01"[39m
                [36m/>[39m
                [36m<path[39m
                  [33md[39m=[32m"M16 14h.01"[39m
                [36m/>[39m
                [36m<path[39m
                  [33md[39m=[32m"M8 10h.01"[39m
                [36m/>[39m
                [36m<path[39m
                  [33md[39m=[32m"M8 14h.01"[39m
                [36m/>[39m
              [36m</svg>[39m
              [0mEstates Verification Task[0m
            [36m</h4>[39m
            [36m<p[39m
              [33mclass[39m=[32m"text-sm text-blue-800"[39m
            [36m>[39m
              [0mEnsure all form details are correctly entered. Verify contact information, farm details, and document submissions are complete and accurate.[0m
            [36m</p>[39m
          [36m</div>[39m
          [36m<div>[39m
            [36m<label[39m
              [33mclass[39m=[32m"block font-bold text-gray-700 mb-2"[39m
            [36m>[39m
              [0mVerification Notes (Optional)[0m
            [36m</label>[39m
            [36m<textarea[39m
              [33mclass[39m=[32m"input w-full h-24"[39m
              [33mplaceholder[39m=[32m"Add any notes about this verification..."[39m
            [36m/>[39m
          [36m</div>[39m
          [36m<div[39m
            [33mclass[39m=[32m"flex gap-4 pt-4 border-t"[39m
          [36m>[39m
            [36m<button[39m
              [33mclass[39m=[32m"btn bg-green-600 text-white hover:bg-green-700 flex-1 py-3 font-bold"[39m
            [36m>[39m
              [36m<svg[39m
                [33mclass[39m=[32m"lucide lucide-check inline mr-2"[39m
                [33mfill[39m=[32m"none"[39m
                [33mheight[39m=[32m"20"[39m
                [33mstroke[39m=[32m"currentColor"[39m
                [33mstroke-linecap[39m=[32m"round"[39m
                [33mstroke-linejoin[39m=[32m"round"[39m
                [33mstroke-width[39m=[32m"2"[39m
                [33mviewBox[39m=[32m"0 0 24 24"[39m
                [33mwidth[39m=[32m"20"[39m
                [33mxmlns[39m=[32m"http://www.w3.org/2000/svg"[39m
              [36m>[39m
                [36m<path[39m
                  [33md[39m=[32m"M20 6 9 17l-5-5"[39m
                [36m/>[39m
              [36m</svg>[39m
              [0mVerify Form - Details Correct[0m
            [36m</button>[39m
            [36m<button[39m
              [33mclass[39m=[32m"btn bg-red-600 text-white hover:bg-red-700 flex-1 py-3 font-bold"[39m
            [36m>[39m
              [36m<svg[39m
                [33mclass[39m=[32m"lucide lucide-x inline mr-2"[39m
                [33mfill[39m=[32m"none"[39m
                [33mheight[39m=[32m"20"[39m
                [33mstroke[39m=[32m"currentColor"[39m
                [33mstroke-linecap[39m=[32m"round"[39m
                [33mstroke-linejoin[39m=[32m"round"[39m
                [33mstroke-width[39m=[32m"2"[39m
                [33mviewBox[39m=[32m"0 0 24 24"[39m
                [33mwidth[39m=[32m"20"[39m
                [33mxmlns[39m=[32m"http://www.w3.org/2000/svg"[39m
              [36m>[39m
                [36m<path[39m
                  [33md[39m=[32m"M18 6 6 18"[39m
                [36m/>[39m
                [36m<path[39m
                  [33md[39m=[32m"m6 6 12 12"[39m
                [36m/>[39m
              [36m</svg>[39m
              [0mRequest Corrections[0m
            [36m</button>[39m
          [36m</div>[39m
        [36m</div>[39m
      [36m</div>[39m
    [36m</div>[39m
  [36m</div>[39m
[36m</body>[39m
 ❯ Object.getElementError node_modules/@testing-library/dom/dist/config.js:37:19
 ❯ node_modules/@testing-library/dom/dist/query-helpers.js:76:38
 ❯ node_modules/@testing-library/dom/dist/query-helpers.js:52:17
 ❯ node_modules/@testing-library/dom/dist/query-helpers.js:95:19
 ❯ src/components/roles/EstatesInterface.test.jsx:36:23
     34|         )
     35| 
     36|         expect(screen.getByText(/Estates Officer/i)).toBeInTheDocument…
       |                       ^
     37|         expect(screen.getByText('John Doe')).toBeInTheDocument()
     38|     })

⎯⎯⎯⎯⎯⎯⎯⎯⎯⎯⎯⎯⎯⎯⎯⎯⎯⎯⎯⎯⎯⎯⎯[8/28]⎯

 FAIL  src/components/roles/EstatesInterface.test.jsx > EstatesInterface > verifies application successfully
TestingLibraryElementError: Found multiple elements with the text: /Verify/i

Here are the matching elements:

Ignored nodes: comments, script, style
[36m<p[39m
  [33mclass[39m=[32m"text-sm text-blue-800"[39m
[36m>[39m
  [0mEnsure all form details are correctly entered. Verify contact information, farm details, and document submissions are complete and accurate.[0m
[36m</p>[39m

Ignored nodes: comments, script, style
[36m<button[39m
  [33mclass[39m=[32m"btn bg-green-600 text-white hover:bg-green-700 flex-1 py-3 font-bold"[39m
[36m>[39m
  [36m<svg[39m
    [33mclass[39m=[32m"lucide lucide-check inline mr-2"[39m
    [33mfill[39m=[32m"none"[39m
    [33mheight[39m=[32m"20"[39m
    [33mstroke[39m=[32m"currentColor"[39m
    [33mstroke-linecap[39m=[32m"round"[39m
    [33mstroke-linejoin[39m=[32m"round"[39m
    [33mstroke-width[39m=[32m"2"[39m
    [33mviewBox[39m=[32m"0 0 24 24"[39m
    [33mwidth[39m=[32m"20"[39m
    [33mxmlns[39m=[32m"http://www.w3.org/2000/svg"[39m
  [36m>[39m
    [36m<path[39m
      [33md[39m=[32m"M20 6 9 17l-5-5"[39m
    [36m/>[39m
  [36m</svg>[39m
  [0mVerify Form - Details Correct[0m
[36m</button>[39m

(If this is intentional, then use the `*AllBy*` variant of the query (like `queryAllByText`, `getAllByText`, or `findAllByText`)).

Ignored nodes: comments, script, style
[36m<body>[39m
  [36m<div>[39m
    [36m<div[39m
      [33mclass[39m=[32m"fixed inset-0 bg-black bg-opacity-50 flex items-center justify-center z-50 p-4"[39m
    [36m>[39m
      [36m<div[39m
        [33mclass[39m=[32m"card max-w-3xl w-full max-h-[90vh] overflow-y-auto"[39m
      [36m>[39m
        [36m<div[39m
          [33mclass[39m=[32m"flex justify-between items-center mb-6 pb-4 border-b"[39m
        [36m>[39m
          [36m<h3[39m
            [33mclass[39m=[32m"text-2xl font-bold text-emerald-700"[39m
          [36m>[39m
            [0mEstates - Form Verification[0m
          [36m</h3>[39m
          [36m<button[39m
            [33mclass[39m=[32m"text-gray-500 hover:text-gray-700"[39m
          [36m>[39m
            [36m<svg[39m
              [33mclass[39m=[32m"lucide lucide-x"[39m
              [33mfill[39m=[32m"none"[39m
              [33mheight[39m=[32m"24"[39m
              [33mstroke[39m=[32m"currentColor"[39m
              [33mstroke-linecap[39m=[32m"round"[39m
              [33mstroke-linejoin[39m=[32m"round"[39m
              [33mstroke-width[39m=[32m"2"[39m
              [33mviewBox[39m=[32m"0 0 24 24"[39m
              [33mwidth[39m=[32m"24"[39m
              [33mxmlns[39m=[32m"http://www.w3.org/2000/svg"[39m
            [36m>[39m
              [36m<path[39m
                [33md[39m=[32m"M18 6 6 18"[39m
              [36m/>[39m
              [36m<path[39m
                [33md[39m=[32m"m6 6 12 12"[39m
              [36m/>[39m
            [36m</svg>[39m
          [36m</button>[39m
        [36m</div>[39m
        [36m<div[39m
          [33mclass[39m=[32m"space-y-6"[39m
        [36m>[39m
          [36m<div[39m
            [33mclass[39m=[32m"bg-gray-50 p-4 rounded-xl"[39m
          [36m>[39m
            [36m<h4[39m
              [33mclass[39m=[32m"font-bold text-gray-700 mb-3"[39m
            [36m>[39m
              [0mApplicant Information[0m
            [36m</h4>[39m
            [36m<div[39m
              [33mclass[39m=[32m"grid grid-cols-3 gap-4"[39m
            [36m>[39m
              [36m<div>[39m
                [36m<p[39m
                  [33mclass[39m=[32m"text-xs text-gray-500 uppercase font-bold"[39m
                [36m>[39m
                  [0mName[0m
                [36m</p>[39m
                [36m<p[39m
                  [33mclass[39m=[32m"font-semibold"[39m
                [36m>[39m
                  [0mJohn Doe[0m
                [36m</p>[39m
              [36m</div>[39m
              [36m<div>[39m
                [36m<p[39m
                  [33mclass[39m=[32m"text-xs text-gray-500 uppercase font-bold"[39m
                [36m>[39m
                  [0mNational ID[0m
                [36m</p>[39m
                [36m<p[39m
                  [33mclass[39m=[32m"font-semibold"[39m
                [36m>[39m
                  [0m12-345678-A-12[0m
                [36m</p>[39m
              [36m</div>[39m
              [36m<div>[39m
                [36m<p[39m
                  [33mclass[39m=[32m"text-xs text-gray-500 uppercase font-bold"[39m
                [36m>[39m
                  [0mContact[0m
                [36m</p>[39m
                [36m<p[39m
                  [33mclass[39m=[32m"font-semibold"[39m
                [36m/>[39m
              [36m</div>[39m
              [36m<div[39m
                [33mclass[39m=[32m"col-span-full"[39m
              [36m>[39m
                [36m<p[39m
                  [33mclass[39m=[32m"text-xs text-gray-500 uppercase font-bold"[39m
                [36m>[39m
                  [0mAddress[0m
                [36m</p>[39m
                [36m<p[39m
                  [33mclass[39m=[32m"font-semibold"[39m
                [36m/>[39m
              [36m</div>[39m
            [36m</div>[39m
          [36m</div>[39m
          [36m<div[39m
            [33mclass[39m=[32m"bg-gray-50 p-4 rounded-xl"[39m
          [36m>[39m
            [36m<h4[39m
              [33mclass[39m=[32m"font-bold text-gray-700 mb-3"[39m
            [36m>[39m
              [0mFarm Details[0m
            [36m</h4>[39m
            [36m<div[39m
              [33mclass[39m=[32m"grid grid-cols-3 gap-4"[39m
            [36m>[39m
              [36m<div>[39m
                [36m<p[39m
                  [33mclass[39m=[32m"text-xs text-gray-500 uppercase font-bold"[39m
                [36m>[39m
                  [0mFarm Name[0m
                [36m</p>[39m
                [36m<p[39m
                  [33mclass[39m=[32m"font-semibold"[39m
                [36m>[39m
                  [0mTest Farm[0m
                [36m</p>[39m
              [36m</div>[39m
              [36m<div>[39m
                [36m<p[39m
                  [33mclass[39m=[32m"text-xs text-gray-500 uppercase font-bold"[39m
                [36m>[39m
                  [0mDistrict[0m
                [36m</p>[39m
                [36m<p[39m
                  [33mclass[39m=[32m"font-semibold"[39m
                [36m>[39m
                  [0mHarare[0m
                [36m</p>[39m
              [36m</div>[39m
              [36m<div>[39m
                [36m<p[39m
                  [33mclass[39m=[32m"text-xs text-gray-500 uppercase font-bold"[39m
                [36m>[39m
                  [0mExtent (Ha)[0m
                [36m</p>[39m
                [36m<p[39m
                  [33mclass[39m=[32m"font-semibold"[39m
                [36m>[39m
                  [0m100.0000[0m
                [36m</p>[39m
              [36m</div>[39m
            [36m</div>[39m
          [36m</div>[39m
          [36m<div[39m
            [33mclass[39m=[32m"bg-blue-50 p-4 rounded-xl border border-blue-200"[39m
          [36m>[39m
            [36m<h4[39m
              [33mclass[39m=[32m"font-bold text-blue-900 mb-2 flex items-center gap-2"[39m
            [36m>[39m
              [36m<svg[39m
                [33mclass[39m=[32m"lucide lucide-building"[39m
                [33mfill[39m=[32m"none"[39m
                [33mheight[39m=[32m"18"[39m
                [33mstroke[39m=[32m"currentColor"[39m
                [33mstroke-linecap[39m=[32m"round"[39m
                [33mstroke-linejoin[39m=[32m"round"[39m
                [33mstroke-width[39m=[32m"2"[39m
                [33mviewBox[39m=[32m"0 0 24 24"[39m
                [33mwidth[39m=[32m"18"[39m
                [33mxmlns[39m=[32m"http://www.w3.org/2000/svg"[39m
              [36m>[39m
                [36m<rect[39m
                  [33mheight[39m=[32m"20"[39m
                  [33mrx[39m=[32m"2"[39m
                  [33mry[39m=[32m"2"[39m
                  [33mwidth[39m=[32m"16"[39m
                  [33mx[39m=[32m"4"[39m
                  [33my[39m=[32m"2"[39m
                [36m/>[39m
                [36m<path[39m
                  [33md[39m=[32m"M9 22v-4h6v4"[39m
                [36m/>[39m
                [36m<path[39m
                  [33md[39m=[32m"M8 6h.01"[39m
                [36m/>[39m
                [36m<path[39m
                  [33md[39m=[32m"M16 6h.01"[39m
                [36m/>[39m
                [36m<path[39m
                  [33md[39m=[32m"M12 6h.01"[39m
                [36m/>[39m
                [36m<path[39m
                  [33md[39m=[32m"M12 10h.01"[39m
                [36m/>[39m
                [36m<path[39m
                  [33md[39m=[32m"M12 14h.01"[39m
                [36m/>[39m
                [36m<path[39m
                  [33md[39m=[32m"M16 10h.01"[39m
                [36m/>[39m
                [36m<path[39m
                  [33md[39m=[32m"M16 14h.01"[39m
                [36m/>[39m
                [36m<path[39m
                  [33md[39m=[32m"M8 10h.01"[39m
                [36m/>[39m
                [36m<path[39m
                  [33md[39m=[32m"M8 14h.01"[39m
                [36m/>[39m
              [36m</svg>[39m
              [0mEstates Verification Task[0m
            [36m</h4>[39m
            [36m<p[39m
              [33mclass[39m=[32m"text-sm text-blue-800"[39m
            [36m>[39m
              [0mEnsure all form details are correctly entered. Verify contact information, farm details, and document submissions are complete and accurate.[0m
            [36m</p>[39m
          [36m</div>[39m
          [36m<div>[39m
            [36m<label[39m
              [33mclass[39m=[32m"block font-bold text-gray-700 mb-2"[39m
            [36m>[39m
              [0mVerification Notes (Optional)[0m
            [36m</label>[39m
            [36m<textarea[39m
              [33mclass[39m=[32m"input w-full h-24"[39m
              [33mplaceholder[39m=[32m"Add any notes about this verification..."[39m
            [36m/>[39m
          [36m</div>[39m
          [36m<div[39m
            [33mclass[39m=[32m"flex gap-4 pt-4 border-t"[39m
          [36m>[39m
            [36m<button[39m
              [33mclass[39m=[32m"btn bg-green-600 text-white hover:bg-green-700 flex-1 py-3 font-bold"[39m
            [36m>[39m
              [36m<svg[39m
                [33mclass[39m=[32m"lucide lucide-check inline mr-2"[39m
                [33mfill[39m=[32m"none"[39m
                [33mheight[39m=[32m"20"[39m
                [33mstroke[39m=[32m"currentColor"[39m
                [33mstroke-linecap[39m=[32m"round"[39m
                [33mstroke-linejoin[39m=[32m"round"[39m
                [33mstroke-width[39m=[32m"2"[39m
                [33mviewBox[39m=[32m"0 0 24 24"[39m
                [33mwidth[39m=[32m"20"[39m
                [33mxmlns[39m=[32m"http://www.w3.org/2000/svg"[39m
              [36m>[39m
                [36m<path[39m
                  [33md[39m=[32m"M20 6 9 17l-5-5"[39m
                [36m/>[39m
              [36m</svg>[39m
              [0mVerify Form - Details Correct[0m
            [36m</button>[39m
            [36m<button[39m
              [33mclass[39m=[32m"btn bg-red-600 text-white hover:bg-red-700 flex-1 py-3 font-bold"[39m
            [36m>[39m
              [36m<svg[39m
                [33mclass[39m=[32m"lucide lucide-x inline mr-2"[39m
                [33mfill[39m=[32m"none"[39m
                [33mheight[39m=[32m"20"[39m
                [33mstroke[39m=[32m"currentColor"[39m
                [33mstroke-linecap[39m=[32m"round"[39m
                [33mstroke-linejoin[39m=[32m"round"[39m
                [33mstroke-width[39m=[32m"2"[39m
                [33mviewBox[39m=[32m"0 0 24 24"[39m
                [33mwidth[39m=[32m"20"[39m
                [33mxmlns[39m=[32m"http://www.w3.org/2000/svg"[39m
              [36m>[39m
                [36m<path[39m
                  [33md[39m=[32m"M18 6 6 18"[39m
                [36m/>[39m
                [36m<path[39m
                  [33md[39m=[32m"m6 6 12 12"[39m
                [36m/>[39m
              [36m</svg>[39m
              [0mRequest Corrections[0m
            [36m</button>[39m
          [36m</div>[39m
        [36m</div>[39m
      [36m</div>[39m
    [36m</div>[39m
  [36m</div>[39m
[36m</body>[39m
 ❯ Object.getElementError node_modules/@testing-library/dom/dist/config.js:37:19
 ❯ getElementError node_modules/@testing-library/dom/dist/query-helpers.js:20:35
 ❯ getMultipleElementsFoundError node_modules/@testing-library/dom/dist/query-helpers.js:23:10
 ❯ node_modules/@testing-library/dom/dist/query-helpers.js:55:13
 ❯ node_modules/@testing-library/dom/dist/query-helpers.js:95:19
 ❯ src/components/roles/EstatesInterface.test.jsx:52:37
     50|         )
     51| 
     52|         const verifyButton = screen.getByText(/Verify/i)
       |                                     ^
     53|         fireEvent.click(verifyButton)
     54| 

⎯⎯⎯⎯⎯⎯⎯⎯⎯⎯⎯⎯⎯⎯⎯⎯⎯⎯⎯⎯⎯⎯⎯[9/28]⎯

 FAIL  src/components/roles/EstatesInterface.test.jsx > EstatesInterface > validates notes are required for correction
AssertionError: expected "vi.fn()" to be called with arguments: [ 'Please provide correction notes' ]

Number of calls: 0


Ignored nodes: comments, script, style
[36m<html>[39m
  [36m<head />[39m
  [36m<body>[39m
    [36m<div>[39m
      [36m<div[39m
        [33mclass[39m=[32m"fixed inset-0 bg-black bg-opacity-50 flex items-center justify-center z-50 p-4"[39m
      [36m>[39m
        [36m<div[39m
          [33mclass[39m=[32m"card max-w-3xl w-full max-h-[90vh] overflow-y-auto"[39m
        [36m>[39m
          [36m<div[39m
            [33mclass[39m=[32m"flex justify-between items-center mb-6 pb-4 border-b"[39m
          [36m>[39m
            [36m<h3[39m
              [33mclass[39m=[32m"text-2xl font-bold text-emerald-700"[39m
            [36m>[39m
              [0mEstates - Form Verification[0m
            [36m</h3>[39m
            [36m<button[39m
              [33mclass[39m=[32m"text-gray-500 hover:text-gray-700"[39m
            [36m>[39m
              [36m<svg[39m
                [33mclass[39m=[32m"lucide lucide-x"[39m
                [33mfill[39m=[32m"none"[39m
                [33mheight[39m=[32m"24"[39m
                [33mstroke[39m=[32m"currentColor"[39m
                [33mstroke-linecap[39m=[32m"round"[39m
                [33mstroke-linejoin[39m=[32m"round"[39m
                [33mstroke-width[39m=[32m"2"[39m
                [33mviewBox[39m=[32m"0 0 24 24"[39m
                [33mwidth[39m=[32m"24"[39m
                [33mxmlns[39m=[32m"http://www.w3.org/2000/svg"[39m
              [36m>[39m
                [36m<path[39m
                  [33md[39m=[32m"M18 6 6 18"[39m
                [36m/>[39m
                [36m<path[39m
                  [33md[39m=[32m"m6 6 12 12"[39m
                [36m/>[39m
              [36m</svg>[39m
            [36m</button>[39m
          [36m</div>[39m
          [36m<div[39m
            [33mclass[39m=[32m"space-y-6"[39m
          [36m>[39m
            [36m<div[39m
              [33mclass[39m=[32m"bg-gray-50 p-4 rounded-xl"[39m
            [36m>[39m
              [36m<h4[39m
                [33mclass[39m=[32m"font-bold text-gray-700 mb-3"[39m
              [36m>[39m
                [0mApplicant Information[0m
              [36m</h4>[39m
              [36m<div[39m
                [33mclass[39m=[32m"grid grid-cols-3 gap-4"[39m
              [36m>[39m
                [36m<div>[39m
                  [36m<p[39m
                    [33mclass[39m=[32m"text-xs text-gray-500 uppercase font-bold"[39m
                  [36m>[39m
                    [0mName[0m
                  [36m</p>[39m
                  [36m<p[39m
                    [33mclass[39m=[32m"font-semibold"[39m
                  [36m>[39m
                    [0mJohn Doe[0m
                  [36m</p>[39m
                [36m</div>[39m
                [36m<div>[39m
                  [36m<p[39m
                    [33mclass[39m=[32m"text-xs text-gray-500 uppercase font-bold"[39m
                  [36m>[39m
                    [0mNational ID[0m
                  [36m</p>[39m
                  [36m<p[39m
                    [33mclass[39m=[32m"font-semibold"[39m
                  [36m>[39m
                    [0m12-345678-A-12[0m
                  [36m</p>[39m
                [36m</div>[39m
                [36m<div>[39m
                  [36m<p[39m
                    [33mclass[39m=[32m"text-xs text-gray-500 uppercase font-bold"[39m
                  [36m>[39m
                    [0mContact[0m
                  [36m</p>[39m
                  [36m<p[39m
                    [33mclass[39m=[32m"font-semibold"[39m
                  [36m/>[39m
                [36m</div>[39m
                [36m<div[39m
                  [33mclass[39m=[32m"col-span-full"[39m
                [36m>[39m
                  [36m<p[39m
                    [33mclass[39m=[32m"text-xs text-gray-500 uppercase font-bold"[39m
                  [36m>[39m
                    [0mAddress[0m
                  [36m</p>[39m
                  [36m<p[39m
                    [33mclass[39m=[32m"font-semibold"[39m
                  [36m/>[39m
                [36m</div>[39m
              [36m</div>[39m
            [36m</div>[39m
            [36m<div[39m
              [33mclass[39m=[32m"bg-gray-50 p-4 rounded-xl"[39m
            [36m>[39m
              [36m<h4[39m
                [33mclass[39m=[32m"font-bold text-gray-700 mb-3"[39m
              [36m>[39m
                [0mFarm Details[0m
              [36m</h4>[39m
              [36m<div[39m
                [33mclass[39m=[32m"grid grid-cols-3 gap-4"[39m
              [36m>[39m
                [36m<div>[39m
                  [36m<p[39m
                    [33mclass[39m=[32m"text-xs text-gray-500 uppercase font-bold"[39m
                  [36m>[39m
                    [0mFarm Name[0m
                  [36m</p>[39m
                  [36m<p[39m
                    [33mclass[39m=[32m"font-semibold"[39m
                  [36m>[39m
                    [0mTest Farm[0m
                  [36m</p>[39m
                [36m</div>[39m
                [36m<div>[39m
                  [36m<p[39m
                    [33mclass[39m=[32m"text-xs text-gray-500 uppercase font-bold"[39m
                  [36m>[39m
                    [0mDistrict[0m
                  [36m</p>[39m
                  [36m<p[39m
                    [33mclass[39m=[32m"font-semibold"[39m
                  [36m>[39m
                    [0mHarare[0m
                  [36m</p>[39m
                [36m</div>[39m
                [36m<div>[39m
                  [36m<p[39m
                    [33mclass[39m=[32m"text-xs text-gray-500 uppercase font-bold"[39m
                  [36m>[39m
                    [0mExtent (Ha)[0m
                  [36m</p>[39m
                  [36m<p[39m
                    [33mclass[39m=[32m"font-semibold"[39m
                  [36m>[39m
                    [0m100.0000[0m
                  [36m</p>[39m
                [36m</div>[39m
              [36m</div>[39m
            [36m</div>[39m
            [36m<div[39m
              [33mclass[39m=[32m"bg-blue-50 p-4 rounded-xl border border-blue-200"[39m
            [36m>[39m
              [36m<h4[39m
                [33mclass[39m=[32m"font-bold text-blue-900 mb-2 flex items-center gap-2"[39m
              [36m>[39m
                [36m<svg[39m
                  [33mclass[39m=[32m"lucide lucide-building"[39m
                  [33mfill[39m=[32m"none"[39m
                  [33mheight[39m=[32m"18"[39m
                  [33mstroke[39m=[32m"currentColor"[39m
                  [33mstroke-linecap[39m=[32m"round"[39m
                  [33mstroke-linejoin[39m=[32m"round"[39m
                  [33mstroke-width[39m=[32m"2"[39m
                  [33mviewBox[39m=[32m"0 0 24 24"[39m
                  [33mwidth[39m=[32m"18"[39m
                  [33mxmlns[39m=[32m"http://www.w3.org/2000/svg"[39m
                [36m>[39m
                  [36m<rect[39m
                    [33mheight[39m=[32m"20"[39m
                    [33mrx[39m=[32m"2"[39m
                    [33mry[39m=[32m"2"[39m
                    [33mwidth[39m=[32m"16"[39m
                    [33mx[39m=[32m"4"[39m
                    [33my[39m=[32m"2"[39m
                  [36m/>[39m
                  [36m<path[39m
                    [33md[39m=[32m"M9 22v-4h6v4"[39m
                  [36m/>[39m
                  [36m<path[39m
                    [33md[39m=[32m"M8 6h.01"[39m
                  [36m/>[39m
                  [36m<path[39m
                    [33md[39m=[32m"M16 6h.01"[39m
                  [36m/>[39m
                  [36m<path[39m
                    [33md[39m=[32m"M12 6h.01"[39m
                  [36m/>[39m
                  [36m<path[39m
                    [33md[39m=[32m"M12 10h.01"[39m
                  [36m/>[39m
                  [36m<path[39m
                    [33md[39m=[32m"M12 14h.01"[39m
                  [36m/>[39m
                  [36m<path[39m
                    [33md[39m=[32m"M16 10h.01"[39m
                  [36m/>[39m
                  [36m<path[39m
                    [33md[39m=[32m"M16 14h.01"[39m
                  [36m/>[39m
                  [36m<path[39m
                    [33md[39m=[32m"M8 10h.01"[39m
                  [36m/>[39m
                  [36m<path[39m
                    [33md[39m=[32m"M8 14h.01"[39m
                  [36m/>[39m
                [36m</svg>[39m
                [0mEstates Verification Task[0m
              [36m</h4>[39m
              [36m<p[39m
                [33mclass[39m=[32m"text-sm text-blue-800"[39m
              [36m>[39m
                [0mEnsure all form details are correctly entered. Verify contact information, farm details, and document submissions are complete and accurate.[0m
              [36m</p>[39m
            [36m</div>[39m
            [36m<div>[39m
              [36m<label[39m
                [33mclass[39m=[32m"block font-bold text-gray-700 mb-2"[39m
              [36m>[39m
                [0mCorrection Instructions (Required)[0m
              [36m</label>[39m
              [36m<textarea[39m
                [33mclass[39m=[32m"input w-full h-32"[39m
                [33mplaceholder[39m=[32m"Describe what needs to be corrected..."[39m
              [36m/>[39m
            [36m</div>[39m
            [36m<div[39m
              [33mclass[39m=[32m"flex gap-4 pt-4 border-t"[39m
            [36m>[39m
              [36m<button[39m
                [33mclass[39m=[32m"btn bg-gray-200 text-gray-700 hover:bg-gray-300 flex-1 py-3 font-bold"[39m
              [36m>[39m
                [0mBack[0m
              [36m</button>[39m
              [36m<button[39m
                [33mclass[39m=[32m"btn bg-red-600 text-white hover:bg-red-700 flex-1 py-3 font-bold"[39m
                [33mdisabled[39m=[32m""[39m
              [36m>[39m
                [0mSend Correction Request[0m
              [36m</button>[39m
            [36m</div>[39m
          [36m</div>[39m
        [36m</div>[39m
      [36m</div>[39m
    [36m</div>[39m
  [36m</body>[39m
[36m</html>[39m
 ❯ src/components/roles/EstatesInterface.test.jsx:114:33
    112| 
    113|         await waitFor(() => {
    114|             expect(mockOnError).toHaveBeenCalledWith('Please provide c…
       |                                 ^
    115|         })
    116|     })
 ❯ runWithExpensiveErrorDiagnosticsDisabled node_modules/@testing-library/dom/dist/config.js:47:12
 ❯ checkCallback node_modules/@testing-library/dom/dist/wait-for.js:124:77
 ❯ Timeout.checkRealTimersCallback node_modules/@testing-library/dom/dist/wait-for.js:118:16

⎯⎯⎯⎯⎯⎯⎯⎯⎯⎯⎯⎯⎯⎯⎯⎯⎯⎯⎯⎯⎯⎯[10/28]⎯

 FAIL  src/components/roles/EstatesInterface.test.jsx > EstatesInterface > handles API error gracefully
TestingLibraryElementError: Found multiple elements with the text: /Verify/i

Here are the matching elements:

Ignored nodes: comments, script, style
[36m<p[39m
  [33mclass[39m=[32m"text-sm text-blue-800"[39m
[36m>[39m
  [0mEnsure all form details are correctly entered. Verify contact information, farm details, and document submissions are complete and accurate.[0m
[36m</p>[39m

Ignored nodes: comments, script, style
[36m<button[39m
  [33mclass[39m=[32m"btn bg-green-600 text-white hover:bg-green-700 flex-1 py-3 font-bold"[39m
[36m>[39m
  [36m<svg[39m
    [33mclass[39m=[32m"lucide lucide-check inline mr-2"[39m
    [33mfill[39m=[32m"none"[39m
    [33mheight[39m=[32m"20"[39m
    [33mstroke[39m=[32m"currentColor"[39m
    [33mstroke-linecap[39m=[32m"round"[39m
    [33mstroke-linejoin[39m=[32m"round"[39m
    [33mstroke-width[39m=[32m"2"[39m
    [33mviewBox[39m=[32m"0 0 24 24"[39m
    [33mwidth[39m=[32m"20"[39m
    [33mxmlns[39m=[32m"http://www.w3.org/2000/svg"[39m
  [36m>[39m
    [36m<path[39m
      [33md[39m=[32m"M20 6 9 17l-5-5"[39m
    [36m/>[39m
  [36m</svg>[39m
  [0mVerify Form - Details Correct[0m
[36m</button>[39m

(If this is intentional, then use the `*AllBy*` variant of the query (like `queryAllByText`, `getAllByText`, or `findAllByText`)).

Ignored nodes: comments, script, style
[36m<body>[39m
  [36m<div>[39m
    [36m<div[39m
      [33mclass[39m=[32m"fixed inset-0 bg-black bg-opacity-50 flex items-center justify-center z-50 p-4"[39m
    [36m>[39m
      [36m<div[39m
        [33mclass[39m=[32m"card max-w-3xl w-full max-h-[90vh] overflow-y-auto"[39m
      [36m>[39m
        [36m<div[39m
          [33mclass[39m=[32m"flex justify-between items-center mb-6 pb-4 border-b"[39m
        [36m>[39m
          [36m<h3[39m
            [33mclass[39m=[32m"text-2xl font-bold text-emerald-700"[39m
          [36m>[39m
            [0mEstates - Form Verification[0m
          [36m</h3>[39m
          [36m<button[39m
            [33mclass[39m=[32m"text-gray-500 hover:text-gray-700"[39m
          [36m>[39m
            [36m<svg[39m
              [33mclass[39m=[32m"lucide lucide-x"[39m
              [33mfill[39m=[32m"none"[39m
              [33mheight[39m=[32m"24"[39m
              [33mstroke[39m=[32m"currentColor"[39m
              [33mstroke-linecap[39m=[32m"round"[39m
              [33mstroke-linejoin[39m=[32m"round"[39m
              [33mstroke-width[39m=[32m"2"[39m
              [33mviewBox[39m=[32m"0 0 24 24"[39m
              [33mwidth[39m=[32m"24"[39m
              [33mxmlns[39m=[32m"http://www.w3.org/2000/svg"[39m
            [36m>[39m
              [36m<path[39m
                [33md[39m=[32m"M18 6 6 18"[39m
              [36m/>[39m
              [36m<path[39m
                [33md[39m=[32m"m6 6 12 12"[39m
              [36m/>[39m
            [36m</svg>[39m
          [36m</button>[39m
        [36m</div>[39m
        [36m<div[39m
          [33mclass[39m=[32m"space-y-6"[39m
        [36m>[39m
          [36m<div[39m
            [33mclass[39m=[32m"bg-gray-50 p-4 rounded-xl"[39m
          [36m>[39m
            [36m<h4[39m
              [33mclass[39m=[32m"font-bold text-gray-700 mb-3"[39m
            [36m>[39m
              [0mApplicant Information[0m
            [36m</h4>[39m
            [36m<div[39m
              [33mclass[39m=[32m"grid grid-cols-3 gap-4"[39m
            [36m>[39m
              [36m<div>[39m
                [36m<p[39m
                  [33mclass[39m=[32m"text-xs text-gray-500 uppercase font-bold"[39m
                [36m>[39m
                  [0mName[0m
                [36m</p>[39m
                [36m<p[39m
                  [33mclass[39m=[32m"font-semibold"[39m
                [36m>[39m
                  [0mJohn Doe[0m
                [36m</p>[39m
              [36m</div>[39m
              [36m<div>[39m
                [36m<p[39m
                  [33mclass[39m=[32m"text-xs text-gray-500 uppercase font-bold"[39m
                [36m>[39m
                  [0mNational ID[0m
                [36m</p>[39m
                [36m<p[39m
                  [33mclass[39m=[32m"font-semibold"[39m
                [36m>[39m
                  [0m12-345678-A-12[0m
                [36m</p>[39m
              [36m</div>[39m
              [36m<div>[39m
                [36m<p[39m
                  [33mclass[39m=[32m"text-xs text-gray-500 uppercase font-bold"[39m
                [36m>[39m
                  [0mContact[0m
                [36m</p>[39m
                [36m<p[39m
                  [33mclass[39m=[32m"font-semibold"[39m
                [36m/>[39m
              [36m</div>[39m
              [36m<div[39m
                [33mclass[39m=[32m"col-span-full"[39m
              [36m>[39m
                [36m<p[39m
                  [33mclass[39m=[32m"text-xs text-gray-500 uppercase font-bold"[39m
                [36m>[39m
                  [0mAddress[0m
                [36m</p>[39m
                [36m<p[39m
                  [33mclass[39m=[32m"font-semibold"[39m
                [36m/>[39m
              [36m</div>[39m
            [36m</div>[39m
          [36m</div>[39m
          [36m<div[39m
            [33mclass[39m=[32m"bg-gray-50 p-4 rounded-xl"[39m
          [36m>[39m
            [36m<h4[39m
              [33mclass[39m=[32m"font-bold text-gray-700 mb-3"[39m
            [36m>[39m
              [0mFarm Details[0m
            [36m</h4>[39m
            [36m<div[39m
              [33mclass[39m=[32m"grid grid-cols-3 gap-4"[39m
            [36m>[39m
              [36m<div>[39m
                [36m<p[39m
                  [33mclass[39m=[32m"text-xs text-gray-500 uppercase font-bold"[39m
                [36m>[39m
                  [0mFarm Name[0m
                [36m</p>[39m
                [36m<p[39m
                  [33mclass[39m=[32m"font-semibold"[39m
                [36m>[39m
                  [0mTest Farm[0m
                [36m</p>[39m
              [36m</div>[39m
              [36m<div>[39m
                [36m<p[39m
                  [33mclass[39m=[32m"text-xs text-gray-500 uppercase font-bold"[39m
                [36m>[39m
                  [0mDistrict[0m
                [36m</p>[39m
                [36m<p[39m
                  [33mclass[39m=[32m"font-semibold"[39m
                [36m>[39m
                  [0mHarare[0m
                [36m</p>[39m
              [36m</div>[39m
              [36m<div>[39m
                [36m<p[39m
                  [33mclass[39m=[32m"text-xs text-gray-500 uppercase font-bold"[39m
                [36m>[39m
                  [0mExtent (Ha)[0m
                [36m</p>[39m
                [36m<p[39m
                  [33mclass[39m=[32m"font-semibold"[39m
                [36m>[39m
                  [0m100.0000[0m
                [36m</p>[39m
              [36m</div>[39m
            [36m</div>[39m
          [36m</div>[39m
          [36m<div[39m
            [33mclass[39m=[32m"bg-blue-50 p-4 rounded-xl border border-blue-200"[39m
          [36m>[39m
            [36m<h4[39m
              [33mclass[39m=[32m"font-bold text-blue-900 mb-2 flex items-center gap-2"[39m
            [36m>[39m
              [36m<svg[39m
                [33mclass[39m=[32m"lucide lucide-building"[39m
                [33mfill[39m=[32m"none"[39m
                [33mheight[39m=[32m"18"[39m
                [33mstroke[39m=[32m"currentColor"[39m
                [33mstroke-linecap[39m=[32m"round"[39m
                [33mstroke-linejoin[39m=[32m"round"[39m
                [33mstroke-width[39m=[32m"2"[39m
                [33mviewBox[39m=[32m"0 0 24 24"[39m
                [33mwidth[39m=[32m"18"[39m
                [33mxmlns[39m=[32m"http://www.w3.org/2000/svg"[39m
              [36m>[39m
                [36m<rect[39m
                  [33mheight[39m=[32m"20"[39m
                  [33mrx[39m=[32m"2"[39m
                  [33mry[39m=[32m"2"[39m
                  [33mwidth[39m=[32m"16"[39m
                  [33mx[39m=[32m"4"[39m
                  [33my[39m=[32m"2"[39m
                [36m/>[39m
                [36m<path[39m
                  [33md[39m=[32m"M9 22v-4h6v4"[39m
                [36m/>[39m
                [36m<path[39m
                  [33md[39m=[32m"M8 6h.01"[39m
                [36m/>[39m
                [36m<path[39m
                  [33md[39m=[32m"M16 6h.01"[39m
                [36m/>[39m
                [36m<path[39m
                  [33md[39m=[32m"M12 6h.01"[39m
                [36m/>[39m
                [36m<path[39m
                  [33md[39m=[32m"M12 10h.01"[39m
                [36m/>[39m
                [36m<path[39m
                  [33md[39m=[32m"M12 14h.01"[39m
                [36m/>[39m
                [36m<path[39m
                  [33md[39m=[32m"M16 10h.01"[39m
                [36m/>[39m
                [36m<path[39m
                  [33md[39m=[32m"M16 14h.01"[39m
                [36m/>[39m
                [36m<path[39m
                  [33md[39m=[32m"M8 10h.01"[39m
                [36m/>[39m
                [36m<path[39m
                  [33md[39m=[32m"M8 14h.01"[39m
                [36m/>[39m
              [36m</svg>[39m
              [0mEstates Verification Task[0m
            [36m</h4>[39m
            [36m<p[39m
              [33mclass[39m=[32m"text-sm text-blue-800"[39m
            [36m>[39m
              [0mEnsure all form details are correctly entered. Verify contact information, farm details, and document submissions are complete and accurate.[0m
            [36m</p>[39m
          [36m</div>[39m
          [36m<div>[39m
            [36m<label[39m
              [33mclass[39m=[32m"block font-bold text-gray-700 mb-2"[39m
            [36m>[39m
              [0mVerification Notes (Optional)[0m
            [36m</label>[39m
            [36m<textarea[39m
              [33mclass[39m=[32m"input w-full h-24"[39m
              [33mplaceholder[39m=[32m"Add any notes about this verification..."[39m
            [36m/>[39m
          [36m</div>[39m
          [36m<div[39m
            [33mclass[39m=[32m"flex gap-4 pt-4 border-t"[39m
          [36m>[39m
            [36m<button[39m
              [33mclass[39m=[32m"btn bg-green-600 text-white hover:bg-green-700 flex-1 py-3 font-bold"[39m
            [36m>[39m
              [36m<svg[39m
                [33mclass[39m=[32m"lucide lucide-check inline mr-2"[39m
                [33mfill[39m=[32m"none"[39m
                [33mheight[39m=[32m"20"[39m
                [33mstroke[39m=[32m"currentColor"[39m
                [33mstroke-linecap[39m=[32m"round"[39m
                [33mstroke-linejoin[39m=[32m"round"[39m
                [33mstroke-width[39m=[32m"2"[39m
                [33mviewBox[39m=[32m"0 0 24 24"[39m
                [33mwidth[39m=[32m"20"[39m
                [33mxmlns[39m=[32m"http://www.w3.org/2000/svg"[39m
              [36m>[39m
                [36m<path[39m
                  [33md[39m=[32m"M20 6 9 17l-5-5"[39m
                [36m/>[39m
              [36m</svg>[39m
              [0mVerify Form - Details Correct[0m
            [36m</button>[39m
            [36m<button[39m
              [33mclass[39m=[32m"btn bg-red-600 text-white hover:bg-red-700 flex-1 py-3 font-bold"[39m
            [36m>[39m
              [36m<svg[39m
                [33mclass[39m=[32m"lucide lucide-x inline mr-2"[39m
                [33mfill[39m=[32m"none"[39m
                [33mheight[39m=[32m"20"[39m
                [33mstroke[39m=[32m"currentColor"[39m
                [33mstroke-linecap[39m=[32m"round"[39m
                [33mstroke-linejoin[39m=[32m"round"[39m
                [33mstroke-width[39m=[32m"2"[39m
                [33mviewBox[39m=[32m"0 0 24 24"[39m
                [33mwidth[39m=[32m"20"[39m
                [33mxmlns[39m=[32m"http://www.w3.org/2000/svg"[39m
              [36m>[39m
                [36m<path[39m
                  [33md[39m=[32m"M18 6 6 18"[39m
                [36m/>[39m
                [36m<path[39m
                  [33md[39m=[32m"m6 6 12 12"[39m
                [36m/>[39m
              [36m</svg>[39m
              [0mRequest Corrections[0m
            [36m</button>[39m
          [36m</div>[39m
        [36m</div>[39m
      [36m</div>[39m
    [36m</div>[39m
  [36m</div>[39m
[36m</body>[39m
 ❯ Object.getElementError node_modules/@testing-library/dom/dist/config.js:37:19
 ❯ getElementError node_modules/@testing-library/dom/dist/query-helpers.js:20:35
 ❯ getMultipleElementsFoundError node_modules/@testing-library/dom/dist/query-helpers.js:23:10
 ❯ node_modules/@testing-library/dom/dist/query-helpers.js:55:13
 ❯ node_modules/@testing-library/dom/dist/query-helpers.js:95:19
 ❯ src/components/roles/EstatesInterface.test.jsx:132:37
    130|         )
    131| 
    132|         const verifyButton = screen.getByText(/Verify/i)
       |                                     ^
    133|         fireEvent.click(verifyButton)
    134| 

⎯⎯⎯⎯⎯⎯⎯⎯⎯⎯⎯⎯⎯⎯⎯⎯⎯⎯⎯⎯⎯⎯[11/28]⎯

 FAIL  src/components/roles/LIMSInterface.test.jsx > LIMSInterface > renders the LIMS interface correctly
TestingLibraryElementError: Unable to find an element with the text: /LIMS Officer/i. This could be because the text is broken up by multiple elements. In this case, you can provide a function for your text matcher to make your matcher more flexible.

Ignored nodes: comments, script, style
[36m<body>[39m
  [36m<div>[39m
    [36m<div[39m
      [33mclass[39m=[32m"fixed inset-0 bg-black bg-opacity-50 flex items-center justify-center z-50 p-4"[39m
    [36m>[39m
      [36m<div[39m
        [33mclass[39m=[32m"card max-w-3xl w-full max-h-[90vh] overflow-y-auto"[39m
      [36m>[39m
        [36m<div[39m
          [33mclass[39m=[32m"flex justify-between items-center mb-6 pb-4 border-b sticky top-0 bg-white z-10"[39m
        [36m>[39m
          [36m<h3[39m
            [33mclass[39m=[32m"text-2xl font-bold text-emerald-700"[39m
          [36m>[39m
            [0mLIMS Verification[0m
          [36m</h3>[39m
          [36m<button[39m
            [33mclass[39m=[32m"text-gray-500 hover:text-gray-700"[39m
          [36m>[39m
            [36m<svg[39m
              [33mclass[39m=[32m"lucide lucide-x"[39m
              [33mfill[39m=[32m"none"[39m
              [33mheight[39m=[32m"24"[39m
              [33mstroke[39m=[32m"currentColor"[39m
              [33mstroke-linecap[39m=[32m"round"[39m
              [33mstroke-linejoin[39m=[32m"round"[39m
              [33mstroke-width[39m=[32m"2"[39m
              [33mviewBox[39m=[32m"0 0 24 24"[39m
              [33mwidth[39m=[32m"24"[39m
              [33mxmlns[39m=[32m"http://www.w3.org/2000/svg"[39m
            [36m>[39m
              [36m<path[39m
                [33md[39m=[32m"M18 6 6 18"[39m
              [36m/>[39m
              [36m<path[39m
                [33md[39m=[32m"m6 6 12 12"[39m
              [36m/>[39m
            [36m</svg>[39m
          [36m</button>[39m
        [36m</div>[39m
        [36m<div[39m
          [33mclass[39m=[32m"space-y-6"[39m
        [36m>[39m
          [36m<div>[39m
            [36m<h4[39m
              [33mclass[39m=[32m"text-emerald-700 font-bold mb-3 flex items-center gap-2"[39m
            [36m>[39m
              [36m<svg[39m
                [33mclass[39m=[32m"lucide lucide-user"[39m
                [33mfill[39m=[32m"none"[39m
                [33mheight[39m=[32m"18"[39m
                [33mstroke[39m=[32m"currentColor"[39m
                [33mstroke-linecap[39m=[32m"round"[39m
                [33mstroke-linejoin[39m=[32m"round"[39m
                [33mstroke-width[39m=[32m"2"[39m
                [33mviewBox[39m=[32m"0 0 24 24"[39m
                [33mwidth[39m=[32m"18"[39m
                [33mxmlns[39m=[32m"http://www.w3.org/2000/svg"[39m
              [36m>[39m
                [36m<path[39m
                  [33md[39m=[32m"M19 21v-2a4 4 0 0 0-4-4H9a4 4 0 0 0-4 4v2"[39m
                [36m/>[39m
                [36m<circle[39m
                  [33mcx[39m=[32m"12"[39m
                  [33mcy[39m=[32m"7"[39m
                  [33mr[39m=[32m"4"[39m
                [36m/>[39m
              [36m</svg>[39m
              [0m Applicant Information[0m
            [36m</h4>[39m
            [36m<div[39m
              [33mclass[39m=[32m"grid grid-cols-2 gap-4 bg-gray-50 p-4 rounded-xl"[39m
            [36m>[39m
              [36m<div>[39m
                [36m<p[39m
                  [33mclass[39m=[32m"text-xs text-gray-500 uppercase font-bold"[39m
                [36m>[39m
                  [0mFull Name[0m
                [36m</p>[39m
                [36m<p[39m
                  [33mclass[39m=[32m"font-semibold"[39m
                [36m>[39m
                  [0mJohn Doe[0m
                [36m</p>[39m
              [36m</div>[39m
              [36m<div>[39m
                [36m<p[39m
                  [33mclass[39m=[32m"text-xs text-gray-500 uppercase font-bold"[39m
                [36m>[39m
                  [0mNational ID[0m
                [36m</p>[39m
                [36m<p[39m
                  [33mclass[39m=[32m"font-semibold"[39m
                [36m>[39m
                  [0m12-345678-A-12[0m
                [36m</p>[39m
              [36m</div>[39m
              [36m<div>[39m
                [36m<p[39m
                  [33mclass[39m=[32m"text-xs text-gray-500 uppercase font-bold"[39m
                [36m>[39m
                  [0mFarm Name[0m
                [36m</p>[39m
                [36m<p[39m
                  [33mclass[39m=[32m"font-semibold"[39m
                [36m>[39m
                  [0mTest Farm[0m
                [36m</p>[39m
              [36m</div>[39m
              [36m<div>[39m
                [36m<p[39m
                  [33mclass[39m=[32m"text-xs text-gray-500 uppercase font-bold"[39m
                [36m>[39m
                  [0mDistrict[0m
                [36m</p>[39m
                [36m<p[39m
                  [33mclass[39m=[32m"font-semibold"[39m
                [36m>[39m
                  [0mHarare[0m
                [36m</p>[39m
              [36m</div>[39m
              [36m<div>[39m
                [36m<p[39m
                  [33mclass[39m=[32m"text-xs text-gray-500 uppercase font-bold"[39m
                [36m>[39m
                  [0mFarm ID[0m
                [36m</p>[39m
                [36m<p[39m
                  [33mclass[39m=[32m"font-semibold text-emerald-600"[39m
                [36m>[39m
                  [0mFRM-001[0m
                [36m</p>[39m
              [36m</div>[39m
              [36m<div>[39m
                [36m<p[39m
                  [33mclass[39m=[32m"text-xs text-gray-500 uppercase font-bold"[39m
                [36m>[39m
                  [0mExtent (Ha)[0m
                [36m</p>[39m
                [36m<p[39m
                  [33mclass[39m=[32m"font-semibold"[39m
                [36m>[39m
                  [0m100.0000[0m
                [36m</p>[39m
              [36m</div>[39m
            [36m</div>[39m
          [36m</div>[39m
          [36m<div[39m
            [33mclass[39m=[32m"bg-blue-50 p-4 rounded-xl border border-blue-200"[39m
          [36m>[39m
            [36m<h4[39m
              [33mclass[39m=[32m"font-bold text-blue-900 mb-2"[39m
            [36m>[39m
              [0mLIMS Verification Task[0m
            [36m</h4>[39m
            [36m<p[39m
              [33mclass[39m=[32m"text-sm text-blue-800"[39m
            [36m>[39m
              [0mVerify that the farm with ID [0m
              [36m<strong>[39m
                [0mFRM-001[0m
              [36m</strong>[39m
              [0m exists in the LIMS database. Check for double allocations, deceased farm owners, or missing records.[0m
            [36m</p>[39m
          [36m</div>[39m
          [36m<div>[39m
            [36m<h4[39m
              [33mclass[39m=[32m"text-emerald-700 font-bold mb-3 flex items-center gap-2"[39m
            [36m>[39m
              [36m<svg[39m
                [33mclass[39m=[32m"lucide lucide-file-text"[39m
                [33mfill[39m=[32m"none"[39m
                [33mheight[39m=[32m"18"[39m
                [33mstroke[39m=[32m"currentColor"[39m
                [33mstroke-linecap[39m=[32m"round"[39m
                [33mstroke-linejoin[39m=[32m"round"[39m
                [33mstroke-width[39m=[32m"2"[39m
                [33mviewBox[39m=[32m"0 0 24 24"[39m
                [33mwidth[39m=[32m"18"[39m
                [33mxmlns[39m=[32m"http://www.w3.org/2000/svg"[39m
              [36m>[39m
                [36m<path[39m
                  [33md[39m=[32m"M15 2H6a2 2 0 0 0-2 2v16a2 2 0 0 0 2 2h12a2 2 0 0 0 2-2V7Z"[39m
                [36m/>[39m
                [36m<path[39m
                  [33md[39m=[32m"M14 2v4a2 2 0 0 0 2 2h4"[39m
                [36m/>[39m
                [36m<path[39m
                  [33md[39m=[32m"M10 9H8"[39m
                [36m/>[39m
                [36m<path[39m
                  [33md[39m=[32m"M16 13H8"[39m
                [36m/>[39m
                [36m<path[39m
                  [33md[39m=[32m"M16 17H8"[39m
                [36m/>[39m
              [36m</svg>[39m
              [0m Submitted Documents[0m
            [36m</h4>[39m
            [36m<div[39m
              [33mclass[39m=[32m"grid grid-cols-2 gap-3"[39m
            [36m/>[39m
          [36m</div>[39m
          [36m<div[39m
            [33mclass[39m=[32m"flex gap-4 pt-4 border-t sticky bottom-0 bg-white"[39m
          [36m>[39m
            [36m<button[39m
              [33mclass[39m=[32m"btn bg-green-600 text-white hover:bg-green-700 flex-1 py-3 font-bold disabled:bg-gray-300"[39m
            [36m>[39m
              [36m<svg[39m
                [33mclass[39m=[32m"lucide lucide-check inline mr-2"[39m
                [33mfill[39m=[32m"none"[39m
                [33mheight[39m=[32m"20"[39m
                [33mstroke[39m=[32m"currentColor"[39m
                [33mstroke-linecap[39m=[32m"round"[39m
                [33mstroke-linejoin[39m=[32m"round"[39m
                [33mstroke-width[39m=[32m"2"[39m
                [33mviewBox[39m=[32m"0 0 24 24"[39m
                [33mwidth[39m=[32m"20"[39m
                [33mxmlns[39m=[32m"http://www.w3.org/2000/svg"[39m
              [36m>[39m
                [36m<path[39m
                  [33md[39m=[32m"M20 6 9 17l-5-5"[39m
                [36m/>[39m
              [36m</svg>[39m
              [0mVerify - Farm Found[0m
            [36m</button>[39m
            [36m<button[39m
              [33mclass[39m=[32m"btn bg-red-600 text-white hover:bg-red-700 flex-1 py-3 font-bold"[39m
            [36m>[39m
              [36m<svg[39m
                [33mclass[39m=[32m"lucide lucide-x inline mr-2"[39m
                [33mfill[39m=[32m"none"[39m
                [33mheight[39m=[32m"20"[39m
                [33mstroke[39m=[32m"currentColor"[39m
                [33mstroke-linecap[39m=[32m"round"[39m
                [33mstroke-linejoin[39m=[32m"round"[39m
                [33mstroke-width[39m=[32m"2"[39m
                [33mviewBox[39m=[32m"0 0 24 24"[39m
                [33mwidth[39m=[32m"20"[39m
                [33mxmlns[39m=[32m"http://www.w3.org/2000/svg"[39m
              [36m>[39m
                [36m<path[39m
                  [33md[39m=[32m"M18 6 6 18"[39m
                [36m/>[39m
                [36m<path[39m
                  [33md[39m=[32m"m6 6 12 12"[39m
                [36m/>[39m
              [36m</svg>[39m
              [0mReject Application[0m
            [36m</button>[39m
          [36m</div>[39m
        [36m</div>[39m
      [36m</div>[39m
    [36m</div>[39m
  [36m</div>[39m
[36m</body>[39m
 ❯ Object.getElementError node_modules/@testing-library/dom/dist/config.js:37:19
 ❯ node_modules/@testing-library/dom/dist/query-helpers.js:76:38
 ❯ node_modules/@testing-library/dom/dist/query-helpers.js:52:17
 ❯ node_modules/@testing-library/dom/dist/query-helpers.js:95:19
 ❯ src/components/roles/LIMSInterface.test.jsx:37:23
     35|         )
     36| 
     37|         expect(screen.getByText(/LIMS Officer/i)).toBeInTheDocument()
       |                       ^
     38|         expect(screen.getByText('John Doe')).toBeInTheDocument()
     39|     })

⎯⎯⎯⎯⎯⎯⎯⎯⎯⎯⎯⎯⎯⎯⎯⎯⎯⎯⎯⎯⎯⎯[12/28]⎯

 FAIL  src/components/roles/LIMSInterface.test.jsx > LIMSInterface > verifies LIMS successfully
AssertionError: expected "vi.fn()" to be called with arguments: [ …(2) ]

Received: 

  1st vi.fn() call:

  [
    "/api/applications/1/verify_lims/",
-   Any<Object>,
  ]


Number of calls: 1


Ignored nodes: comments, script, style
[36m<html>[39m
  [36m<head />[39m
  [36m<body>[39m
    [36m<div>[39m
      [36m<div[39m
        [33mclass[39m=[32m"fixed inset-0 bg-black bg-opacity-50 flex items-center justify-center z-50 p-4"[39m
      [36m>[39m
        [36m<div[39m
          [33mclass[39m=[32m"card max-w-3xl w-full max-h-[90vh] overflow-y-auto"[39m
        [36m>[39m
          [36m<div[39m
            [33mclass[39m=[32m"flex justify-between items-center mb-6 pb-4 border-b sticky top-0 bg-white z-10"[39m
          [36m>[39m
            [36m<h3[39m
              [33mclass[39m=[32m"text-2xl font-bold text-emerald-700"[39m
            [36m>[39m
              [0mLIMS Verification[0m
            [36m</h3>[39m
            [36m<button[39m
              [33mclass[39m=[32m"text-gray-500 hover:text-gray-700"[39m
            [36m>[39m
              [36m<svg[39m
                [33mclass[39m=[32m"lucide lucide-x"[39m
                [33mfill[39m=[32m"none"[39m
                [33mheight[39m=[32m"24"[39m
                [33mstroke[39m=[32m"currentColor"[39m
                [33mstroke-linecap[39m=[32m"round"[39m
                [33mstroke-linejoin[39m=[32m"round"[39m
                [33mstroke-width[39m=[32m"2"[39m
                [33mviewBox[39m=[32m"0 0 24 24"[39m
                [33mwidth[39m=[32m"24"[39m
                [33mxmlns[39m=[32m"http://www.w3.org/2000/svg"[39m
              [36m>[39m
                [36m<path[39m
                  [33md[39m=[32m"M18 6 6 18"[39m
                [36m/>[39m
                [36m<path[39m
                  [33md[39m=[32m"m6 6 12 12"[39m
                [36m/>[39m
              [36m</svg>[39m
            [36m</button>[39m
          [36m</div>[39m
          [36m<div[39m
            [33mclass[39m=[32m"space-y-6"[39m
          [36m>[39m
            [36m<div>[39m
              [36m<h4[39m
                [33mclass[39m=[32m"text-emerald-700 font-bold mb-3 flex items-center gap-2"[39m
              [36m>[39m
                [36m<svg[39m
                  [33mclass[39m=[32m"lucide lucide-user"[39m
                  [33mfill[39m=[32m"none"[39m
                  [33mheight[39m=[32m"18"[39m
                  [33mstroke[39m=[32m"currentColor"[39m
                  [33mstroke-linecap[39m=[32m"round"[39m
                  [33mstroke-linejoin[39m=[32m"round"[39m
                  [33mstroke-width[39m=[32m"2"[39m
                  [33mviewBox[39m=[32m"0 0 24 24"[39m
                  [33mwidth[39m=[32m"18"[39m
                  [33mxmlns[39m=[32m"http://www.w3.org/2000/svg"[39m
                [36m>[39m
                  [36m<path[39m
                    [33md[39m=[32m"M19 21v-2a4 4 0 0 0-4-4H9a4 4 0 0 0-4 4v2"[39m
                  [36m/>[39m
                  [36m<circle[39m
                    [33mcx[39m=[32m"12"[39m
                    [33mcy[39m=[32m"7"[39m
                    [33mr[39m=[32m"4"[39m
                  [36m/>[39m
                [36m</svg>[39m
                [0m Applicant Information[0m
              [36m</h4>[39m
              [36m<div[39m
                [33mclass[39m=[32m"grid grid-cols-2 gap-4 bg-gray-50 p-4 rounded-xl"[39m
              [36m>[39m
                [36m<div>[39m
                  [36m<p[39m
                    [33mclass[39m=[32m"text-xs text-gray-500 uppercase font-bold"[39m
                  [36m>[39m
                    [0mFull Name[0m
                  [36m</p>[39m
                  [36m<p[39m
                    [33mclass[39m=[32m"font-semibold"[39m
                  [36m>[39m
                    [0mJohn Doe[0m
                  [36m</p>[39m
                [36m</div>[39m
                [36m<div>[39m
                  [36m<p[39m
                    [33mclass[39m=[32m"text-xs text-gray-500 uppercase font-bold"[39m
                  [36m>[39m
                    [0mNational ID[0m
                  [36m</p>[39m
                  [36m<p[39m
                    [33mclass[39m=[32m"font-semibold"[39m
                  [36m>[39m
                    [0m12-345678-A-12[0m
                  [36m</p>[39m
                [36m</div>[39m
                [36m<div>[39m
                  [36m<p[39m
                    [33mclass[39m=[32m"text-xs text-gray-500 uppercase font-bold"[39m
                  [36m>[39m
                    [0mFarm Name[0m
                  [36m</p>[39m
                  [36m<p[39m
                    [33mclass[39m=[32m"font-semibold"[39m
                  [36m>[39m
                    [0mTest Farm[0m
                  [36m</p>[39m
                [36m</div>[39m
                [36m<div>[39m
                  [36m<p[39m
                    [33mclass[39m=[32m"text-xs text-gray-500 uppercase font-bold"[39m
                  [36m>[39m
                    [0mDistrict[0m
                  [36m</p>[39m
                  [36m<p[39m
                    [33mclass[39m=[32m"font-semibold"[39m
                  [36m>[39m
                    [0mHarare[0m
                  [36m</p>[39m
                [36m</div>[39m
                [36m<div>[39m
                  [36m<p[39m
                    [33mclass[39m=[32m"text-xs text-gray-500 uppercase font-bold"[39m
                  [36m>[39m
                    [0mFarm ID[0m
                  [36m</p>[39m
                  [36m<p[39m
                    [33mclass[39m=[32m"font-semibold text-emerald-600"[39m
                  [36m>[39m
                    [0mFRM-001[0m
                  [36m</p>[39m
                [36m</div>[39m
                [36m<div>[39m
                  [36m<p[39m
                    [33mclass[39m=[32m"text-xs text-gray-500 uppercase font-bold"[39m
                  [36m>[39m
                    [0mExtent (Ha)[0m
                  [36m</p>[39m
                  [36m<p[39m
                    [33mclass[39m=[32m"font-semibold"[39m
                  [36m>[39m
                    [0m100.0000[0m
                  [36m</p>[39m
                [36m</div>[39m
              [36m</div>[39m
            [36m</div>[39m
            [36m<div[39m
              [33mclass[39m=[32m"bg-blue-50 p-4 rounded-xl border border-blue-200"[39m
            [36m>[39m
              [36m<h4[39m
                [33mclass[39m=[32m"font-bold text-blue-900 mb-2"[39m
              [36m>[39m
                [0mLIMS Verification Task[0m
              [36m</h4>[39m
              [36m<p[39m
                [33mclass[39m=[32m"text-sm text-blue-800"[39m
              [36m>[39m
                [0mVerify that the farm with ID [0m
                [36m<strong>[39m
                  [0mFRM-001[0m
                [36m</strong>[39m
                [0m exists in the LIMS database. Check for double allocations, deceased farm owners, or missing records.[0m
              [36m</p>[39m
            [36m</div>[39m
            [36m<div>[39m
              [36m<h4[39m
                [33mclass[39m=[32m"text-emerald-700 font-bold mb-3 flex items-center gap-2"[39m
              [36m>[39m
                [36m<svg[39m
                  [33mclass[39m=[32m"lucide lucide-file-text"[39m
                  [33mfill[39m=[32m"none"[39m
                  [33mheight[39m=[32m"18"[39m
                  [33mstroke[39m=[32m"currentColor"[39m
                  [33mstroke-linecap[39m=[32m"round"[39m
                  [33mstroke-linejoin[39m=[32m"round"[39m
                  [33mstroke-width[39m=[32m"2"[39m
                  [33mviewBox[39m=[32m"0 0 24 24"[39m
                  [33mwidth[39m=[32m"18"[39m
                  [33mxmlns[39m=[32m"http://www.w3.org/2000/svg"[39m
                [36m>[39m
                  [36m<path[39m
                    [33md[39m=[32m"M15 2H6a2 2 0 0 0-2 2v16a2 2 0 0 0 2 2h12a2 2 0 0 0 2-2V7Z"[39m
                  [36m/>[39m
                  [36m<path[39m
                    [33md[39m=[32m"M14 2v4a2 2 0 0 0 2 2h4"[39m
                  [36m/>[39m
                  [36m<path[39m
                    [33md[39m=[32m"M10 9H8"[39m
                  [36m/>[39m
                  [36m<path[39m
                    [33md[39m=[32m"M16 13H8"[39m
                  [36m/>[39m
                  [36m<path[39m
                    [33md[39m=[32m"M16 17H8"[39m
                  [36m/>[39m
                [36m</svg>[39m
                [0m Submitted Documents[0m
              [36m</h4>[39m
              [36m<div[39m
                [33mclass[39m=[32m"grid grid-cols-2 gap-3"[39m
              [36m/>[39m
            [36m</div>[39m
            [36m<div[39m
              [33mclass[39m=[32m"flex gap-4 pt-4 border-t sticky bottom-0 bg-white"[39m
            [36m>[39m
              [36m<button[39m
                [33mclass[39m=[32m"btn bg-green-600 text-white hover:bg-green-700 flex-1 py-3 font-bold disabled:bg-gray-300"[39m
              [36m>[39m
                [36m<svg[39m
                  [33mclass[39m=[32m"lucide lucide-check inline mr-2"[39m
                  [33mfill[39m=[32m"none"[39m
                  [33mheight[39m=[32m"20"[39m
                  [33mstroke[39m=[32m"currentColor"[39m
                  [33mstroke-linecap[39m=[32m"round"[39m
                  [33mstroke-linejoin[39m=[32m"round"[39m
                  [33mstroke-width[39m=[32m"2"[39m
                  [33mviewBox[39m=[32m"0 0 24 24"[39m
                  [33mwidth[39m=[32m"20"[39m
                  [33mxmlns[39m=[32m"http://www.w3.org/2000/svg"[39m
                [36m>[39m
                  [36m<path[39m
                    [33md[39m=[32m"M20 6 9 17l-5-5"[39m
                  [36m/>[39m
                [36m</svg>[39m
                [0mVerify - Farm Found[0m
              [36m</button>[39m
              [36m<button[39m
                [33mclass[39m=[32m"btn bg-red-600 text-white hover:bg-red-700 flex-1 py-3 font-bold"[39m
              [36m>[39m
                [36m<svg[39m
                  [33mclass[39m=[32m"lucide lucide-x inline mr-2"[39m
                  [33mfill[39m=[32m"none"[39m
                  [33mheight[39m=[32m"20"[39m
                  [33mstroke[39m=[32m"currentColor"[39m
                  [33mstroke-linecap[39m=[32m"round"[39m
                  [33mstroke-linejoin[39m=[32m"round"[39m
                  [33mstroke-width[39m=[32m"2"[39m
                  [33mviewBox[39m=[32m"0 0 24 24"[39m
                  [33mwidth[39m=[32m"20"[39m
                  [33mxmlns[39m=[32m"http://www.w3.org/2000/svg"[39m
                [36m>[39m
                  [36m<path[39m
                    [33md[39m=[32m"M18 6 6 18"[39m
                  [36m/>[39m
                  [36m<path[39m
                    [33md[39m=[32m"m6 6 12 12"[39m
                  [36m/>[39m
                [36m</svg>[39m
                [0mReject Application[0m
              [36m</button>[39m
            [36m</div>[39m
          [36m</div>[39m
        [36m</div>[39m
      [36m</div>[39m
    [36m</div>[39m
  [36m</body>[39m
[36m</html>[39m
 ❯ src/components/roles/LIMSInterface.test.jsx:57:32
     55| 
     56|         await waitFor(() => {
     57|             expect(axios.post).toHaveBeenCalledWith(
       |                                ^
     58|                 `/api/applications/${mockSelectedApp.id}/verify_lims/`,
     59|                 expect.any(Object)
 ❯ runWithExpensiveErrorDiagnosticsDisabled node_modules/@testing-library/dom/dist/config.js:47:12
 ❯ checkCallback node_modules/@testing-library/dom/dist/wait-for.js:124:77
 ❯ Timeout.checkRealTimersCallback node_modules/@testing-library/dom/dist/wait-for.js:118:16

⎯⎯⎯⎯⎯⎯⎯⎯⎯⎯⎯⎯⎯⎯⎯⎯⎯⎯⎯⎯⎯⎯[13/28]⎯

 FAIL  src/components/roles/LIMSInterface.test.jsx > LIMSInterface > validates rejection type is selected
AssertionError: expected "vi.fn()" to be called with arguments: [ 'Please select a rejection reason' ]

Number of calls: 0


Ignored nodes: comments, script, style
[36m<html>[39m
  [36m<head />[39m
  [36m<body>[39m
    [36m<div>[39m
      [36m<div[39m
        [33mclass[39m=[32m"fixed inset-0 bg-black bg-opacity-50 flex items-center justify-center z-50 p-4"[39m
      [36m>[39m
        [36m<div[39m
          [33mclass[39m=[32m"card max-w-3xl w-full max-h-[90vh] overflow-y-auto"[39m
        [36m>[39m
          [36m<div[39m
            [33mclass[39m=[32m"flex justify-between items-center mb-6 pb-4 border-b sticky top-0 bg-white z-10"[39m
          [36m>[39m
            [36m<h3[39m
              [33mclass[39m=[32m"text-2xl font-bold text-emerald-700"[39m
            [36m>[39m
              [0mReject Application - LIMS[0m
            [36m</h3>[39m
            [36m<button[39m
              [33mclass[39m=[32m"text-gray-500 hover:text-gray-700"[39m
            [36m>[39m
              [36m<svg[39m
                [33mclass[39m=[32m"lucide lucide-x"[39m
                [33mfill[39m=[32m"none"[39m
                [33mheight[39m=[32m"24"[39m
                [33mstroke[39m=[32m"currentColor"[39m
                [33mstroke-linecap[39m=[32m"round"[39m
                [33mstroke-linejoin[39m=[32m"round"[39m
                [33mstroke-width[39m=[32m"2"[39m
                [33mviewBox[39m=[32m"0 0 24 24"[39m
                [33mwidth[39m=[32m"24"[39m
                [33mxmlns[39m=[32m"http://www.w3.org/2000/svg"[39m
              [36m>[39m
                [36m<path[39m
                  [33md[39m=[32m"M18 6 6 18"[39m
                [36m/>[39m
                [36m<path[39m
                  [33md[39m=[32m"m6 6 12 12"[39m
                [36m/>[39m
              [36m</svg>[39m
            [36m</button>[39m
          [36m</div>[39m
          [36m<div[39m
            [33mclass[39m=[32m"space-y-6"[39m
          [36m>[39m
            [36m<div[39m
              [33mclass[39m=[32m"bg-red-50 p-4 rounded-xl border border-red-200"[39m
            [36m>[39m
              [36m<h4[39m
                [33mclass[39m=[32m"font-bold text-red-900 mb-2 flex items-center gap-2"[39m
              [36m>[39m
                [36m<svg[39m
                  [33mclass[39m=[32m"lucide lucide-triangle-alert"[39m
                  [33mfill[39m=[32m"none"[39m
                  [33mheight[39m=[32m"18"[39m
                  [33mstroke[39m=[32m"currentColor"[39m
                  [33mstroke-linecap[39m=[32m"round"[39m
                  [33mstroke-linejoin[39m=[32m"round"[39m
                  [33mstroke-width[39m=[32m"2"[39m
                  [33mviewBox[39m=[32m"0 0 24 24"[39m
                  [33mwidth[39m=[32m"18"[39m
                  [33mxmlns[39m=[32m"http://www.w3.org/2000/svg"[39m
                [36m>[39m
                  [36m<path[39m
                    [33md[39m=[32m"m21.73 18-8-14a2 2 0 0 0-3.48 0l-8 14A2 2 0 0 0 4 21h16a2 2 0 0 0 1.73-3"[39m
                  [36m/>[39m
                  [36m<path[39m
                    [33md[39m=[32m"M12 9v4"[39m
                  [36m/>[39m
                  [36m<path[39m
                    [33md[39m=[32m"M12 17h.01"[39m
                  [36m/>[39m
                [36m</svg>[39m
                [0mRejecting Application for [0m
                [0mJohn Doe[0m
              [36m</h4>[39m
              [36m<p[39m
                [33mclass[39m=[32m"text-sm text-red-800"[39m
              [36m>[39m
                [0mPlease select the reason why this application cannot proceed.[0m
              [36m</p>[39m
            [36m</div>[39m
            [36m<div>[39m
              [36m<label[39m
                [33mclass[39m=[32m"block font-bold text-gray-700 mb-2"[39m
              [36m>[39m
                [0mRejection Reason[0m
              [36m</label>[39m
              [36m<select[39m
                [33mclass[39m=[32m"input w-full"[39m
              [36m>[39m
                [36m<option[39m
                  [33mvalue[39m=[32m""[39m
                [36m>[39m
                  [0m-- Select Reason --[0m
                [36m</option>[39m
                [36m<option[39m
                  [33mvalue[39m=[32m"double_allocation"[39m
                [36m>[39m
                  [0mDouble Allocation[0m
                [36m</option>[39m
                [36m<option[39m
                  [33mvalue[39m=[32m"deceased"[39m
                [36m>[39m
                  [0mFarm Owner Deceased[0m
                [36m</option>[39m
                [36m<option[39m
                  [33mvalue[39m=[32m"not_found"[39m
                [36m>[39m
                  [0mFarm Not Found in Database[0m
                [36m</option>[39m
              [36m</select>[39m
            [36m</div>[39m
            [36m<div[39m
              [33mclass[39m=[32m"flex gap-4 pt-4 border-t"[39m
            [36m>[39m
              [36m<button[39m
                [33mclass[39m=[32m"btn bg-gray-200 text-gray-700 hover:bg-gray-300 flex-1 py-3 font-bold"[39m
              [36m>[39m
                [0mBack to Details[0m
              [36m</button>[39m
              [36m<button[39m
                [33mclass[39m=[32m"btn flex-1 py-3 font-bold bg-gray-300 text-gray-500 cursor-not-allowed"[39m
                [33mdisabled[39m=[32m""[39m
              [36m>[39m
                [0mConfirm Rejection[0m
              [36m</button>[39m
            [36m</div>[39m
          [36m</div>[39m
        [36m</div>[39m
      [36m</div>[39m
    [36m</div>[39m
  [36m</body>[39m
[36m</html>[39m
 ❯ src/components/roles/LIMSInterface.test.jsx:116:33
    114| 
    115|         await waitFor(() => {
    116|             expect(mockOnError).toHaveBeenCalledWith('Please select a …
       |                                 ^
    117|         })
    118|     })
 ❯ runWithExpensiveErrorDiagnosticsDisabled node_modules/@testing-library/dom/dist/config.js:47:12
 ❯ checkCallback node_modules/@testing-library/dom/dist/wait-for.js:124:77
 ❯ Timeout.checkRealTimersCallback node_modules/@testing-library/dom/dist/wait-for.js:118:16

⎯⎯⎯⎯⎯⎯⎯⎯⎯⎯⎯⎯⎯⎯⎯⎯⎯⎯⎯⎯⎯⎯[14/28]⎯

 FAIL  src/components/roles/SurveyorInterface.test.jsx > SurveyorInterface > renders the surveyor interface correctly
TestingLibraryElementError: Found multiple elements with the text: /Surveyor General/i

Here are the matching elements:

Ignored nodes: comments, script, style
[36m<h3[39m
  [33mclass[39m=[32m"text-2xl font-bold text-emerald-700"[39m
[36m>[39m
  [0mSurveyor General - Survey Verification[0m
[36m</h3>[39m

Ignored nodes: comments, script, style
[36m<h4[39m
  [33mclass[39m=[32m"font-bold text-blue-900 mb-2 flex items-center gap-2"[39m
[36m>[39m
  [36m<svg[39m
    [33mclass[39m=[32m"lucide lucide-map-pin"[39m
    [33mfill[39m=[32m"none"[39m
    [33mheight[39m=[32m"18"[39m
    [33mstroke[39m=[32m"currentColor"[39m
    [33mstroke-linecap[39m=[32m"round"[39m
    [33mstroke-linejoin[39m=[32m"round"[39m
    [33mstroke-width[39m=[32m"2"[39m
    [33mviewBox[39m=[32m"0 0 24 24"[39m
    [33mwidth[39m=[32m"18"[39m
    [33mxmlns[39m=[32m"http://www.w3.org/2000/svg"[39m
  [36m>[39m
    [36m<path[39m
      [33md[39m=[32m"M20 10c0 4.993-5.539 10.193-7.399 11.799a1 1 0 0 1-1.202 0C9.539 20.193 4 14.993 4 10a8 8 0 0 1 16 0"[39m
    [36m/>[39m
    [36m<circle[39m
      [33mcx[39m=[32m"12"[39m
      [33mcy[39m=[32m"10"[39m
      [33mr[39m=[32m"3"[39m
    [36m/>[39m
  [36m</svg>[39m
  [0mSurveyor General Task[0m
[36m</h4>[39m

(If this is intentional, then use the `*AllBy*` variant of the query (like `queryAllByText`, `getAllByText`, or `findAllByText`)).

Ignored nodes: comments, script, style
[36m<body>[39m
  [36m<div>[39m
    [36m<div[39m
      [33mclass[39m=[32m"fixed inset-0 bg-black bg-opacity-50 flex items-center justify-center z-50 p-4"[39m
    [36m>[39m
      [36m<div[39m
        [33mclass[39m=[32m"card max-w-3xl w-full max-h-[90vh] overflow-y-auto"[39m
      [36m>[39m
        [36m<div[39m
          [33mclass[39m=[32m"flex justify-between items-center mb-6 pb-4 border-b"[39m
        [36m>[39m
          [36m<h3[39m
            [33mclass[39m=[32m"text-2xl font-bold text-emerald-700"[39m
          [36m>[39m
            [0mSurveyor General - Survey Verification[0m
          [36m</h3>[39m
          [36m<button[39m
            [33mclass[39m=[32m"text-gray-500 hover:text-gray-700"[39m
          [36m>[39m
            [36m<svg[39m
              [33mclass[39m=[32m"lucide lucide-x"[39m
              [33mfill[39m=[32m"none"[39m
              [33mheight[39m=[32m"24"[39m
              [33mstroke[39m=[32m"currentColor"[39m
              [33mstroke-linecap[39m=[32m"round"[39m
              [33mstroke-linejoin[39m=[32m"round"[39m
              [33mstroke-width[39m=[32m"2"[39m
              [33mviewBox[39m=[32m"0 0 24 24"[39m
              [33mwidth[39m=[32m"24"[39m
              [33mxmlns[39m=[32m"http://www.w3.org/2000/svg"[39m
            [36m>[39m
              [36m<path[39m
                [33md[39m=[32m"M18 6 6 18"[39m
              [36m/>[39m
              [36m<path[39m
                [33md[39m=[32m"m6 6 12 12"[39m
              [36m/>[39m
            [36m</svg>[39m
          [36m</button>[39m
        [36m</div>[39m
        [36m<div[39m
          [33mclass[39m=[32m"space-y-6"[39m
        [36m>[39m
          [36m<div[39m
            [33mclass[39m=[32m"grid grid-cols-2 gap-4 bg-gray-50 p-4 rounded-xl"[39m
          [36m>[39m
            [36m<div>[39m
              [36m<p[39m
                [33mclass[39m=[32m"text-xs text-gray-500 uppercase font-bold"[39m
              [36m>[39m
                [0mApplicant[0m
              [36m</p>[39m
              [36m<p[39m
                [33mclass[39m=[32m"font-semibold"[39m
              [36m>[39m
                [0mJohn Doe[0m
              [36m</p>[39m
            [36m</div>[39m
            [36m<div>[39m
              [36m<p[39m
                [33mclass[39m=[32m"text-xs text-gray-500 uppercase font-bold"[39m
              [36m>[39m
                [0mCurrent Farm Name[0m
              [36m</p>[39m
              [36m<p[39m
                [33mclass[39m=[32m"font-semibold"[39m
              [36m>[39m
                [0mTest Farm[0m
              [36m</p>[39m
            [36m</div>[39m
            [36m<div>[39m
              [36m<p[39m
                [33mclass[39m=[32m"text-xs text-gray-500 uppercase font-bold"[39m
              [36m>[39m
                [0mCurrent Extent (Ha)[0m
              [36m</p>[39m
              [36m<p[39m
                [33mclass[39m=[32m"font-semibold"[39m
              [36m>[39m
                [0m100.0000[0m
              [36m</p>[39m
            [36m</div>[39m
            [36m<div>[39m
              [36m<p[39m
                [33mclass[39m=[32m"text-xs text-gray-500 uppercase font-bold"[39m
              [36m>[39m
                [0mDistrict[0m
              [36m</p>[39m
              [36m<p[39m
                [33mclass[39m=[32m"font-semibold"[39m
              [36m/>[39m
            [36m</div>[39m
          [36m</div>[39m
          [36m<div[39m
            [33mclass[39m=[32m"bg-blue-50 p-4 rounded-xl border border-blue-200"[39m
          [36m>[39m
            [36m<h4[39m
              [33mclass[39m=[32m"font-bold text-blue-900 mb-2 flex items-center gap-2"[39m
            [36m>[39m
              [36m<svg[39m
                [33mclass[39m=[32m"lucide lucide-map-pin"[39m
                [33mfill[39m=[32m"none"[39m
                [33mheight[39m=[32m"18"[39m
                [33mstroke[39m=[32m"currentColor"[39m
                [33mstroke-linecap[39m=[32m"round"[39m
                [33mstroke-linejoin[39m=[32m"round"[39m
                [33mstroke-width[39m=[32m"2"[39m
                [33mviewBox[39m=[32m"0 0 24 24"[39m
                [33mwidth[39m=[32m"18"[39m
                [33mxmlns[39m=[32m"http://www.w3.org/2000/svg"[39m
              [36m>[39m
                [36m<path[39m
                  [33md[39m=[32m"M20 10c0 4.993-5.539 10.193-7.399 11.799a1 1 0 0 1-1.202 0C9.539 20.193 4 14.993 4 10a8 8 0 0 1 16 0"[39m
                [36m/>[39m
                [36m<circle[39m
                  [33mcx[39m=[32m"12"[39m
                  [33mcy[39m=[32m"10"[39m
                  [33mr[39m=[32m"3"[39m
                [36m/>[39m
              [36m</svg>[39m
              [0mSurveyor General Task[0m
            [36m</h4>[39m
            [36m<p[39m
              [33mclass[39m=[32m"text-sm text-blue-800"[39m
            [36m>[39m
              [0mCheck if the farm has been surveyed. If surveyed, provide the official farm name and exact hectarage. The values you enter will be used for valuation and on the title deed.[0m
            [36m</p>[39m
          [36m</div>[39m
          [36m<div[39m
            [33mclass[39m=[32m"flex gap-4 pt-4 border-t"[39m
          [36m>[39m
            [36m<button[39m
              [33mclass[39m=[32m"btn bg-green-600 text-white hover:bg-green-700 flex-1 py-3 font-bold"[39m
            [36m>[39m
              [36m<svg[39m
                [33mclass[39m=[32m"lucide lucide-check inline mr-2"[39m
                [33mfill[39m=[32m"none"[39m
                [33mheight[39m=[32m"20"[39m
                [33mstroke[39m=[32m"currentColor"[39m
                [33mstroke-linecap[39m=[32m"round"[39m
                [33mstroke-linejoin[39m=[32m"round"[39m
                [33mstroke-width[39m=[32m"2"[39m
                [33mviewBox[39m=[32m"0 0 24 24"[39m
                [33mwidth[39m=[32m"20"[39m
                [33mxmlns[39m=[32m"http://www.w3.org/2000/svg"[39m
              [36m>[39m
                [36m<path[39m
                  [33md[39m=[32m"M20 6 9 17l-5-5"[39m
                [36m/>[39m
              [36m</svg>[39m
              [0mFarm Is Surveyed[0m
            [36m</button>[39m
            [36m<button[39m
              [33mclass[39m=[32m"btn bg-orange-600 text-white hover:bg-orange-700 flex-1 py-3 font-bold"[39m
            [36m>[39m
              [36m<svg[39m
                [33mclass[39m=[32m"lucide lucide-x inline mr-2"[39m
                [33mfill[39m=[32m"none"[39m
                [33mheight[39m=[32m"20"[39m
                [33mstroke[39m=[32m"currentColor"[39m
                [33mstroke-linecap[39m=[32m"round"[39m
                [33mstroke-linejoin[39m=[32m"round"[39m
                [33mstroke-width[39m=[32m"2"[39m
                [33mviewBox[39m=[32m"0 0 24 24"[39m
                [33mwidth[39m=[32m"20"[39m
                [33mxmlns[39m=[32m"http://www.w3.org/2000/svg"[39m
              [36m>[39m
                [36m<path[39m
                  [33md[39m=[32m"M18 6 6 18"[39m
                [36m/>[39m
                [36m<path[39m
                  [33md[39m=[32m"m6 6 12 12"[39m
                [36m/>[39m
              [36m</svg>[39m
              [0mRequest Survey[0m
            [36m</button>[39m
          [36m</div>[39m
        [36m</div>[39m
      [36m</div>[39m
    [36m</div>[39m
  [36m</div>[39m
[36m</body>[39m
 ❯ Object.getElementError node_modules/@testing-library/dom/dist/config.js:37:19
 ❯ getElementError node_modules/@testing-library/dom/dist/query-helpers.js:20:35
 ❯ getMultipleElementsFoundError node_modules/@testing-library/dom/dist/query-helpers.js:23:10
 ❯ node_modules/@testing-library/dom/dist/query-helpers.js:55:13
 ❯ node_modules/@testing-library/dom/dist/query-helpers.js:95:19
 ❯ src/components/roles/SurveyorInterface.test.jsx:35:23
     33|         )
     34| 
     35|         expect(screen.getByText(/Surveyor General/i)).toBeInTheDocumen…
       |                       ^
     36|         expect(screen.getByText('John Doe')).toBeInTheDocument()
     37|     })

⎯⎯⎯⎯⎯⎯⎯⎯⎯⎯⎯⎯⎯⎯⎯⎯⎯⎯⎯⎯⎯⎯[15/28]⎯

 FAIL  src/components/roles/SurveyorInterface.test.jsx > SurveyorInterface > allows entering official farm details
TestingLibraryElementError: Unable to find an element with the placeholder text of: /Enter official farm name/i

Ignored nodes: comments, script, style
[36m<body>[39m
  [36m<div>[39m
    [36m<div[39m
      [33mclass[39m=[32m"fixed inset-0 bg-black bg-opacity-50 flex items-center justify-center z-50 p-4"[39m
    [36m>[39m
      [36m<div[39m
        [33mclass[39m=[32m"card max-w-3xl w-full max-h-[90vh] overflow-y-auto"[39m
      [36m>[39m
        [36m<div[39m
          [33mclass[39m=[32m"flex justify-between items-center mb-6 pb-4 border-b"[39m
        [36m>[39m
          [36m<h3[39m
            [33mclass[39m=[32m"text-2xl font-bold text-emerald-700"[39m
          [36m>[39m
            [0mSurveyor General - Survey Verification[0m
          [36m</h3>[39m
          [36m<button[39m
            [33mclass[39m=[32m"text-gray-500 hover:text-gray-700"[39m
          [36m>[39m
            [36m<svg[39m
              [33mclass[39m=[32m"lucide lucide-x"[39m
              [33mfill[39m=[32m"none"[39m
              [33mheight[39m=[32m"24"[39m
              [33mstroke[39m=[32m"currentColor"[39m
              [33mstroke-linecap[39m=[32m"round"[39m
              [33mstroke-linejoin[39m=[32m"round"[39m
              [33mstroke-width[39m=[32m"2"[39m
              [33mviewBox[39m=[32m"0 0 24 24"[39m
              [33mwidth[39m=[32m"24"[39m
              [33mxmlns[39m=[32m"http://www.w3.org/2000/svg"[39m
            [36m>[39m
              [36m<path[39m
                [33md[39m=[32m"M18 6 6 18"[39m
              [36m/>[39m
              [36m<path[39m
                [33md[39m=[32m"m6 6 12 12"[39m
              [36m/>[39m
            [36m</svg>[39m
          [36m</button>[39m
        [36m</div>[39m
        [36m<div[39m
          [33mclass[39m=[32m"space-y-6"[39m
        [36m>[39m
          [36m<div[39m
            [33mclass[39m=[32m"grid grid-cols-2 gap-4 bg-gray-50 p-4 rounded-xl"[39m
          [36m>[39m
            [36m<div>[39m
              [36m<p[39m
                [33mclass[39m=[32m"text-xs text-gray-500 uppercase font-bold"[39m
              [36m>[39m
                [0mApplicant[0m
              [36m</p>[39m
              [36m<p[39m
                [33mclass[39m=[32m"font-semibold"[39m
              [36m>[39m
                [0mJohn Doe[0m
              [36m</p>[39m
            [36m</div>[39m
            [36m<div>[39m
              [36m<p[39m
                [33mclass[39m=[32m"text-xs text-gray-500 uppercase font-bold"[39m
              [36m>[39m
                [0mCurrent Farm Name[0m
              [36m</p>[39m
              [36m<p[39m
                [33mclass[39m=[32m"font-semibold"[39m
              [36m>[39m
                [0mTest Farm[0m
              [36m</p>[39m
            [36m</div>[39m
            [36m<div>[39m
              [36m<p[39m
                [33mclass[39m=[32m"text-xs text-gray-500 uppercase font-bold"[39m
              [36m>[39m
                [0mCurrent Extent (Ha)[0m
              [36m</p>[39m
              [36m<p[39m
                [33mclass[39m=[32m"font-semibold"[39m
              [36m>[39m
                [0m100.0000[0m
              [36m</p>[39m
            [36m</div>[39m
            [36m<div>[39m
              [36m<p[39m
                [33mclass[39m=[32m"text-xs text-gray-500 uppercase font-bold"[39m
              [36m>[39m
                [0mDistrict[0m
              [36m</p>[39m
              [36m<p[39m
                [33mclass[39m=[32m"font-semibold"[39m
              [36m/>[39m
            [36m</div>[39m
          [36m</div>[39m
          [36m<div[39m
            [33mclass[39m=[32m"bg-blue-50 p-4 rounded-xl border border-blue-200"[39m
          [36m>[39m
            [36m<h4[39m
              [33mclass[39m=[32m"font-bold text-blue-900 mb-2 flex items-center gap-2"[39m
            [36m>[39m
              [36m<svg[39m
                [33mclass[39m=[32m"lucide lucide-map-pin"[39m
                [33mfill[39m=[32m"none"[39m
                [33mheight[39m=[32m"18"[39m
                [33mstroke[39m=[32m"currentColor"[39m
                [33mstroke-linecap[39m=[32m"round"[39m
                [33mstroke-linejoin[39m=[32m"round"[39m
                [33mstroke-width[39m=[32m"2"[39m
                [33mviewBox[39m=[32m"0 0 24 24"[39m
                [33mwidth[39m=[32m"18"[39m
                [33mxmlns[39m=[32m"http://www.w3.org/2000/svg"[39m
              [36m>[39m
                [36m<path[39m
                  [33md[39m=[32m"M20 10c0 4.993-5.539 10.193-7.399 11.799a1 1 0 0 1-1.202 0C9.539 20.193 4 14.993 4 10a8 8 0 0 1 16 0"[39m
                [36m/>[39m
                [36m<circle[39m
                  [33mcx[39m=[32m"12"[39m
                  [33mcy[39m=[32m"10"[39m
                  [33mr[39m=[32m"3"[39m
                [36m/>[39m
              [36m</svg>[39m
              [0mSurveyor General Task[0m
            [36m</h4>[39m
            [36m<p[39m
              [33mclass[39m=[32m"text-sm text-blue-800"[39m
            [36m>[39m
              [0mCheck if the farm has been surveyed. If surveyed, provide the official farm name and exact hectarage. The values you enter will be used for valuation and on the title deed.[0m
            [36m</p>[39m
          [36m</div>[39m
          [36m<div[39m
            [33mclass[39m=[32m"flex gap-4 pt-4 border-t"[39m
          [36m>[39m
            [36m<button[39m
              [33mclass[39m=[32m"btn bg-green-600 text-white hover:bg-green-700 flex-1 py-3 font-bold"[39m
            [36m>[39m
              [36m<svg[39m
                [33mclass[39m=[32m"lucide lucide-check inline mr-2"[39m
                [33mfill[39m=[32m"none"[39m
                [33mheight[39m=[32m"20"[39m
                [33mstroke[39m=[32m"currentColor"[39m
                [33mstroke-linecap[39m=[32m"round"[39m
                [33mstroke-linejoin[39m=[32m"round"[39m
                [33mstroke-width[39m=[32m"2"[39m
                [33mviewBox[39m=[32m"0 0 24 24"[39m
                [33mwidth[39m=[32m"20"[39m
                [33mxmlns[39m=[32m"http://www.w3.org/2000/svg"[39m
              [36m>[39m
                [36m<path[39m
                  [33md[39m=[32m"M20 6 9 17l-5-5"[39m
                [36m/>[39m
              [36m</svg>[39m
              [0mFarm Is Surveyed[0m
            [36m</button>[39m
            [36m<button[39m
              [33mclass[39m=[32m"btn bg-orange-600 text-white hover:bg-orange-700 flex-1 py-3 font-bold"[39m
            [36m>[39m
              [36m<svg[39m
                [33mclass[39m=[32m"lucide lucide-x inline mr-2"[39m
                [33mfill[39m=[32m"none"[39m
                [33mheight[39m=[32m"20"[39m
                [33mstroke[39m=[32m"currentColor"[39m
                [33mstroke-linecap[39m=[32m"round"[39m
                [33mstroke-linejoin[39m=[32m"round"[39m
                [33mstroke-width[39m=[32m"2"[39m
                [33mviewBox[39m=[32m"0 0 24 24"[39m
                [33mwidth[39m=[32m"20"[39m
                [33mxmlns[39m=[32m"http://www.w3.org/2000/svg"[39m
              [36m>[39m
                [36m<path[39m
                  [33md[39m=[32m"M18 6 6 18"[39m
                [36m/>[39m
                [36m<path[39m
                  [33md[39m=[32m"m6 6 12 12"[39m
                [36m/>[39m
              [36m</svg>[39m
              [0mRequest Survey[0m
            [36m</button>[39m
          [36m</div>[39m
        [36m</div>[39m
      [36m</div>[39m
    [36m</div>[39m
  [36m</div>[39m
[36m</body>[39m
 ❯ Object.getElementError node_modules/@testing-library/dom/dist/config.js:37:19
 ❯ node_modules/@testing-library/dom/dist/query-helpers.js:76:38
 ❯ node_modules/@testing-library/dom/dist/query-helpers.js:52:17
 ❯ node_modules/@testing-library/dom/dist/query-helpers.js:95:19
 ❯ src/components/roles/SurveyorInterface.test.jsx:49:34
     47|         )
     48| 
     49|         const nameInput = screen.getByPlaceholderText(/Enter official …
       |                                  ^
     50|         const hectarageInput = screen.getByPlaceholderText(/Enter offi…
     51| 

⎯⎯⎯⎯⎯⎯⎯⎯⎯⎯⎯⎯⎯⎯⎯⎯⎯⎯⎯⎯⎯⎯[16/28]⎯

 FAIL  src/components/roles/SurveyorInterface.test.jsx > SurveyorInterface > confirms survey successfully
TestingLibraryElementError: Unable to find an element with the placeholder text of: /Enter official farm name/i

Ignored nodes: comments, script, style
[36m<body>[39m
  [36m<div>[39m
    [36m<div[39m
      [33mclass[39m=[32m"fixed inset-0 bg-black bg-opacity-50 flex items-center justify-center z-50 p-4"[39m
    [36m>[39m
      [36m<div[39m
        [33mclass[39m=[32m"card max-w-3xl w-full max-h-[90vh] overflow-y-auto"[39m
      [36m>[39m
        [36m<div[39m
          [33mclass[39m=[32m"flex justify-between items-center mb-6 pb-4 border-b"[39m
        [36m>[39m
          [36m<h3[39m
            [33mclass[39m=[32m"text-2xl font-bold text-emerald-700"[39m
          [36m>[39m
            [0mSurveyor General - Survey Verification[0m
          [36m</h3>[39m
          [36m<button[39m
            [33mclass[39m=[32m"text-gray-500 hover:text-gray-700"[39m
          [36m>[39m
            [36m<svg[39m
              [33mclass[39m=[32m"lucide lucide-x"[39m
              [33mfill[39m=[32m"none"[39m
              [33mheight[39m=[32m"24"[39m
              [33mstroke[39m=[32m"currentColor"[39m
              [33mstroke-linecap[39m=[32m"round"[39m
              [33mstroke-linejoin[39m=[32m"round"[39m
              [33mstroke-width[39m=[32m"2"[39m
              [33mviewBox[39m=[32m"0 0 24 24"[39m
              [33mwidth[39m=[32m"24"[39m
              [33mxmlns[39m=[32m"http://www.w3.org/2000/svg"[39m
            [36m>[39m
              [36m<path[39m
                [33md[39m=[32m"M18 6 6 18"[39m
              [36m/>[39m
              [36m<path[39m
                [33md[39m=[32m"m6 6 12 12"[39m
              [36m/>[39m
            [36m</svg>[39m
          [36m</button>[39m
        [36m</div>[39m
        [36m<div[39m
          [33mclass[39m=[32m"space-y-6"[39m
        [36m>[39m
          [36m<div[39m
            [33mclass[39m=[32m"grid grid-cols-2 gap-4 bg-gray-50 p-4 rounded-xl"[39m
          [36m>[39m
            [36m<div>[39m
              [36m<p[39m
                [33mclass[39m=[32m"text-xs text-gray-500 uppercase font-bold"[39m
              [36m>[39m
                [0mApplicant[0m
              [36m</p>[39m
              [36m<p[39m
                [33mclass[39m=[32m"font-semibold"[39m
              [36m>[39m
                [0mJohn Doe[0m
              [36m</p>[39m
            [36m</div>[39m
            [36m<div>[39m
              [36m<p[39m
                [33mclass[39m=[32m"text-xs text-gray-500 uppercase font-bold"[39m
              [36m>[39m
                [0mCurrent Farm Name[0m
              [36m</p>[39m
              [36m<p[39m
                [33mclass[39m=[32m"font-semibold"[39m
              [36m>[39m
                [0mTest Farm[0m
              [36m</p>[39m
            [36m</div>[39m
            [36m<div>[39m
              [36m<p[39m
                [33mclass[39m=[32m"text-xs text-gray-500 uppercase font-bold"[39m
              [36m>[39m
                [0mCurrent Extent (Ha)[0m
              [36m</p>[39m
              [36m<p[39m
                [33mclass[39m=[32m"font-semibold"[39m
              [36m>[39m
                [0m100.0000[0m
              [36m</p>[39m
            [36m</div>[39m
            [36m<div>[39m
              [36m<p[39m
                [33mclass[39m=[32m"text-xs text-gray-500 uppercase font-bold"[39m
              [36m>[39m
                [0mDistrict[0m
              [36m</p>[39m
              [36m<p[39m
                [33mclass[39m=[32m"font-semibold"[39m
              [36m/>[39m
            [36m</div>[39m
          [36m</div>[39m
          [36m<div[39m
            [33mclass[39m=[32m"bg-blue-50 p-4 rounded-xl border border-blue-200"[39m
          [36m>[39m
            [36m<h4[39m
              [33mclass[39m=[32m"font-bold text-blue-900 mb-2 flex items-center gap-2"[39m
            [36m>[39m
              [36m<svg[39m
                [33mclass[39m=[32m"lucide lucide-map-pin"[39m
                [33mfill[39m=[32m"none"[39m
                [33mheight[39m=[32m"18"[39m
                [33mstroke[39m=[32m"currentColor"[39m
                [33mstroke-linecap[39m=[32m"round"[39m
                [33mstroke-linejoin[39m=[32m"round"[39m
                [33mstroke-width[39m=[32m"2"[39m
                [33mviewBox[39m=[32m"0 0 24 24"[39m
                [33mwidth[39m=[32m"18"[39m
                [33mxmlns[39m=[32m"http://www.w3.org/2000/svg"[39m
              [36m>[39m
                [36m<path[39m
                  [33md[39m=[32m"M20 10c0 4.993-5.539 10.193-7.399 11.799a1 1 0 0 1-1.202 0C9.539 20.193 4 14.993 4 10a8 8 0 0 1 16 0"[39m
                [36m/>[39m
                [36m<circle[39m
                  [33mcx[39m=[32m"12"[39m
                  [33mcy[39m=[32m"10"[39m
                  [33mr[39m=[32m"3"[39m
                [36m/>[39m
              [36m</svg>[39m
              [0mSurveyor General Task[0m
            [36m</h4>[39m
            [36m<p[39m
              [33mclass[39m=[32m"text-sm text-blue-800"[39m
            [36m>[39m
              [0mCheck if the farm has been surveyed. If surveyed, provide the official farm name and exact hectarage. The values you enter will be used for valuation and on the title deed.[0m
            [36m</p>[39m
          [36m</div>[39m
          [36m<div[39m
            [33mclass[39m=[32m"flex gap-4 pt-4 border-t"[39m
          [36m>[39m
            [36m<button[39m
              [33mclass[39m=[32m"btn bg-green-600 text-white hover:bg-green-700 flex-1 py-3 font-bold"[39m
            [36m>[39m
              [36m<svg[39m
                [33mclass[39m=[32m"lucide lucide-check inline mr-2"[39m
                [33mfill[39m=[32m"none"[39m
                [33mheight[39m=[32m"20"[39m
                [33mstroke[39m=[32m"currentColor"[39m
                [33mstroke-linecap[39m=[32m"round"[39m
                [33mstroke-linejoin[39m=[32m"round"[39m
                [33mstroke-width[39m=[32m"2"[39m
                [33mviewBox[39m=[32m"0 0 24 24"[39m
                [33mwidth[39m=[32m"20"[39m
                [33mxmlns[39m=[32m"http://www.w3.org/2000/svg"[39m
              [36m>[39m
                [36m<path[39m
                  [33md[39m=[32m"M20 6 9 17l-5-5"[39m
                [36m/>[39m
              [36m</svg>[39m
              [0mFarm Is Surveyed[0m
            [36m</button>[39m
            [36m<button[39m
              [33mclass[39m=[32m"btn bg-orange-600 text-white hover:bg-orange-700 flex-1 py-3 font-bold"[39m
            [36m>[39m
              [36m<svg[39m
                [33mclass[39m=[32m"lucide lucide-x inline mr-2"[39m
                [33mfill[39m=[32m"none"[39m
                [33mheight[39m=[32m"20"[39m
                [33mstroke[39m=[32m"currentColor"[39m
                [33mstroke-linecap[39m=[32m"round"[39m
                [33mstroke-linejoin[39m=[32m"round"[39m
                [33mstroke-width[39m=[32m"2"[39m
                [33mviewBox[39m=[32m"0 0 24 24"[39m
                [33mwidth[39m=[32m"20"[39m
                [33mxmlns[39m=[32m"http://www.w3.org/2000/svg"[39m
              [36m>[39m
                [36m<path[39m
                  [33md[39m=[32m"M18 6 6 18"[39m
                [36m/>[39m
                [36m<path[39m
                  [33md[39m=[32m"m6 6 12 12"[39m
                [36m/>[39m
              [36m</svg>[39m
              [0mRequest Survey[0m
            [36m</button>[39m
          [36m</div>[39m
        [36m</div>[39m
      [36m</div>[39m
    [36m</div>[39m
  [36m</div>[39m
[36m</body>[39m
 ❯ Object.getElementError node_modules/@testing-library/dom/dist/config.js:37:19
 ❯ node_modules/@testing-library/dom/dist/query-helpers.js:76:38
 ❯ node_modules/@testing-library/dom/dist/query-helpers.js:52:17
 ❯ node_modules/@testing-library/dom/dist/query-helpers.js:95:19
 ❯ src/components/roles/SurveyorInterface.test.jsx:71:34
     69|         )
     70| 
     71|         const nameInput = screen.getByPlaceholderText(/Enter official …
       |                                  ^
     72|         const hectarageInput = screen.getByPlaceholderText(/Enter offi…
     73| 

⎯⎯⎯⎯⎯⎯⎯⎯⎯⎯⎯⎯⎯⎯⎯⎯⎯⎯⎯⎯⎯⎯[17/28]⎯

 FAIL  src/components/roles/SurveyorInterface.test.jsx > SurveyorInterface > requests survey successfully
TestingLibraryElementError: Unable to find an element with the placeholder text of: /Survey fee amount/i

Ignored nodes: comments, script, style
[36m<body>[39m
  [36m<div>[39m
    [36m<div[39m
      [33mclass[39m=[32m"fixed inset-0 bg-black bg-opacity-50 flex items-center justify-center z-50 p-4"[39m
    [36m>[39m
      [36m<div[39m
        [33mclass[39m=[32m"card max-w-3xl w-full max-h-[90vh] overflow-y-auto"[39m
      [36m>[39m
        [36m<div[39m
          [33mclass[39m=[32m"flex justify-between items-center mb-6 pb-4 border-b"[39m
        [36m>[39m
          [36m<h3[39m
            [33mclass[39m=[32m"text-2xl font-bold text-emerald-700"[39m
          [36m>[39m
            [0mSurveyor General - Survey Verification[0m
          [36m</h3>[39m
          [36m<button[39m
            [33mclass[39m=[32m"text-gray-500 hover:text-gray-700"[39m
          [36m>[39m
            [36m<svg[39m
              [33mclass[39m=[32m"lucide lucide-x"[39m
              [33mfill[39m=[32m"none"[39m
              [33mheight[39m=[32m"24"[39m
              [33mstroke[39m=[32m"currentColor"[39m
              [33mstroke-linecap[39m=[32m"round"[39m
              [33mstroke-linejoin[39m=[32m"round"[39m
              [33mstroke-width[39m=[32m"2"[39m
              [33mviewBox[39m=[32m"0 0 24 24"[39m
              [33mwidth[39m=[32m"24"[39m
              [33mxmlns[39m=[32m"http://www.w3.org/2000/svg"[39m
            [36m>[39m
              [36m<path[39m
                [33md[39m=[32m"M18 6 6 18"[39m
              [36m/>[39m
              [36m<path[39m
                [33md[39m=[32m"m6 6 12 12"[39m
              [36m/>[39m
            [36m</svg>[39m
          [36m</button>[39m
        [36m</div>[39m
        [36m<div[39m
          [33mclass[39m=[32m"space-y-6"[39m
        [36m>[39m
          [36m<div[39m
            [33mclass[39m=[32m"grid grid-cols-2 gap-4 bg-gray-50 p-4 rounded-xl"[39m
          [36m>[39m
            [36m<div>[39m
              [36m<p[39m
                [33mclass[39m=[32m"text-xs text-gray-500 uppercase font-bold"[39m
              [36m>[39m
                [0mApplicant[0m
              [36m</p>[39m
              [36m<p[39m
                [33mclass[39m=[32m"font-semibold"[39m
              [36m>[39m
                [0mJohn Doe[0m
              [36m</p>[39m
            [36m</div>[39m
            [36m<div>[39m
              [36m<p[39m
                [33mclass[39m=[32m"text-xs text-gray-500 uppercase font-bold"[39m
              [36m>[39m
                [0mCurrent Farm Name[0m
              [36m</p>[39m
              [36m<p[39m
                [33mclass[39m=[32m"font-semibold"[39m
              [36m>[39m
                [0mTest Farm[0m
              [36m</p>[39m
            [36m</div>[39m
            [36m<div>[39m
              [36m<p[39m
                [33mclass[39m=[32m"text-xs text-gray-500 uppercase font-bold"[39m
              [36m>[39m
                [0mCurrent Extent (Ha)[0m
              [36m</p>[39m
              [36m<p[39m
                [33mclass[39m=[32m"font-semibold"[39m
              [36m>[39m
                [0m100.0000[0m
              [36m</p>[39m
            [36m</div>[39m
            [36m<div>[39m
              [36m<p[39m
                [33mclass[39m=[32m"text-xs text-gray-500 uppercase font-bold"[39m
              [36m>[39m
                [0mDistrict[0m
              [36m</p>[39m
              [36m<p[39m
                [33mclass[39m=[32m"font-semibold"[39m
              [36m/>[39m
            [36m</div>[39m
          [36m</div>[39m
          [36m<div[39m
            [33mclass[39m=[32m"bg-blue-50 p-4 rounded-xl border border-blue-200"[39m
          [36m>[39m
            [36m<h4[39m
              [33mclass[39m=[32m"font-bold text-blue-900 mb-2 flex items-center gap-2"[39m
            [36m>[39m
              [36m<svg[39m
                [33mclass[39m=[32m"lucide lucide-map-pin"[39m
                [33mfill[39m=[32m"none"[39m
                [33mheight[39m=[32m"18"[39m
                [33mstroke[39m=[32m"currentColor"[39m
                [33mstroke-linecap[39m=[32m"round"[39m
                [33mstroke-linejoin[39m=[32m"round"[39m
                [33mstroke-width[39m=[32m"2"[39m
                [33mviewBox[39m=[32m"0 0 24 24"[39m
                [33mwidth[39m=[32m"18"[39m
                [33mxmlns[39m=[32m"http://www.w3.org/2000/svg"[39m
              [36m>[39m
                [36m<path[39m
                  [33md[39m=[32m"M20 10c0 4.993-5.539 10.193-7.399 11.799a1 1 0 0 1-1.202 0C9.539 20.193 4 14.993 4 10a8 8 0 0 1 16 0"[39m
                [36m/>[39m
                [36m<circle[39m
                  [33mcx[39m=[32m"12"[39m
                  [33mcy[39m=[32m"10"[39m
                  [33mr[39m=[32m"3"[39m
                [36m/>[39m
              [36m</svg>[39m
              [0mSurveyor General Task[0m
            [36m</h4>[39m
            [36m<p[39m
              [33mclass[39m=[32m"text-sm text-blue-800"[39m
            [36m>[39m
              [0mCheck if the farm has been surveyed. If surveyed, provide the official farm name and exact hectarage. The values you enter will be used for valuation and on the title deed.[0m
            [36m</p>[39m
          [36m</div>[39m
          [36m<div[39m
            [33mclass[39m=[32m"flex gap-4 pt-4 border-t"[39m
          [36m>[39m
            [36m<button[39m
              [33mclass[39m=[32m"btn bg-green-600 text-white hover:bg-green-700 flex-1 py-3 font-bold"[39m
            [36m>[39m
              [36m<svg[39m
                [33mclass[39m=[32m"lucide lucide-check inline mr-2"[39m
                [33mfill[39m=[32m"none"[39m
                [33mheight[39m=[32m"20"[39m
                [33mstroke[39m=[32m"currentColor"[39m
                [33mstroke-linecap[39m=[32m"round"[39m
                [33mstroke-linejoin[39m=[32m"round"[39m
                [33mstroke-width[39m=[32m"2"[39m
                [33mviewBox[39m=[32m"0 0 24 24"[39m
                [33mwidth[39m=[32m"20"[39m
                [33mxmlns[39m=[32m"http://www.w3.org/2000/svg"[39m
              [36m>[39m
                [36m<path[39m
                  [33md[39m=[32m"M20 6 9 17l-5-5"[39m
                [36m/>[39m
              [36m</svg>[39m
              [0mFarm Is Surveyed[0m
            [36m</button>[39m
            [36m<button[39m
              [33mclass[39m=[32m"btn bg-orange-600 text-white hover:bg-orange-700 flex-1 py-3 font-bold"[39m
            [36m>[39m
              [36m<svg[39m
                [33mclass[39m=[32m"lucide lucide-x inline mr-2"[39m
                [33mfill[39m=[32m"none"[39m
                [33mheight[39m=[32m"20"[39m
                [33mstroke[39m=[32m"currentColor"[39m
                [33mstroke-linecap[39m=[32m"round"[39m
                [33mstroke-linejoin[39m=[32m"round"[39m
                [33mstroke-width[39m=[32m"2"[39m
                [33mviewBox[39m=[32m"0 0 24 24"[39m
                [33mwidth[39m=[32m"20"[39m
                [33mxmlns[39m=[32m"http://www.w3.org/2000/svg"[39m
              [36m>[39m
                [36m<path[39m
                  [33md[39m=[32m"M18 6 6 18"[39m
                [36m/>[39m
                [36m<path[39m
                  [33md[39m=[32m"m6 6 12 12"[39m
                [36m/>[39m
              [36m</svg>[39m
              [0mRequest Survey[0m
            [36m</button>[39m
          [36m</div>[39m
        [36m</div>[39m
      [36m</div>[39m
    [36m</div>[39m
  [36m</div>[39m
[36m</body>[39m
 ❯ Object.getElementError node_modules/@testing-library/dom/dist/config.js:37:19
 ❯ node_modules/@testing-library/dom/dist/query-helpers.js:76:38
 ❯ node_modules/@testing-library/dom/dist/query-helpers.js:52:17
 ❯ node_modules/@testing-library/dom/dist/query-helpers.js:95:19
 ❯ src/components/roles/SurveyorInterface.test.jsx:104:33
    102|         )
    103| 
    104|         const feeInput = screen.getByPlaceholderText(/Survey fee amoun…
       |                                 ^
    105|         fireEvent.change(feeInput, { target: { value: '5000' } })
    106| 

⎯⎯⎯⎯⎯⎯⎯⎯⎯⎯⎯⎯⎯⎯⎯⎯⎯⎯⎯⎯⎯⎯[18/28]⎯

 FAIL  src/components/roles/SurveyorInterface.test.jsx > SurveyorInterface > validates required fields for survey confirmation
TestingLibraryElementError: Unable to find an element with the text: /Confirm Survey/i. This could be because the text is broken up by multiple elements. In this case, you can provide a function for your text matcher to make your matcher more flexible.

Ignored nodes: comments, script, style
[36m<body>[39m
  [36m<div>[39m
    [36m<div[39m
      [33mclass[39m=[32m"fixed inset-0 bg-black bg-opacity-50 flex items-center justify-center z-50 p-4"[39m
    [36m>[39m
      [36m<div[39m
        [33mclass[39m=[32m"card max-w-3xl w-full max-h-[90vh] overflow-y-auto"[39m
      [36m>[39m
        [36m<div[39m
          [33mclass[39m=[32m"flex justify-between items-center mb-6 pb-4 border-b"[39m
        [36m>[39m
          [36m<h3[39m
            [33mclass[39m=[32m"text-2xl font-bold text-emerald-700"[39m
          [36m>[39m
            [0mSurveyor General - Survey Verification[0m
          [36m</h3>[39m
          [36m<button[39m
            [33mclass[39m=[32m"text-gray-500 hover:text-gray-700"[39m
          [36m>[39m
            [36m<svg[39m
              [33mclass[39m=[32m"lucide lucide-x"[39m
              [33mfill[39m=[32m"none"[39m
              [33mheight[39m=[32m"24"[39m
              [33mstroke[39m=[32m"currentColor"[39m
              [33mstroke-linecap[39m=[32m"round"[39m
              [33mstroke-linejoin[39m=[32m"round"[39m
              [33mstroke-width[39m=[32m"2"[39m
              [33mviewBox[39m=[32m"0 0 24 24"[39m
              [33mwidth[39m=[32m"24"[39m
              [33mxmlns[39m=[32m"http://www.w3.org/2000/svg"[39m
            [36m>[39m
              [36m<path[39m
                [33md[39m=[32m"M18 6 6 18"[39m
              [36m/>[39m
              [36m<path[39m
                [33md[39m=[32m"m6 6 12 12"[39m
              [36m/>[39m
            [36m</svg>[39m
          [36m</button>[39m
        [36m</div>[39m
        [36m<div[39m
          [33mclass[39m=[32m"space-y-6"[39m
        [36m>[39m
          [36m<div[39m
            [33mclass[39m=[32m"grid grid-cols-2 gap-4 bg-gray-50 p-4 rounded-xl"[39m
          [36m>[39m
            [36m<div>[39m
              [36m<p[39m
                [33mclass[39m=[32m"text-xs text-gray-500 uppercase font-bold"[39m
              [36m>[39m
                [0mApplicant[0m
              [36m</p>[39m
              [36m<p[39m
                [33mclass[39m=[32m"font-semibold"[39m
              [36m>[39m
                [0mJohn Doe[0m
              [36m</p>[39m
            [36m</div>[39m
            [36m<div>[39m
              [36m<p[39m
                [33mclass[39m=[32m"text-xs text-gray-500 uppercase font-bold"[39m
              [36m>[39m
                [0mCurrent Farm Name[0m
              [36m</p>[39m
              [36m<p[39m
                [33mclass[39m=[32m"font-semibold"[39m
              [36m>[39m
                [0mTest Farm[0m
              [36m</p>[39m
            [36m</div>[39m
            [36m<div>[39m
              [36m<p[39m
                [33mclass[39m=[32m"text-xs text-gray-500 uppercase font-bold"[39m
              [36m>[39m
                [0mCurrent Extent (Ha)[0m
              [36m</p>[39m
              [36m<p[39m
                [33mclass[39m=[32m"font-semibold"[39m
              [36m>[39m
                [0m100.0000[0m
              [36m</p>[39m
            [36m</div>[39m
            [36m<div>[39m
              [36m<p[39m
                [33mclass[39m=[32m"text-xs text-gray-500 uppercase font-bold"[39m
              [36m>[39m
                [0mDistrict[0m
              [36m</p>[39m
              [36m<p[39m
                [33mclass[39m=[32m"font-semibold"[39m
              [36m/>[39m
            [36m</div>[39m
          [36m</div>[39m
          [36m<div[39m
            [33mclass[39m=[32m"bg-blue-50 p-4 rounded-xl border border-blue-200"[39m
          [36m>[39m
            [36m<h4[39m
              [33mclass[39m=[32m"font-bold text-blue-900 mb-2 flex items-center gap-2"[39m
            [36m>[39m
              [36m<svg[39m
                [33mclass[39m=[32m"lucide lucide-map-pin"[39m
                [33mfill[39m=[32m"none"[39m
                [33mheight[39m=[32m"18"[39m
                [33mstroke[39m=[32m"currentColor"[39m
                [33mstroke-linecap[39m=[32m"round"[39m
                [33mstroke-linejoin[39m=[32m"round"[39m
                [33mstroke-width[39m=[32m"2"[39m
                [33mviewBox[39m=[32m"0 0 24 24"[39m
                [33mwidth[39m=[32m"18"[39m
                [33mxmlns[39m=[32m"http://www.w3.org/2000/svg"[39m
              [36m>[39m
                [36m<path[39m
                  [33md[39m=[32m"M20 10c0 4.993-5.539 10.193-7.399 11.799a1 1 0 0 1-1.202 0C9.539 20.193 4 14.993 4 10a8 8 0 0 1 16 0"[39m
                [36m/>[39m
                [36m<circle[39m
                  [33mcx[39m=[32m"12"[39m
                  [33mcy[39m=[32m"10"[39m
                  [33mr[39m=[32m"3"[39m
                [36m/>[39m
              [36m</svg>[39m
              [0mSurveyor General Task[0m
            [36m</h4>[39m
            [36m<p[39m
              [33mclass[39m=[32m"text-sm text-blue-800"[39m
            [36m>[39m
              [0mCheck if the farm has been surveyed. If surveyed, provide the official farm name and exact hectarage. The values you enter will be used for valuation and on the title deed.[0m
            [36m</p>[39m
          [36m</div>[39m
          [36m<div[39m
            [33mclass[39m=[32m"flex gap-4 pt-4 border-t"[39m
          [36m>[39m
            [36m<button[39m
              [33mclass[39m=[32m"btn bg-green-600 text-white hover:bg-green-700 flex-1 py-3 font-bold"[39m
            [36m>[39m
              [36m<svg[39m
                [33mclass[39m=[32m"lucide lucide-check inline mr-2"[39m
                [33mfill[39m=[32m"none"[39m
                [33mheight[39m=[32m"20"[39m
                [33mstroke[39m=[32m"currentColor"[39m
                [33mstroke-linecap[39m=[32m"round"[39m
                [33mstroke-linejoin[39m=[32m"round"[39m
                [33mstroke-width[39m=[32m"2"[39m
                [33mviewBox[39m=[32m"0 0 24 24"[39m
                [33mwidth[39m=[32m"20"[39m
                [33mxmlns[39m=[32m"http://www.w3.org/2000/svg"[39m
              [36m>[39m
                [36m<path[39m
                  [33md[39m=[32m"M20 6 9 17l-5-5"[39m
                [36m/>[39m
              [36m</svg>[39m
              [0mFarm Is Surveyed[0m
            [36m</button>[39m
            [36m<button[39m
              [33mclass[39m=[32m"btn bg-orange-600 text-white hover:bg-orange-700 flex-1 py-3 font-bold"[39m
            [36m>[39m
              [36m<svg[39m
                [33mclass[39m=[32m"lucide lucide-x inline mr-2"[39m
                [33mfill[39m=[32m"none"[39m
                [33mheight[39m=[32m"20"[39m
                [33mstroke[39m=[32m"currentColor"[39m
                [33mstroke-linecap[39m=[32m"round"[39m
                [33mstroke-linejoin[39m=[32m"round"[39m
                [33mstroke-width[39m=[32m"2"[39m
                [33mviewBox[39m=[32m"0 0 24 24"[39m
                [33mwidth[39m=[32m"20"[39m
                [33mxmlns[39m=[32m"http://www.w3.org/2000/svg"[39m
              [36m>[39m
                [36m<path[39m
                  [33md[39m=[32m"M18 6 6 18"[39m
                [36m/>[39m
                [36m<path[39m
                  [33md[39m=[32m"m6 6 12 12"[39m
                [36m/>[39m
              [36m</svg>[39m
              [0mRequest Survey[0m
            [36m</button>[39m
          [36m</div>[39m
        [36m</div>[39m
      [36m</div>[39m
    [36m</div>[39m
  [36m</div>[39m
[36m</body>[39m
 ❯ Object.getElementError node_modules/@testing-library/dom/dist/config.js:37:19
 ❯ node_modules/@testing-library/dom/dist/query-helpers.js:76:38
 ❯ node_modules/@testing-library/dom/dist/query-helpers.js:52:17
 ❯ node_modules/@testing-library/dom/dist/query-helpers.js:95:19
 ❯ src/components/roles/SurveyorInterface.test.jsx:131:38
    129|         )
    130| 
    131|         const confirmButton = screen.getByText(/Confirm Survey/i)
       |                                      ^
    132|         fireEvent.click(confirmButton)
    133| 

⎯⎯⎯⎯⎯⎯⎯⎯⎯⎯⎯⎯⎯⎯⎯⎯⎯⎯⎯⎯⎯⎯[19/28]⎯

 FAIL  src/components/roles/SurveyorInterface.test.jsx > SurveyorInterface > handles API error gracefully
TestingLibraryElementError: Unable to find an element with the placeholder text of: /Enter official farm name/i

Ignored nodes: comments, script, style
[36m<body>[39m
  [36m<div>[39m
    [36m<div[39m
      [33mclass[39m=[32m"fixed inset-0 bg-black bg-opacity-50 flex items-center justify-center z-50 p-4"[39m
    [36m>[39m
      [36m<div[39m
        [33mclass[39m=[32m"card max-w-3xl w-full max-h-[90vh] overflow-y-auto"[39m
      [36m>[39m
        [36m<div[39m
          [33mclass[39m=[32m"flex justify-between items-center mb-6 pb-4 border-b"[39m
        [36m>[39m
          [36m<h3[39m
            [33mclass[39m=[32m"text-2xl font-bold text-emerald-700"[39m
          [36m>[39m
            [0mSurveyor General - Survey Verification[0m
          [36m</h3>[39m
          [36m<button[39m
            [33mclass[39m=[32m"text-gray-500 hover:text-gray-700"[39m
          [36m>[39m
            [36m<svg[39m
              [33mclass[39m=[32m"lucide lucide-x"[39m
              [33mfill[39m=[32m"none"[39m
              [33mheight[39m=[32m"24"[39m
              [33mstroke[39m=[32m"currentColor"[39m
              [33mstroke-linecap[39m=[32m"round"[39m
              [33mstroke-linejoin[39m=[32m"round"[39m
              [33mstroke-width[39m=[32m"2"[39m
              [33mviewBox[39m=[32m"0 0 24 24"[39m
              [33mwidth[39m=[32m"24"[39m
              [33mxmlns[39m=[32m"http://www.w3.org/2000/svg"[39m
            [36m>[39m
              [36m<path[39m
                [33md[39m=[32m"M18 6 6 18"[39m
              [36m/>[39m
              [36m<path[39m
                [33md[39m=[32m"m6 6 12 12"[39m
              [36m/>[39m
            [36m</svg>[39m
          [36m</button>[39m
        [36m</div>[39m
        [36m<div[39m
          [33mclass[39m=[32m"space-y-6"[39m
        [36m>[39m
          [36m<div[39m
            [33mclass[39m=[32m"grid grid-cols-2 gap-4 bg-gray-50 p-4 rounded-xl"[39m
          [36m>[39m
            [36m<div>[39m
              [36m<p[39m
                [33mclass[39m=[32m"text-xs text-gray-500 uppercase font-bold"[39m
              [36m>[39m
                [0mApplicant[0m
              [36m</p>[39m
              [36m<p[39m
                [33mclass[39m=[32m"font-semibold"[39m
              [36m>[39m
                [0mJohn Doe[0m
              [36m</p>[39m
            [36m</div>[39m
            [36m<div>[39m
              [36m<p[39m
                [33mclass[39m=[32m"text-xs text-gray-500 uppercase font-bold"[39m
              [36m>[39m
                [0mCurrent Farm Name[0m
              [36m</p>[39m
              [36m<p[39m
                [33mclass[39m=[32m"font-semibold"[39m
              [36m>[39m
                [0mTest Farm[0m
              [36m</p>[39m
            [36m</div>[39m
            [36m<div>[39m
              [36m<p[39m
                [33mclass[39m=[32m"text-xs text-gray-500 uppercase font-bold"[39m
              [36m>[39m
                [0mCurrent Extent (Ha)[0m
              [36m</p>[39m
              [36m<p[39m
                [33mclass[39m=[32m"font-semibold"[39m
              [36m>[39m
                [0m100.0000[0m
              [36m</p>[39m
            [36m</div>[39m
            [36m<div>[39m
              [36m<p[39m
                [33mclass[39m=[32m"text-xs text-gray-500 uppercase font-bold"[39m
              [36m>[39m
                [0mDistrict[0m
              [36m</p>[39m
              [36m<p[39m
                [33mclass[39m=[32m"font-semibold"[39m
              [36m/>[39m
            [36m</div>[39m
          [36m</div>[39m
          [36m<div[39m
            [33mclass[39m=[32m"bg-blue-50 p-4 rounded-xl border border-blue-200"[39m
          [36m>[39m
            [36m<h4[39m
              [33mclass[39m=[32m"font-bold text-blue-900 mb-2 flex items-center gap-2"[39m
            [36m>[39m
              [36m<svg[39m
                [33mclass[39m=[32m"lucide lucide-map-pin"[39m
                [33mfill[39m=[32m"none"[39m
                [33mheight[39m=[32m"18"[39m
                [33mstroke[39m=[32m"currentColor"[39m
                [33mstroke-linecap[39m=[32m"round"[39m
                [33mstroke-linejoin[39m=[32m"round"[39m
                [33mstroke-width[39m=[32m"2"[39m
                [33mviewBox[39m=[32m"0 0 24 24"[39m
                [33mwidth[39m=[32m"18"[39m
                [33mxmlns[39m=[32m"http://www.w3.org/2000/svg"[39m
              [36m>[39m
                [36m<path[39m
                  [33md[39m=[32m"M20 10c0 4.993-5.539 10.193-7.399 11.799a1 1 0 0 1-1.202 0C9.539 20.193 4 14.993 4 10a8 8 0 0 1 16 0"[39m
                [36m/>[39m
                [36m<circle[39m
                  [33mcx[39m=[32m"12"[39m
                  [33mcy[39m=[32m"10"[39m
                  [33mr[39m=[32m"3"[39m
                [36m/>[39m
              [36m</svg>[39m
              [0mSurveyor General Task[0m
            [36m</h4>[39m
            [36m<p[39m
              [33mclass[39m=[32m"text-sm text-blue-800"[39m
            [36m>[39m
              [0mCheck if the farm has been surveyed. If surveyed, provide the official farm name and exact hectarage. The values you enter will be used for valuation and on the title deed.[0m
            [36m</p>[39m
          [36m</div>[39m
          [36m<div[39m
            [33mclass[39m=[32m"flex gap-4 pt-4 border-t"[39m
          [36m>[39m
            [36m<button[39m
              [33mclass[39m=[32m"btn bg-green-600 text-white hover:bg-green-700 flex-1 py-3 font-bold"[39m
            [36m>[39m
              [36m<svg[39m
                [33mclass[39m=[32m"lucide lucide-check inline mr-2"[39m
                [33mfill[39m=[32m"none"[39m
                [33mheight[39m=[32m"20"[39m
                [33mstroke[39m=[32m"currentColor"[39m
                [33mstroke-linecap[39m=[32m"round"[39m
                [33mstroke-linejoin[39m=[32m"round"[39m
                [33mstroke-width[39m=[32m"2"[39m
                [33mviewBox[39m=[32m"0 0 24 24"[39m
                [33mwidth[39m=[32m"20"[39m
                [33mxmlns[39m=[32m"http://www.w3.org/2000/svg"[39m
              [36m>[39m
                [36m<path[39m
                  [33md[39m=[32m"M20 6 9 17l-5-5"[39m
                [36m/>[39m
              [36m</svg>[39m
              [0mFarm Is Surveyed[0m
            [36m</button>[39m
            [36m<button[39m
              [33mclass[39m=[32m"btn bg-orange-600 text-white hover:bg-orange-700 flex-1 py-3 font-bold"[39m
            [36m>[39m
              [36m<svg[39m
                [33mclass[39m=[32m"lucide lucide-x inline mr-2"[39m
                [33mfill[39m=[32m"none"[39m
                [33mheight[39m=[32m"20"[39m
                [33mstroke[39m=[32m"currentColor"[39m
                [33mstroke-linecap[39m=[32m"round"[39m
                [33mstroke-linejoin[39m=[32m"round"[39m
                [33mstroke-width[39m=[32m"2"[39m
                [33mviewBox[39m=[32m"0 0 24 24"[39m
                [33mwidth[39m=[32m"20"[39m
                [33mxmlns[39m=[32m"http://www.w3.org/2000/svg"[39m
              [36m>[39m
                [36m<path[39m
                  [33md[39m=[32m"M18 6 6 18"[39m
                [36m/>[39m
                [36m<path[39m
                  [33md[39m=[32m"m6 6 12 12"[39m
                [36m/>[39m
              [36m</svg>[39m
              [0mRequest Survey[0m
            [36m</button>[39m
          [36m</div>[39m
        [36m</div>[39m
      [36m</div>[39m
    [36m</div>[39m
  [36m</div>[39m
[36m</body>[39m
 ❯ Object.getElementError node_modules/@testing-library/dom/dist/config.js:37:19
 ❯ node_modules/@testing-library/dom/dist/query-helpers.js:76:38
 ❯ node_modules/@testing-library/dom/dist/query-helpers.js:52:17
 ❯ node_modules/@testing-library/dom/dist/query-helpers.js:95:19
 ❯ src/components/roles/SurveyorInterface.test.jsx:153:34
    151|         )
    152| 
    153|         const nameInput = screen.getByPlaceholderText(/Enter official …
       |                                  ^
    154|         const hectarageInput = screen.getByPlaceholderText(/Enter offi…
    155| 

⎯⎯⎯⎯⎯⎯⎯⎯⎯⎯⎯⎯⎯⎯⎯⎯⎯⎯⎯⎯⎯⎯[20/28]⎯

 FAIL  src/components/roles/ValuationInterface.test.jsx > ValuationInterface > allows entering valuation amount
TestingLibraryElementError: Unable to find an element with the placeholder text of: /Enter valuation amount/i

Ignored nodes: comments, script, style
[36m<body>[39m
  [36m<div>[39m
    [36m<div[39m
      [33mclass[39m=[32m"fixed inset-0 bg-black bg-opacity-50 flex items-center justify-center z-50 p-4"[39m
    [36m>[39m
      [36m<div[39m
        [33mclass[39m=[32m"card max-w-2xl w-full max-h-[90vh] overflow-y-auto"[39m
      [36m>[39m
        [36m<div[39m
          [33mclass[39m=[32m"flex justify-between items-center mb-6 pb-4 border-b"[39m
        [36m>[39m
          [36m<h3[39m
            [33mclass[39m=[32m"text-2xl font-bold text-emerald-700"[39m
          [36m>[39m
            [0mValuation Officer - Set Valuation[0m
          [36m</h3>[39m
          [36m<button[39m
            [33mclass[39m=[32m"text-gray-500 hover:text-gray-700"[39m
          [36m>[39m
            [36m<svg[39m
              [33mclass[39m=[32m"lucide lucide-x"[39m
              [33mfill[39m=[32m"none"[39m
              [33mheight[39m=[32m"24"[39m
              [33mstroke[39m=[32m"currentColor"[39m
              [33mstroke-linecap[39m=[32m"round"[39m
              [33mstroke-linejoin[39m=[32m"round"[39m
              [33mstroke-width[39m=[32m"2"[39m
              [33mviewBox[39m=[32m"0 0 24 24"[39m
              [33mwidth[39m=[32m"24"[39m
              [33mxmlns[39m=[32m"http://www.w3.org/2000/svg"[39m
            [36m>[39m
              [36m<path[39m
                [33md[39m=[32m"M18 6 6 18"[39m
              [36m/>[39m
              [36m<path[39m
                [33md[39m=[32m"m6 6 12 12"[39m
              [36m/>[39m
            [36m</svg>[39m
          [36m</button>[39m
        [36m</div>[39m
        [36m<div[39m
          [33mclass[39m=[32m"space-y-6"[39m
        [36m>[39m
          [36m<div[39m
            [33mclass[39m=[32m"grid grid-cols-2 gap-4 bg-gray-50 p-4 rounded-xl"[39m
          [36m>[39m
            [36m<div>[39m
              [36m<p[39m
                [33mclass[39m=[32m"text-xs text-gray-500 uppercase font-bold"[39m
              [36m>[39m
                [0mApplicant[0m
              [36m</p>[39m
              [36m<p[39m
                [33mclass[39m=[32m"font-semibold"[39m
              [36m>[39m
                [0mJohn Doe[0m
              [36m</p>[39m
            [36m</div>[39m
            [36m<div>[39m
              [36m<p[39m
                [33mclass[39m=[32m"text-xs text-gray-500 uppercase font-bold"[39m
              [36m>[39m
                [0mFarm Name[0m
              [36m</p>[39m
              [36m<p[39m
                [33mclass[39m=[32m"font-semibold"[39m
              [36m>[39m
                [0mOfficial Test Farm[0m
              [36m</p>[39m
            [36m</div>[39m
            [36m<div>[39m
              [36m<p[39m
                [33mclass[39m=[32m"text-xs text-gray-500 uppercase font-bold"[39m
              [36m>[39m
                [0mHectarage[0m
              [36m</p>[39m
              [36m<p[39m
                [33mclass[39m=[32m"font-semibold text-emerald-600"[39m
              [36m>[39m
                [0m99.5000[0m
                [0m Ha[0m
              [36m</p>[39m
            [36m</div>[39m
            [36m<div>[39m
              [36m<p[39m
                [33mclass[39m=[32m"text-xs text-gray-500 uppercase font-bold"[39m
              [36m>[39m
                [0mDistrict[0m
              [36m</p>[39m
              [36m<p[39m
                [33mclass[39m=[32m"font-semibold"[39m
              [36m/>[39m
            [36m</div>[39m
          [36m</div>[39m
          [36m<div[39m
            [33mclass[39m=[32m"bg-blue-50 p-4 rounded-xl border border-blue-200"[39m
          [36m>[39m
            [36m<h4[39m
              [33mclass[39m=[32m"font-bold text-blue-900 mb-2 flex items-center gap-2"[39m
            [36m>[39m
              [36m<svg[39m
                [33mclass[39m=[32m"lucide lucide-calculator"[39m
                [33mfill[39m=[32m"none"[39m
                [33mheight[39m=[32m"18"[39m
                [33mstroke[39m=[32m"currentColor"[39m
                [33mstroke-linecap[39m=[32m"round"[39m
                [33mstroke-linejoin[39m=[32m"round"[39m
                [33mstroke-width[39m=[32m"2"[39m
                [33mviewBox[39m=[32m"0 0 24 24"[39m
                [33mwidth[39m=[32m"18"[39m
                [33mxmlns[39m=[32m"http://www.w3.org/2000/svg"[39m
              [36m>[39m
                [36m<rect[39m
                  [33mheight[39m=[32m"20"[39m
                  [33mrx[39m=[32m"2"[39m
                  [33mwidth[39m=[32m"16"[39m
                  [33mx[39m=[32m"4"[39m
                  [33my[39m=[32m"2"[39m
                [36m/>[39m
                [36m<line[39m
                  [33mx1[39m=[32m"8"[39m
                  [33mx2[39m=[32m"16"[39m
                  [33my1[39m=[32m"6"[39m
                  [33my2[39m=[32m"6"[39m
                [36m/>[39m
                [36m<line[39m
                  [33mx1[39m=[32m"16"[39m
                  [33mx2[39m=[32m"16"[39m
                  [33my1[39m=[32m"14"[39m
                  [33my2[39m=[32m"18"[39m
                [36m/>[39m
                [36m<path[39m
                  [33md[39m=[32m"M16 10h.01"[39m
                [36m/>[39m
                [36m<path[39m
                  [33md[39m=[32m"M12 10h.01"[39m
                [36m/>[39m
                [36m<path[39m
                  [33md[39m=[32m"M8 10h.01"[39m
                [36m/>[39m
                [36m<path[39m
                  [33md[39m=[32m"M12 14h.01"[39m
                [36m/>[39m
                [36m<path[39m
                  [33md[39m=[32m"M8 14h.01"[39m
                [36m/>[39m
                [36m<path[39m
                  [33md[39m=[32m"M12 18h.01"[39m
                [36m/>[39m
                [36m<path[39m
                  [33md[39m=[32m"M8 18h.01"[39m
                [36m/>[39m
              [36m</svg>[39m
              [0mValuation Task[0m
            [36m</h4>[39m
            [36m<p[39m
              [33mclass[39m=[32m"text-sm text-blue-800"[39m
            [36m>[39m
              [0mManually determine the land value based on the location, hectarage, and soil type. Enter the valuation amount that will be used to calculate the final purchase price.[0m
            [36m</p>[39m
          [36m</div>[39m
          [36m<div>[39m
            [36m<label[39m
              [33mclass[39m=[32m"block font-bold text-gray-700 mb-2"[39m
            [36m>[39m
              [0mValuation Amount (USD) *[0m
            [36m</label>[39m
            [36m<div[39m
              [33mclass[39m=[32m"relative"[39m
            [36m>[39m
              [36m<span[39m
                [33mclass[39m=[32m"absolute left-3 top-3 text-gray-500 font-bold"[39m
              [36m>[39m
                [0m$[0m
              [36m</span>[39m
              [36m<input[39m
                [33mclass[39m=[32m"input w-full pl-8"[39m
                [33mplaceholder[39m=[32m"0.00"[39m
                [33mstep[39m=[32m"0.01"[39m
                [33mtype[39m=[32m"number"[39m
                [33mvalue[39m=[32m""[39m
              [36m/>[39m
            [36m</div>[39m
            [36m<p[39m
              [33mclass[39m=[32m"text-xs text-gray-500 mt-1"[39m
            [36m>[39m
              [0mThis value will be used to calculate the total purchase price[0m
            [36m</p>[39m
          [36m</div>[39m
          [36m<div>[39m
            [36m<label[39m
              [33mclass[39m=[32m"block font-bold text-gray-700 mb-2"[39m
            [36m>[39m
              [0mValuation Notes (Optional)[0m
            [36m</label>[39m
            [36m<textarea[39m
              [33mclass[39m=[32m"input w-full h-24"[39m
              [33mplaceholder[39m=[32m"Add notes about the valuation methodology or considerations..."[39m
            [36m/>[39m
          [36m</div>[39m
          [36m<div[39m
            [33mclass[39m=[32m"flex gap-4 pt-4 border-t"[39m
          [36m>[39m
            [36m<button[39m
              [33mclass[39m=[32m"btn bg-gray-200 text-gray-700 hover:bg-gray-300 flex-1 py-3 font-bold"[39m
            [36m>[39m
              [0mCancel[0m
            [36m</button>[39m
            [36m<button[39m
              [33mclass[39m=[32m"btn bg-green-600 text-white hover:bg-green-700 flex-1 py-3 font-bold"[39m
              [33mdisabled[39m=[32m""[39m
            [36m>[39m
              [0mConfirm Valuation[0m
            [36m</button>[39m
          [36m</div>[39m
        [36m</div>[39m
      [36m</div>[39m
    [36m</div>[39m
  [36m</div>[39m
[36m</body>[39m
 ❯ Object.getElementError node_modules/@testing-library/dom/dist/config.js:37:19
 ❯ node_modules/@testing-library/dom/dist/query-helpers.js:76:38
 ❯ node_modules/@testing-library/dom/dist/query-helpers.js:52:17
 ❯ node_modules/@testing-library/dom/dist/query-helpers.js:95:19
 ❯ src/components/roles/ValuationInterface.test.jsx:51:30
     49|         )
     50| 
     51|         const input = screen.getByPlaceholderText(/Enter valuation amo…
       |                              ^
     52|         fireEvent.change(input, { target: { value: '50000' } })
     53|         expect(input.value).toBe('50000')

⎯⎯⎯⎯⎯⎯⎯⎯⎯⎯⎯⎯⎯⎯⎯⎯⎯⎯⎯⎯⎯⎯[21/28]⎯

 FAIL  src/components/roles/ValuationInterface.test.jsx > ValuationInterface > allows entering valuation notes
TestingLibraryElementError: Unable to find an element with the placeholder text of: /Add valuation notes/i

Ignored nodes: comments, script, style
[36m<body>[39m
  [36m<div>[39m
    [36m<div[39m
      [33mclass[39m=[32m"fixed inset-0 bg-black bg-opacity-50 flex items-center justify-center z-50 p-4"[39m
    [36m>[39m
      [36m<div[39m
        [33mclass[39m=[32m"card max-w-2xl w-full max-h-[90vh] overflow-y-auto"[39m
      [36m>[39m
        [36m<div[39m
          [33mclass[39m=[32m"flex justify-between items-center mb-6 pb-4 border-b"[39m
        [36m>[39m
          [36m<h3[39m
            [33mclass[39m=[32m"text-2xl font-bold text-emerald-700"[39m
          [36m>[39m
            [0mValuation Officer - Set Valuation[0m
          [36m</h3>[39m
          [36m<button[39m
            [33mclass[39m=[32m"text-gray-500 hover:text-gray-700"[39m
          [36m>[39m
            [36m<svg[39m
              [33mclass[39m=[32m"lucide lucide-x"[39m
              [33mfill[39m=[32m"none"[39m
              [33mheight[39m=[32m"24"[39m
              [33mstroke[39m=[32m"currentColor"[39m
              [33mstroke-linecap[39m=[32m"round"[39m
              [33mstroke-linejoin[39m=[32m"round"[39m
              [33mstroke-width[39m=[32m"2"[39m
              [33mviewBox[39m=[32m"0 0 24 24"[39m
              [33mwidth[39m=[32m"24"[39m
              [33mxmlns[39m=[32m"http://www.w3.org/2000/svg"[39m
            [36m>[39m
              [36m<path[39m
                [33md[39m=[32m"M18 6 6 18"[39m
              [36m/>[39m
              [36m<path[39m
                [33md[39m=[32m"m6 6 12 12"[39m
              [36m/>[39m
            [36m</svg>[39m
          [36m</button>[39m
        [36m</div>[39m
        [36m<div[39m
          [33mclass[39m=[32m"space-y-6"[39m
        [36m>[39m
          [36m<div[39m
            [33mclass[39m=[32m"grid grid-cols-2 gap-4 bg-gray-50 p-4 rounded-xl"[39m
          [36m>[39m
            [36m<div>[39m
              [36m<p[39m
                [33mclass[39m=[32m"text-xs text-gray-500 uppercase font-bold"[39m
              [36m>[39m
                [0mApplicant[0m
              [36m</p>[39m
              [36m<p[39m
                [33mclass[39m=[32m"font-semibold"[39m
              [36m>[39m
                [0mJohn Doe[0m
              [36m</p>[39m
            [36m</div>[39m
            [36m<div>[39m
              [36m<p[39m
                [33mclass[39m=[32m"text-xs text-gray-500 uppercase font-bold"[39m
              [36m>[39m
                [0mFarm Name[0m
              [36m</p>[39m
              [36m<p[39m
                [33mclass[39m=[32m"font-semibold"[39m
              [36m>[39m
                [0mOfficial Test Farm[0m
              [36m</p>[39m
            [36m</div>[39m
            [36m<div>[39m
              [36m<p[39m
                [33mclass[39m=[32m"text-xs text-gray-500 uppercase font-bold"[39m
              [36m>[39m
                [0mHectarage[0m
              [36m</p>[39m
              [36m<p[39m
                [33mclass[39m=[32m"font-semibold text-emerald-600"[39m
              [36m>[39m
                [0m99.5000[0m
                [0m Ha[0m
              [36m</p>[39m
            [36m</div>[39m
            [36m<div>[39m
              [36m<p[39m
                [33mclass[39m=[32m"text-xs text-gray-500 uppercase font-bold"[39m
              [36m>[39m
                [0mDistrict[0m
              [36m</p>[39m
              [36m<p[39m
                [33mclass[39m=[32m"font-semibold"[39m
              [36m/>[39m
            [36m</div>[39m
          [36m</div>[39m
          [36m<div[39m
            [33mclass[39m=[32m"bg-blue-50 p-4 rounded-xl border border-blue-200"[39m
          [36m>[39m
            [36m<h4[39m
              [33mclass[39m=[32m"font-bold text-blue-900 mb-2 flex items-center gap-2"[39m
            [36m>[39m
              [36m<svg[39m
                [33mclass[39m=[32m"lucide lucide-calculator"[39m
                [33mfill[39m=[32m"none"[39m
                [33mheight[39m=[32m"18"[39m
                [33mstroke[39m=[32m"currentColor"[39m
                [33mstroke-linecap[39m=[32m"round"[39m
                [33mstroke-linejoin[39m=[32m"round"[39m
                [33mstroke-width[39m=[32m"2"[39m
                [33mviewBox[39m=[32m"0 0 24 24"[39m
                [33mwidth[39m=[32m"18"[39m
                [33mxmlns[39m=[32m"http://www.w3.org/2000/svg"[39m
              [36m>[39m
                [36m<rect[39m
                  [33mheight[39m=[32m"20"[39m
                  [33mrx[39m=[32m"2"[39m
                  [33mwidth[39m=[32m"16"[39m
                  [33mx[39m=[32m"4"[39m
                  [33my[39m=[32m"2"[39m
                [36m/>[39m
                [36m<line[39m
                  [33mx1[39m=[32m"8"[39m
                  [33mx2[39m=[32m"16"[39m
                  [33my1[39m=[32m"6"[39m
                  [33my2[39m=[32m"6"[39m
                [36m/>[39m
                [36m<line[39m
                  [33mx1[39m=[32m"16"[39m
                  [33mx2[39m=[32m"16"[39m
                  [33my1[39m=[32m"14"[39m
                  [33my2[39m=[32m"18"[39m
                [36m/>[39m
                [36m<path[39m
                  [33md[39m=[32m"M16 10h.01"[39m
                [36m/>[39m
                [36m<path[39m
                  [33md[39m=[32m"M12 10h.01"[39m
                [36m/>[39m
                [36m<path[39m
                  [33md[39m=[32m"M8 10h.01"[39m
                [36m/>[39m
                [36m<path[39m
                  [33md[39m=[32m"M12 14h.01"[39m
                [36m/>[39m
                [36m<path[39m
                  [33md[39m=[32m"M8 14h.01"[39m
                [36m/>[39m
                [36m<path[39m
                  [33md[39m=[32m"M12 18h.01"[39m
                [36m/>[39m
                [36m<path[39m
                  [33md[39m=[32m"M8 18h.01"[39m
                [36m/>[39m
              [36m</svg>[39m
              [0mValuation Task[0m
            [36m</h4>[39m
            [36m<p[39m
              [33mclass[39m=[32m"text-sm text-blue-800"[39m
            [36m>[39m
              [0mManually determine the land value based on the location, hectarage, and soil type. Enter the valuation amount that will be used to calculate the final purchase price.[0m
            [36m</p>[39m
          [36m</div>[39m
          [36m<div>[39m
            [36m<label[39m
              [33mclass[39m=[32m"block font-bold text-gray-700 mb-2"[39m
            [36m>[39m
              [0mValuation Amount (USD) *[0m
            [36m</label>[39m
            [36m<div[39m
              [33mclass[39m=[32m"relative"[39m
            [36m>[39m
              [36m<span[39m
                [33mclass[39m=[32m"absolute left-3 top-3 text-gray-500 font-bold"[39m
              [36m>[39m
                [0m$[0m
              [36m</span>[39m
              [36m<input[39m
                [33mclass[39m=[32m"input w-full pl-8"[39m
                [33mplaceholder[39m=[32m"0.00"[39m
                [33mstep[39m=[32m"0.01"[39m
                [33mtype[39m=[32m"number"[39m
                [33mvalue[39m=[32m""[39m
              [36m/>[39m
            [36m</div>[39m
            [36m<p[39m
              [33mclass[39m=[32m"text-xs text-gray-500 mt-1"[39m
            [36m>[39m
              [0mThis value will be used to calculate the total purchase price[0m
            [36m</p>[39m
          [36m</div>[39m
          [36m<div>[39m
            [36m<label[39m
              [33mclass[39m=[32m"block font-bold text-gray-700 mb-2"[39m
            [36m>[39m
              [0mValuation Notes (Optional)[0m
            [36m</label>[39m
            [36m<textarea[39m
              [33mclass[39m=[32m"input w-full h-24"[39m
              [33mplaceholder[39m=[32m"Add notes about the valuation methodology or considerations..."[39m
            [36m/>[39m
          [36m</div>[39m
          [36m<div[39m
            [33mclass[39m=[32m"flex gap-4 pt-4 border-t"[39m
          [36m>[39m
            [36m<button[39m
              [33mclass[39m=[32m"btn bg-gray-200 text-gray-700 hover:bg-gray-300 flex-1 py-3 font-bold"[39m
            [36m>[39m
              [0mCancel[0m
            [36m</button>[39m
            [36m<button[39m
              [33mclass[39m=[32m"btn bg-green-600 text-white hover:bg-green-700 flex-1 py-3 font-bold"[39m
              [33mdisabled[39m=[32m""[39m
            [36m>[39m
              [0mConfirm Valuation[0m
            [36m</button>[39m
          [36m</div>[39m
        [36m</div>[39m
      [36m</div>[39m
    [36m</div>[39m
  [36m</div>[39m
[36m</body>[39m
 ❯ Object.getElementError node_modules/@testing-library/dom/dist/config.js:37:19
 ❯ node_modules/@testing-library/dom/dist/query-helpers.js:76:38
 ❯ node_modules/@testing-library/dom/dist/query-helpers.js:52:17
 ❯ node_modules/@testing-library/dom/dist/query-helpers.js:95:19
 ❯ src/components/roles/ValuationInterface.test.jsx:66:33
     64|         )
     65| 
     66|         const textarea = screen.getByPlaceholderText(/Add valuation no…
       |                                 ^
     67|         fireEvent.change(textarea, { target: { value: 'Test notes' } })
     68|         expect(textarea.value).toBe('Test notes')

⎯⎯⎯⎯⎯⎯⎯⎯⎯⎯⎯⎯⎯⎯⎯⎯⎯⎯⎯⎯⎯⎯[22/28]⎯

 FAIL  src/components/roles/ValuationInterface.test.jsx > ValuationInterface > submits valuation successfully
TestingLibraryElementError: Unable to find an element with the placeholder text of: /Enter valuation amount/i

Ignored nodes: comments, script, style
[36m<body>[39m
  [36m<div>[39m
    [36m<div[39m
      [33mclass[39m=[32m"fixed inset-0 bg-black bg-opacity-50 flex items-center justify-center z-50 p-4"[39m
    [36m>[39m
      [36m<div[39m
        [33mclass[39m=[32m"card max-w-2xl w-full max-h-[90vh] overflow-y-auto"[39m
      [36m>[39m
        [36m<div[39m
          [33mclass[39m=[32m"flex justify-between items-center mb-6 pb-4 border-b"[39m
        [36m>[39m
          [36m<h3[39m
            [33mclass[39m=[32m"text-2xl font-bold text-emerald-700"[39m
          [36m>[39m
            [0mValuation Officer - Set Valuation[0m
          [36m</h3>[39m
          [36m<button[39m
            [33mclass[39m=[32m"text-gray-500 hover:text-gray-700"[39m
          [36m>[39m
            [36m<svg[39m
              [33mclass[39m=[32m"lucide lucide-x"[39m
              [33mfill[39m=[32m"none"[39m
              [33mheight[39m=[32m"24"[39m
              [33mstroke[39m=[32m"currentColor"[39m
              [33mstroke-linecap[39m=[32m"round"[39m
              [33mstroke-linejoin[39m=[32m"round"[39m
              [33mstroke-width[39m=[32m"2"[39m
              [33mviewBox[39m=[32m"0 0 24 24"[39m
              [33mwidth[39m=[32m"24"[39m
              [33mxmlns[39m=[32m"http://www.w3.org/2000/svg"[39m
            [36m>[39m
              [36m<path[39m
                [33md[39m=[32m"M18 6 6 18"[39m
              [36m/>[39m
              [36m<path[39m
                [33md[39m=[32m"m6 6 12 12"[39m
              [36m/>[39m
            [36m</svg>[39m
          [36m</button>[39m
        [36m</div>[39m
        [36m<div[39m
          [33mclass[39m=[32m"space-y-6"[39m
        [36m>[39m
          [36m<div[39m
            [33mclass[39m=[32m"grid grid-cols-2 gap-4 bg-gray-50 p-4 rounded-xl"[39m
          [36m>[39m
            [36m<div>[39m
              [36m<p[39m
                [33mclass[39m=[32m"text-xs text-gray-500 uppercase font-bold"[39m
              [36m>[39m
                [0mApplicant[0m
              [36m</p>[39m
              [36m<p[39m
                [33mclass[39m=[32m"font-semibold"[39m
              [36m>[39m
                [0mJohn Doe[0m
              [36m</p>[39m
            [36m</div>[39m
            [36m<div>[39m
              [36m<p[39m
                [33mclass[39m=[32m"text-xs text-gray-500 uppercase font-bold"[39m
              [36m>[39m
                [0mFarm Name[0m
              [36m</p>[39m
              [36m<p[39m
                [33mclass[39m=[32m"font-semibold"[39m
              [36m>[39m
                [0mOfficial Test Farm[0m
              [36m</p>[39m
            [36m</div>[39m
            [36m<div>[39m
              [36m<p[39m
                [33mclass[39m=[32m"text-xs text-gray-500 uppercase font-bold"[39m
              [36m>[39m
                [0mHectarage[0m
              [36m</p>[39m
              [36m<p[39m
                [33mclass[39m=[32m"font-semibold text-emerald-600"[39m
              [36m>[39m
                [0m99.5000[0m
                [0m Ha[0m
              [36m</p>[39m
            [36m</div>[39m
            [36m<div>[39m
              [36m<p[39m
                [33mclass[39m=[32m"text-xs text-gray-500 uppercase font-bold"[39m
              [36m>[39m
                [0mDistrict[0m
              [36m</p>[39m
              [36m<p[39m
                [33mclass[39m=[32m"font-semibold"[39m
              [36m/>[39m
            [36m</div>[39m
          [36m</div>[39m
          [36m<div[39m
            [33mclass[39m=[32m"bg-blue-50 p-4 rounded-xl border border-blue-200"[39m
          [36m>[39m
            [36m<h4[39m
              [33mclass[39m=[32m"font-bold text-blue-900 mb-2 flex items-center gap-2"[39m
            [36m>[39m
              [36m<svg[39m
                [33mclass[39m=[32m"lucide lucide-calculator"[39m
                [33mfill[39m=[32m"none"[39m
                [33mheight[39m=[32m"18"[39m
                [33mstroke[39m=[32m"currentColor"[39m
                [33mstroke-linecap[39m=[32m"round"[39m
                [33mstroke-linejoin[39m=[32m"round"[39m
                [33mstroke-width[39m=[32m"2"[39m
                [33mviewBox[39m=[32m"0 0 24 24"[39m
                [33mwidth[39m=[32m"18"[39m
                [33mxmlns[39m=[32m"http://www.w3.org/2000/svg"[39m
              [36m>[39m
                [36m<rect[39m
                  [33mheight[39m=[32m"20"[39m
                  [33mrx[39m=[32m"2"[39m
                  [33mwidth[39m=[32m"16"[39m
                  [33mx[39m=[32m"4"[39m
                  [33my[39m=[32m"2"[39m
                [36m/>[39m
                [36m<line[39m
                  [33mx1[39m=[32m"8"[39m
                  [33mx2[39m=[32m"16"[39m
                  [33my1[39m=[32m"6"[39m
                  [33my2[39m=[32m"6"[39m
                [36m/>[39m
                [36m<line[39m
                  [33mx1[39m=[32m"16"[39m
                  [33mx2[39m=[32m"16"[39m
                  [33my1[39m=[32m"14"[39m
                  [33my2[39m=[32m"18"[39m
                [36m/>[39m
                [36m<path[39m
                  [33md[39m=[32m"M16 10h.01"[39m
                [36m/>[39m
                [36m<path[39m
                  [33md[39m=[32m"M12 10h.01"[39m
                [36m/>[39m
                [36m<path[39m
                  [33md[39m=[32m"M8 10h.01"[39m
                [36m/>[39m
                [36m<path[39m
                  [33md[39m=[32m"M12 14h.01"[39m
                [36m/>[39m
                [36m<path[39m
                  [33md[39m=[32m"M8 14h.01"[39m
                [36m/>[39m
                [36m<path[39m
                  [33md[39m=[32m"M12 18h.01"[39m
                [36m/>[39m
                [36m<path[39m
                  [33md[39m=[32m"M8 18h.01"[39m
                [36m/>[39m
              [36m</svg>[39m
              [0mValuation Task[0m
            [36m</h4>[39m
            [36m<p[39m
              [33mclass[39m=[32m"text-sm text-blue-800"[39m
            [36m>[39m
              [0mManually determine the land value based on the location, hectarage, and soil type. Enter the valuation amount that will be used to calculate the final purchase price.[0m
            [36m</p>[39m
          [36m</div>[39m
          [36m<div>[39m
            [36m<label[39m
              [33mclass[39m=[32m"block font-bold text-gray-700 mb-2"[39m
            [36m>[39m
              [0mValuation Amount (USD) *[0m
            [36m</label>[39m
            [36m<div[39m
              [33mclass[39m=[32m"relative"[39m
            [36m>[39m
              [36m<span[39m
                [33mclass[39m=[32m"absolute left-3 top-3 text-gray-500 font-bold"[39m
              [36m>[39m
                [0m$[0m
              [36m</span>[39m
              [36m<input[39m
                [33mclass[39m=[32m"input w-full pl-8"[39m
                [33mplaceholder[39m=[32m"0.00"[39m
                [33mstep[39m=[32m"0.01"[39m
                [33mtype[39m=[32m"number"[39m
                [33mvalue[39m=[32m""[39m
              [36m/>[39m
            [36m</div>[39m
            [36m<p[39m
              [33mclass[39m=[32m"text-xs text-gray-500 mt-1"[39m
            [36m>[39m
              [0mThis value will be used to calculate the total purchase price[0m
            [36m</p>[39m
          [36m</div>[39m
          [36m<div>[39m
            [36m<label[39m
              [33mclass[39m=[32m"block font-bold text-gray-700 mb-2"[39m
            [36m>[39m
              [0mValuation Notes (Optional)[0m
            [36m</label>[39m
            [36m<textarea[39m
              [33mclass[39m=[32m"input w-full h-24"[39m
              [33mplaceholder[39m=[32m"Add notes about the valuation methodology or considerations..."[39m
            [36m/>[39m
          [36m</div>[39m
          [36m<div[39m
            [33mclass[39m=[32m"flex gap-4 pt-4 border-t"[39m
          [36m>[39m
            [36m<button[39m
              [33mclass[39m=[32m"btn bg-gray-200 text-gray-700 hover:bg-gray-300 flex-1 py-3 font-bold"[39m
            [36m>[39m
              [0mCancel[0m
            [36m</button>[39m
            [36m<button[39m
              [33mclass[39m=[32m"btn bg-green-600 text-white hover:bg-green-700 flex-1 py-3 font-bold"[39m
              [33mdisabled[39m=[32m""[39m
            [36m>[39m
              [0mConfirm Valuation[0m
            [36m</button>[39m
          [36m</div>[39m
        [36m</div>[39m
      [36m</div>[39m
    [36m</div>[39m
  [36m</div>[39m
[36m</body>[39m
 ❯ Object.getElementError node_modules/@testing-library/dom/dist/config.js:37:19
 ❯ node_modules/@testing-library/dom/dist/query-helpers.js:76:38
 ❯ node_modules/@testing-library/dom/dist/query-helpers.js:52:17
 ❯ node_modules/@testing-library/dom/dist/query-helpers.js:95:19
 ❯ src/components/roles/ValuationInterface.test.jsx:83:30
     81|         )
     82| 
     83|         const input = screen.getByPlaceholderText(/Enter valuation amo…
       |                              ^
     84|         fireEvent.change(input, { target: { value: '50000' } })
     85| 

⎯⎯⎯⎯⎯⎯⎯⎯⎯⎯⎯⎯⎯⎯⎯⎯⎯⎯⎯⎯⎯⎯[23/28]⎯

 FAIL  src/components/roles/ValuationInterface.test.jsx > ValuationInterface > shows error when amount is empty
AssertionError: expected "vi.fn()" to be called with arguments: [ 'Valuation amount is required' ]

Number of calls: 0


Ignored nodes: comments, script, style
[36m<html>[39m
  [36m<head />[39m
  [36m<body>[39m
    [36m<div>[39m
      [36m<div[39m
        [33mclass[39m=[32m"fixed inset-0 bg-black bg-opacity-50 flex items-center justify-center z-50 p-4"[39m
      [36m>[39m
        [36m<div[39m
          [33mclass[39m=[32m"card max-w-2xl w-full max-h-[90vh] overflow-y-auto"[39m
        [36m>[39m
          [36m<div[39m
            [33mclass[39m=[32m"flex justify-between items-center mb-6 pb-4 border-b"[39m
          [36m>[39m
            [36m<h3[39m
              [33mclass[39m=[32m"text-2xl font-bold text-emerald-700"[39m
            [36m>[39m
              [0mValuation Officer - Set Valuation[0m
            [36m</h3>[39m
            [36m<button[39m
              [33mclass[39m=[32m"text-gray-500 hover:text-gray-700"[39m
            [36m>[39m
              [36m<svg[39m
                [33mclass[39m=[32m"lucide lucide-x"[39m
                [33mfill[39m=[32m"none"[39m
                [33mheight[39m=[32m"24"[39m
                [33mstroke[39m=[32m"currentColor"[39m
                [33mstroke-linecap[39m=[32m"round"[39m
                [33mstroke-linejoin[39m=[32m"round"[39m
                [33mstroke-width[39m=[32m"2"[39m
                [33mviewBox[39m=[32m"0 0 24 24"[39m
                [33mwidth[39m=[32m"24"[39m
                [33mxmlns[39m=[32m"http://www.w3.org/2000/svg"[39m
              [36m>[39m
                [36m<path[39m
                  [33md[39m=[32m"M18 6 6 18"[39m
                [36m/>[39m
                [36m<path[39m
                  [33md[39m=[32m"m6 6 12 12"[39m
                [36m/>[39m
              [36m</svg>[39m
            [36m</button>[39m
          [36m</div>[39m
          [36m<div[39m
            [33mclass[39m=[32m"space-y-6"[39m
          [36m>[39m
            [36m<div[39m
              [33mclass[39m=[32m"grid grid-cols-2 gap-4 bg-gray-50 p-4 rounded-xl"[39m
            [36m>[39m
              [36m<div>[39m
                [36m<p[39m
                  [33mclass[39m=[32m"text-xs text-gray-500 uppercase font-bold"[39m
                [36m>[39m
                  [0mApplicant[0m
                [36m</p>[39m
                [36m<p[39m
                  [33mclass[39m=[32m"font-semibold"[39m
                [36m>[39m
                  [0mJohn Doe[0m
                [36m</p>[39m
              [36m</div>[39m
              [36m<div>[39m
                [36m<p[39m
                  [33mclass[39m=[32m"text-xs text-gray-500 uppercase font-bold"[39m
                [36m>[39m
                  [0mFarm Name[0m
                [36m</p>[39m
                [36m<p[39m
                  [33mclass[39m=[32m"font-semibold"[39m
                [36m>[39m
                  [0mOfficial Test Farm[0m
                [36m</p>[39m
              [36m</div>[39m
              [36m<div>[39m
                [36m<p[39m
                  [33mclass[39m=[32m"text-xs text-gray-500 uppercase font-bold"[39m
                [36m>[39m
                  [0mHectarage[0m
                [36m</p>[39m
                [36m<p[39m
                  [33mclass[39m=[32m"font-semibold text-emerald-600"[39m
                [36m>[39m
                  [0m99.5000[0m
                  [0m Ha[0m
                [36m</p>[39m
              [36m</div>[39m
              [36m<div>[39m
                [36m<p[39m
                  [33mclass[39m=[32m"text-xs text-gray-500 uppercase font-bold"[39m
                [36m>[39m
                  [0mDistrict[0m
                [36m</p>[39m
                [36m<p[39m
                  [33mclass[39m=[32m"font-semibold"[39m
                [36m/>[39m
              [36m</div>[39m
            [36m</div>[39m
            [36m<div[39m
              [33mclass[39m=[32m"bg-blue-50 p-4 rounded-xl border border-blue-200"[39m
            [36m>[39m
              [36m<h4[39m
                [33mclass[39m=[32m"font-bold text-blue-900 mb-2 flex items-center gap-2"[39m
              [36m>[39m
                [36m<svg[39m
                  [33mclass[39m=[32m"lucide lucide-calculator"[39m
                  [33mfill[39m=[32m"none"[39m
                  [33mheight[39m=[32m"18"[39m
                  [33mstroke[39m=[32m"currentColor"[39m
                  [33mstroke-linecap[39m=[32m"round"[39m
                  [33mstroke-linejoin[39m=[32m"round"[39m
                  [33mstroke-width[39m=[32m"2"[39m
                  [33mviewBox[39m=[32m"0 0 24 24"[39m
                  [33mwidth[39m=[32m"18"[39m
                  [33mxmlns[39m=[32m"http://www.w3.org/2000/svg"[39m
                [36m>[39m
                  [36m<rect[39m
                    [33mheight[39m=[32m"20"[39m
                    [33mrx[39m=[32m"2"[39m
                    [33mwidth[39m=[32m"16"[39m
                    [33mx[39m=[32m"4"[39m
                    [33my[39m=[32m"2"[39m
                  [36m/>[39m
                  [36m<line[39m
                    [33mx1[39m=[32m"8"[39m
                    [33mx2[39m=[32m"16"[39m
                    [33my1[39m=[32m"6"[39m
                    [33my2[39m=[32m"6"[39m
                  [36m/>[39m
                  [36m<line[39m
                    [33mx1[39m=[32m"16"[39m
                    [33mx2[39m=[32m"16"[39m
                    [33my1[39m=[32m"14"[39m
                    [33my2[39m=[32m"18"[39m
                  [36m/>[39m
                  [36m<path[39m
                    [33md[39m=[32m"M16 10h.01"[39m
                  [36m/>[39m
                  [36m<path[39m
                    [33md[39m=[32m"M12 10h.01"[39m
                  [36m/>[39m
                  [36m<path[39m
                    [33md[39m=[32m"M8 10h.01"[39m
                  [36m/>[39m
                  [36m<path[39m
                    [33md[39m=[32m"M12 14h.01"[39m
                  [36m/>[39m
                  [36m<path[39m
                    [33md[39m=[32m"M8 14h.01"[39m
                  [36m/>[39m
                  [36m<path[39m
                    [33md[39m=[32m"M12 18h.01"[39m
                  [36m/>[39m
                  [36m<path[39m
                    [33md[39m=[32m"M8 18h.01"[39m
                  [36m/>[39m
                [36m</svg>[39m
                [0mValuation Task[0m
              [36m</h4>[39m
              [36m<p[39m
                [33mclass[39m=[32m"text-sm text-blue-800"[39m
              [36m>[39m
                [0mManually determine the land value based on the location, hectarage, and soil type. Enter the valuation amount that will be used to calculate the final purchase price.[0m
              [36m</p>[39m
            [36m</div>[39m
            [36m<div>[39m
              [36m<label[39m
                [33mclass[39m=[32m"block font-bold text-gray-700 mb-2"[39m
              [36m>[39m
                [0mValuation Amount (USD) *[0m
              [36m</label>[39m
              [36m<div[39m
                [33mclass[39m=[32m"relative"[39m
              [36m>[39m
                [36m<span[39m
                  [33mclass[39m=[32m"absolute left-3 top-3 text-gray-500 font-bold"[39m
                [36m>[39m
                  [0m$[0m
                [36m</span>[39m
                [36m<input[39m
                  [33mclass[39m=[32m"input w-full pl-8"[39m
                  [33mplaceholder[39m=[32m"0.00"[39m
                  [33mstep[39m=[32m"0.01"[39m
                  [33mtype[39m=[32m"number"[39m
                  [33mvalue[39m=[32m""[39m
                [36m/>[39m
              [36m</div>[39m
              [36m<p[39m
                [33mclass[39m=[32m"text-xs text-gray-500 mt-1"[39m
              [36m>[39m
                [0mThis value will be used to calculate the total purchase price[0m
              [36m</p>[39m
            [36m</div>[39m
            [36m<div>[39m
              [36m<label[39m
                [33mclass[39m=[32m"block font-bold text-gray-700 mb-2"[39m
              [36m>[39m
                [0mValuation Notes (Optional)[0m
              [36m</label>[39m
              [36m<textarea[39m
                [33mclass[39m=[32m"input w-full h-24"[39m
                [33mplaceholder[39m=[32m"Add notes about the valuation methodology or considerations..."[39m
              [36m/>[39m
            [36m</div>[39m
            [36m<div[39m
              [33mclass[39m=[32m"flex gap-4 pt-4 border-t"[39m
            [36m>[39m
              [36m<button[39m
                [33mclass[39m=[32m"btn bg-gray-200 text-gray-700 hover:bg-gray-300 flex-1 py-3 font-bold"[39m
              [36m>[39m
                [0mCancel[0m
              [36m</button>[39m
              [36m<button[39m
                [33mclass[39m=[32m"btn bg-green-600 text-white hover:bg-green-700 flex-1 py-3 font-bold"[39m
                [33mdisabled[39m=[32m""[39m
              [36m>[39m
                [0mConfirm Valuation[0m
              [36m</button>[39m
            [36m</div>[39m
          [36m</div>[39m
        [36m</div>[39m
      [36m</div>[39m
    [36m</div>[39m
  [36m</body>[39m
[36m</html>[39m
 ❯ src/components/roles/ValuationInterface.test.jsx:114:33
    112| 
    113|         await waitFor(() => {
    114|             expect(mockOnError).toHaveBeenCalledWith('Valuation amount…
       |                                 ^
    115|         })
    116|     })
 ❯ runWithExpensiveErrorDiagnosticsDisabled node_modules/@testing-library/dom/dist/config.js:47:12
 ❯ checkCallback node_modules/@testing-library/dom/dist/wait-for.js:124:77
 ❯ Timeout.checkRealTimersCallback node_modules/@testing-library/dom/dist/wait-for.js:118:16

⎯⎯⎯⎯⎯⎯⎯⎯⎯⎯⎯⎯⎯⎯⎯⎯⎯⎯⎯⎯⎯⎯[24/28]⎯

 FAIL  src/components/roles/ValuationInterface.test.jsx > ValuationInterface > handles API error gracefully
TestingLibraryElementError: Unable to find an element with the placeholder text of: /Enter valuation amount/i

Ignored nodes: comments, script, style
[36m<body>[39m
  [36m<div>[39m
    [36m<div[39m
      [33mclass[39m=[32m"fixed inset-0 bg-black bg-opacity-50 flex items-center justify-center z-50 p-4"[39m
    [36m>[39m
      [36m<div[39m
        [33mclass[39m=[32m"card max-w-2xl w-full max-h-[90vh] overflow-y-auto"[39m
      [36m>[39m
        [36m<div[39m
          [33mclass[39m=[32m"flex justify-between items-center mb-6 pb-4 border-b"[39m
        [36m>[39m
          [36m<h3[39m
            [33mclass[39m=[32m"text-2xl font-bold text-emerald-700"[39m
          [36m>[39m
            [0mValuation Officer - Set Valuation[0m
          [36m</h3>[39m
          [36m<button[39m
            [33mclass[39m=[32m"text-gray-500 hover:text-gray-700"[39m
          [36m>[39m
            [36m<svg[39m
              [33mclass[39m=[32m"lucide lucide-x"[39m
              [33mfill[39m=[32m"none"[39m
              [33mheight[39m=[32m"24"[39m
              [33mstroke[39m=[32m"currentColor"[39m
              [33mstroke-linecap[39m=[32m"round"[39m
              [33mstroke-linejoin[39m=[32m"round"[39m
              [33mstroke-width[39m=[32m"2"[39m
              [33mviewBox[39m=[32m"0 0 24 24"[39m
              [33mwidth[39m=[32m"24"[39m
              [33mxmlns[39m=[32m"http://www.w3.org/2000/svg"[39m
            [36m>[39m
              [36m<path[39m
                [33md[39m=[32m"M18 6 6 18"[39m
              [36m/>[39m
              [36m<path[39m
                [33md[39m=[32m"m6 6 12 12"[39m
              [36m/>[39m
            [36m</svg>[39m
          [36m</button>[39m
        [36m</div>[39m
        [36m<div[39m
          [33mclass[39m=[32m"space-y-6"[39m
        [36m>[39m
          [36m<div[39m
            [33mclass[39m=[32m"grid grid-cols-2 gap-4 bg-gray-50 p-4 rounded-xl"[39m
          [36m>[39m
            [36m<div>[39m
              [36m<p[39m
                [33mclass[39m=[32m"text-xs text-gray-500 uppercase font-bold"[39m
              [36m>[39m
                [0mApplicant[0m
              [36m</p>[39m
              [36m<p[39m
                [33mclass[39m=[32m"font-semibold"[39m
              [36m>[39m
                [0mJohn Doe[0m
              [36m</p>[39m
            [36m</div>[39m
            [36m<div>[39m
              [36m<p[39m
                [33mclass[39m=[32m"text-xs text-gray-500 uppercase font-bold"[39m
              [36m>[39m
                [0mFarm Name[0m
              [36m</p>[39m
              [36m<p[39m
                [33mclass[39m=[32m"font-semibold"[39m
              [36m>[39m
                [0mOfficial Test Farm[0m
              [36m</p>[39m
            [36m</div>[39m
            [36m<div>[39m
              [36m<p[39m
                [33mclass[39m=[32m"text-xs text-gray-500 uppercase font-bold"[39m
              [36m>[39m
                [0mHectarage[0m
              [36m</p>[39m
              [36m<p[39m
                [33mclass[39m=[32m"font-semibold text-emerald-600"[39m
              [36m>[39m
                [0m99.5000[0m
                [0m Ha[0m
              [36m</p>[39m
            [36m</div>[39m
            [36m<div>[39m
              [36m<p[39m
                [33mclass[39m=[32m"text-xs text-gray-500 uppercase font-bold"[39m
              [36m>[39m
                [0mDistrict[0m
              [36m</p>[39m
              [36m<p[39m
                [33mclass[39m=[32m"font-semibold"[39m
              [36m/>[39m
            [36m</div>[39m
          [36m</div>[39m
          [36m<div[39m
            [33mclass[39m=[32m"bg-blue-50 p-4 rounded-xl border border-blue-200"[39m
          [36m>[39m
            [36m<h4[39m
              [33mclass[39m=[32m"font-bold text-blue-900 mb-2 flex items-center gap-2"[39m
            [36m>[39m
              [36m<svg[39m
                [33mclass[39m=[32m"lucide lucide-calculator"[39m
                [33mfill[39m=[32m"none"[39m
                [33mheight[39m=[32m"18"[39m
                [33mstroke[39m=[32m"currentColor"[39m
                [33mstroke-linecap[39m=[32m"round"[39m
                [33mstroke-linejoin[39m=[32m"round"[39m
                [33mstroke-width[39m=[32m"2"[39m
                [33mviewBox[39m=[32m"0 0 24 24"[39m
                [33mwidth[39m=[32m"18"[39m
                [33mxmlns[39m=[32m"http://www.w3.org/2000/svg"[39m
              [36m>[39m
                [36m<rect[39m
                  [33mheight[39m=[32m"20"[39m
                  [33mrx[39m=[32m"2"[39m
                  [33mwidth[39m=[32m"16"[39m
                  [33mx[39m=[32m"4"[39m
                  [33my[39m=[32m"2"[39m
                [36m/>[39m
                [36m<line[39m
                  [33mx1[39m=[32m"8"[39m
                  [33mx2[39m=[32m"16"[39m
                  [33my1[39m=[32m"6"[39m
                  [33my2[39m=[32m"6"[39m
                [36m/>[39m
                [36m<line[39m
                  [33mx1[39m=[32m"16"[39m
                  [33mx2[39m=[32m"16"[39m
                  [33my1[39m=[32m"14"[39m
                  [33my2[39m=[32m"18"[39m
                [36m/>[39m
                [36m<path[39m
                  [33md[39m=[32m"M16 10h.01"[39m
                [36m/>[39m
                [36m<path[39m
                  [33md[39m=[32m"M12 10h.01"[39m
                [36m/>[39m
                [36m<path[39m
                  [33md[39m=[32m"M8 10h.01"[39m
                [36m/>[39m
                [36m<path[39m
                  [33md[39m=[32m"M12 14h.01"[39m
                [36m/>[39m
                [36m<path[39m
                  [33md[39m=[32m"M8 14h.01"[39m
                [36m/>[39m
                [36m<path[39m
                  [33md[39m=[32m"M12 18h.01"[39m
                [36m/>[39m
                [36m<path[39m
                  [33md[39m=[32m"M8 18h.01"[39m
                [36m/>[39m
              [36m</svg>[39m
              [0mValuation Task[0m
            [36m</h4>[39m
            [36m<p[39m
              [33mclass[39m=[32m"text-sm text-blue-800"[39m
            [36m>[39m
              [0mManually determine the land value based on the location, hectarage, and soil type. Enter the valuation amount that will be used to calculate the final purchase price.[0m
            [36m</p>[39m
          [36m</div>[39m
          [36m<div>[39m
            [36m<label[39m
              [33mclass[39m=[32m"block font-bold text-gray-700 mb-2"[39m
            [36m>[39m
              [0mValuation Amount (USD) *[0m
            [36m</label>[39m
            [36m<div[39m
              [33mclass[39m=[32m"relative"[39m
            [36m>[39m
              [36m<span[39m
                [33mclass[39m=[32m"absolute left-3 top-3 text-gray-500 font-bold"[39m
              [36m>[39m
                [0m$[0m
              [36m</span>[39m
              [36m<input[39m
                [33mclass[39m=[32m"input w-full pl-8"[39m
                [33mplaceholder[39m=[32m"0.00"[39m
                [33mstep[39m=[32m"0.01"[39m
                [33mtype[39m=[32m"number"[39m
                [33mvalue[39m=[32m""[39m
              [36m/>[39m
            [36m</div>[39m
            [36m<p[39m
              [33mclass[39m=[32m"text-xs text-gray-500 mt-1"[39m
            [36m>[39m
              [0mThis value will be used to calculate the total purchase price[0m
            [36m</p>[39m
          [36m</div>[39m
          [36m<div>[39m
            [36m<label[39m
              [33mclass[39m=[32m"block font-bold text-gray-700 mb-2"[39m
            [36m>[39m
              [0mValuation Notes (Optional)[0m
            [36m</label>[39m
            [36m<textarea[39m
              [33mclass[39m=[32m"input w-full h-24"[39m
              [33mplaceholder[39m=[32m"Add notes about the valuation methodology or considerations..."[39m
            [36m/>[39m
          [36m</div>[39m
          [36m<div[39m
            [33mclass[39m=[32m"flex gap-4 pt-4 border-t"[39m
          [36m>[39m
            [36m<button[39m
              [33mclass[39m=[32m"btn bg-gray-200 text-gray-700 hover:bg-gray-300 flex-1 py-3 font-bold"[39m
            [36m>[39m
              [0mCancel[0m
            [36m</button>[39m
            [36m<button[39m
              [33mclass[39m=[32m"btn bg-green-600 text-white hover:bg-green-700 flex-1 py-3 font-bold"[39m
              [33mdisabled[39m=[32m""[39m
            [36m>[39m
              [0mConfirm Valuation[0m
            [36m</button>[39m
          [36m</div>[39m
        [36m</div>[39m
      [36m</div>[39m
    [36m</div>[39m
  [36m</div>[39m
[36m</body>[39m
 ❯ Object.getElementError node_modules/@testing-library/dom/dist/config.js:37:19
 ❯ node_modules/@testing-library/dom/dist/query-helpers.js:76:38
 ❯ node_modules/@testing-library/dom/dist/query-helpers.js:52:17
 ❯ node_modules/@testing-library/dom/dist/query-helpers.js:95:19
 ❯ src/components/roles/ValuationInterface.test.jsx:132:30
    130|         )
    131| 
    132|         const input = screen.getByPlaceholderText(/Enter valuation amo…
       |                              ^
    133|         fireEvent.change(input, { target: { value: '50000' } })
    134| 

⎯⎯⎯⎯⎯⎯⎯⎯⎯⎯⎯⎯⎯⎯⎯⎯⎯⎯⎯⎯⎯⎯[25/28]⎯

 FAIL  src/components/roles/ZLCInterface.test.jsx > ZLCInterface > renders the ZLC interface correctly
TestingLibraryElementError: Unable to find an element with the text: /ZLC Officer/i. This could be because the text is broken up by multiple elements. In this case, you can provide a function for your text matcher to make your matcher more flexible.

Ignored nodes: comments, script, style
[36m<body>[39m
  [36m<div>[39m
    [36m<div[39m
      [33mclass[39m=[32m"fixed inset-0 bg-black bg-opacity-50 flex items-center justify-center z-50 p-4"[39m
    [36m>[39m
      [36m<div[39m
        [33mclass[39m=[32m"card max-w-3xl w-full max-h-[90vh] overflow-y-auto"[39m
      [36m>[39m
        [36m<div[39m
          [33mclass[39m=[32m"flex justify-between items-center mb-6 pb-4 border-b"[39m
        [36m>[39m
          [36m<h3[39m
            [33mclass[39m=[32m"text-2xl font-bold text-emerald-700"[39m
          [36m>[39m
            [0mZLC - Dispute Verification[0m
          [36m</h3>[39m
          [36m<button[39m
            [33mclass[39m=[32m"text-gray-500 hover:text-gray-700"[39m
          [36m>[39m
            [36m<svg[39m
              [33mclass[39m=[32m"lucide lucide-x"[39m
              [33mfill[39m=[32m"none"[39m
              [33mheight[39m=[32m"24"[39m
              [33mstroke[39m=[32m"currentColor"[39m
              [33mstroke-linecap[39m=[32m"round"[39m
              [33mstroke-linejoin[39m=[32m"round"[39m
              [33mstroke-width[39m=[32m"2"[39m
              [33mviewBox[39m=[32m"0 0 24 24"[39m
              [33mwidth[39m=[32m"24"[39m
              [33mxmlns[39m=[32m"http://www.w3.org/2000/svg"[39m
            [36m>[39m
              [36m<path[39m
                [33md[39m=[32m"M18 6 6 18"[39m
              [36m/>[39m
              [36m<path[39m
                [33md[39m=[32m"m6 6 12 12"[39m
              [36m/>[39m
            [36m</svg>[39m
          [36m</button>[39m
        [36m</div>[39m
        [36m<div[39m
          [33mclass[39m=[32m"space-y-6"[39m
        [36m>[39m
          [36m<div[39m
            [33mclass[39m=[32m"grid grid-cols-2 gap-4 bg-gray-50 p-4 rounded-xl"[39m
          [36m>[39m
            [36m<div>[39m
              [36m<p[39m
                [33mclass[39m=[32m"text-xs text-gray-500 uppercase font-bold"[39m
              [36m>[39m
                [0mApplicant[0m
              [36m</p>[39m
              [36m<p[39m
                [33mclass[39m=[32m"font-semibold"[39m
              [36m>[39m
                [0mJohn Doe[0m
              [36m</p>[39m
            [36m</div>[39m
            [36m<div>[39m
              [36m<p[39m
                [33mclass[39m=[32m"text-xs text-gray-500 uppercase font-bold"[39m
              [36m>[39m
                [0mFarm Name[0m
              [36m</p>[39m
              [36m<p[39m
                [33mclass[39m=[32m"font-semibold"[39m
              [36m>[39m
                [0mTest Farm[0m
              [36m</p>[39m
            [36m</div>[39m
            [36m<div>[39m
              [36m<p[39m
                [33mclass[39m=[32m"text-xs text-gray-500 uppercase font-bold"[39m
              [36m>[39m
                [0mDistrict[0m
              [36m</p>[39m
              [36m<p[39m
                [33mclass[39m=[32m"font-semibold"[39m
              [36m>[39m
                [0mHarare[0m
              [36m</p>[39m
            [36m</div>[39m
            [36m<div>[39m
              [36m<p[39m
                [33mclass[39m=[32m"text-xs text-gray-500 uppercase font-bold"[39m
              [36m>[39m
                [0mFarm ID[0m
              [36m</p>[39m
              [36m<p[39m
                [33mclass[39m=[32m"font-semibold text-emerald-600"[39m
              [36m/>[39m
            [36m</div>[39m
          [36m</div>[39m
          [36m<div[39m
            [33mclass[39m=[32m"bg-blue-50 p-4 rounded-xl border border-blue-200"[39m
          [36m>[39m
            [36m<h4[39m
              [33mclass[39m=[32m"font-bold text-blue-900 mb-2 flex items-center gap-2"[39m
            [36m>[39m
              [36m<svg[39m
                [33mclass[39m=[32m"lucide lucide-map-pin"[39m
                [33mfill[39m=[32m"none"[39m
                [33mheight[39m=[32m"18"[39m
                [33mstroke[39m=[32m"currentColor"[39m
                [33mstroke-linecap[39m=[32m"round"[39m
                [33mstroke-linejoin[39m=[32m"round"[39m
                [33mstroke-width[39m=[32m"2"[39m
                [33mviewBox[39m=[32m"0 0 24 24"[39m
                [33mwidth[39m=[32m"18"[39m
                [33mxmlns[39m=[32m"http://www.w3.org/2000/svg"[39m
              [36m>[39m
                [36m<path[39m
                  [33md[39m=[32m"M20 10c0 4.993-5.539 10.193-7.399 11.799a1 1 0 0 1-1.202 0C9.539 20.193 4 14.993 4 10a8 8 0 0 1 16 0"[39m
                [36m/>[39m
                [36m<circle[39m
                  [33mcx[39m=[32m"12"[39m
                  [33mcy[39m=[32m"10"[39m
                  [33mr[39m=[32m"3"[39m
                [36m/>[39m
              [36m</svg>[39m
              [0mZLC Verification Task[0m
            [36m</h4>[39m
            [36m<p[39m
              [33mclass[39m=[32m"text-sm text-blue-800"[39m
            [36m>[39m
              [0mCheck if there are any logged disputes against this farm. Types of disputes include boundary disputes, double allocations, or illegal settlers.[0m
            [36m</p>[39m
          [36m</div>[39m
          [36m<div[39m
            [33mclass[39m=[32m"flex gap-4 pt-4 border-t"[39m
          [36m>[39m
            [36m<button[39m
              [33mclass[39m=[32m"btn bg-green-600 text-white hover:bg-green-700 flex-1 py-3 font-bold"[39m
            [36m>[39m
              [36m<svg[39m
                [33mclass[39m=[32m"lucide lucide-check inline mr-2"[39m
                [33mfill[39m=[32m"none"[39m
                [33mheight[39m=[32m"20"[39m
                [33mstroke[39m=[32m"currentColor"[39m
                [33mstroke-linecap[39m=[32m"round"[39m
                [33mstroke-linejoin[39m=[32m"round"[39m
                [33mstroke-width[39m=[32m"2"[39m
                [33mviewBox[39m=[32m"0 0 24 24"[39m
                [33mwidth[39m=[32m"20"[39m
                [33mxmlns[39m=[32m"http://www.w3.org/2000/svg"[39m
              [36m>[39m
                [36m<path[39m
                  [33md[39m=[32m"M20 6 9 17l-5-5"[39m
                [36m/>[39m
              [36m</svg>[39m
              [0mNo Disputes - Clear[0m
            [36m</button>[39m
            [36m<button[39m
              [33mclass[39m=[32m"btn bg-red-600 text-white hover:bg-red-700 flex-1 py-3 font-bold"[39m
            [36m>[39m
              [36m<svg[39m
                [33mclass[39m=[32m"lucide lucide-triangle-alert inline mr-2"[39m
                [33mfill[39m=[32m"none"[39m
                [33mheight[39m=[32m"20"[39m
                [33mstroke[39m=[32m"currentColor"[39m
                [33mstroke-linecap[39m=[32m"round"[39m
                [33mstroke-linejoin[39m=[32m"round"[39m
                [33mstroke-width[39m=[32m"2"[39m
                [33mviewBox[39m=[32m"0 0 24 24"[39m
                [33mwidth[39m=[32m"20"[39m
                [33mxmlns[39m=[32m"http://www.w3.org/2000/svg"[39m
              [36m>[39m
                [36m<path[39m
                  [33md[39m=[32m"m21.73 18-8-14a2 2 0 0 0-3.48 0l-8 14A2 2 0 0 0 4 21h16a2 2 0 0 0 1.73-3"[39m
                [36m/>[39m
                [36m<path[39m
                  [33md[39m=[32m"M12 9v4"[39m
                [36m/>[39m
                [36m<path[39m
                  [33md[39m=[32m"M12 17h.01"[39m
                [36m/>[39m
              [36m</svg>[39m
              [0mFlag Dispute[0m
            [36m</button>[39m
          [36m</div>[39m
        [36m</div>[39m
      [36m</div>[39m
    [36m</div>[39m
  [36m</div>[39m
[36m</body>[39m
 ❯ Object.getElementError node_modules/@testing-library/dom/dist/config.js:37:19
 ❯ node_modules/@testing-library/dom/dist/query-helpers.js:76:38
 ❯ node_modules/@testing-library/dom/dist/query-helpers.js:52:17
 ❯ node_modules/@testing-library/dom/dist/query-helpers.js:95:19
 ❯ src/components/roles/ZLCInterface.test.jsx:36:23
     34|         )
     35| 
     36|         expect(screen.getByText(/ZLC Officer/i)).toBeInTheDocument()
       |                       ^
     37|         expect(screen.getByText('John Doe')).toBeInTheDocument()
     38|     })

⎯⎯⎯⎯⎯⎯⎯⎯⎯⎯⎯⎯⎯⎯⎯⎯⎯⎯⎯⎯⎯⎯[26/28]⎯

 FAIL  src/components/roles/ZLCInterface.test.jsx > ZLCInterface > verifies ZLC clear successfully
AssertionError: expected "vi.fn()" to be called with arguments: [ …(2) ]

Received: 

  1st vi.fn() call:

  [
    "/api/applications/1/verify_zlc_clear/",
-   Any<Object>,
  ]


Number of calls: 1


Ignored nodes: comments, script, style
[36m<html>[39m
  [36m<head />[39m
  [36m<body>[39m
    [36m<div>[39m
      [36m<div[39m
        [33mclass[39m=[32m"fixed inset-0 bg-black bg-opacity-50 flex items-center justify-center z-50 p-4"[39m
      [36m>[39m
        [36m<div[39m
          [33mclass[39m=[32m"card max-w-3xl w-full max-h-[90vh] overflow-y-auto"[39m
        [36m>[39m
          [36m<div[39m
            [33mclass[39m=[32m"flex justify-between items-center mb-6 pb-4 border-b"[39m
          [36m>[39m
            [36m<h3[39m
              [33mclass[39m=[32m"text-2xl font-bold text-emerald-700"[39m
            [36m>[39m
              [0mZLC - Dispute Verification[0m
            [36m</h3>[39m
            [36m<button[39m
              [33mclass[39m=[32m"text-gray-500 hover:text-gray-700"[39m
            [36m>[39m
              [36m<svg[39m
                [33mclass[39m=[32m"lucide lucide-x"[39m
                [33mfill[39m=[32m"none"[39m
                [33mheight[39m=[32m"24"[39m
                [33mstroke[39m=[32m"currentColor"[39m
                [33mstroke-linecap[39m=[32m"round"[39m
                [33mstroke-linejoin[39m=[32m"round"[39m
                [33mstroke-width[39m=[32m"2"[39m
                [33mviewBox[39m=[32m"0 0 24 24"[39m
                [33mwidth[39m=[32m"24"[39m
                [33mxmlns[39m=[32m"http://www.w3.org/2000/svg"[39m
              [36m>[39m
                [36m<path[39m
                  [33md[39m=[32m"M18 6 6 18"[39m
                [36m/>[39m
                [36m<path[39m
                  [33md[39m=[32m"m6 6 12 12"[39m
                [36m/>[39m
              [36m</svg>[39m
            [36m</button>[39m
          [36m</div>[39m
          [36m<div[39m
            [33mclass[39m=[32m"space-y-6"[39m
          [36m>[39m
            [36m<div[39m
              [33mclass[39m=[32m"grid grid-cols-2 gap-4 bg-gray-50 p-4 rounded-xl"[39m
            [36m>[39m
              [36m<div>[39m
                [36m<p[39m
                  [33mclass[39m=[32m"text-xs text-gray-500 uppercase font-bold"[39m
                [36m>[39m
                  [0mApplicant[0m
                [36m</p>[39m
                [36m<p[39m
                  [33mclass[39m=[32m"font-semibold"[39m
                [36m>[39m
                  [0mJohn Doe[0m
                [36m</p>[39m
              [36m</div>[39m
              [36m<div>[39m
                [36m<p[39m
                  [33mclass[39m=[32m"text-xs text-gray-500 uppercase font-bold"[39m
                [36m>[39m
                  [0mFarm Name[0m
                [36m</p>[39m
                [36m<p[39m
                  [33mclass[39m=[32m"font-semibold"[39m
                [36m>[39m
                  [0mTest Farm[0m
                [36m</p>[39m
              [36m</div>[39m
              [36m<div>[39m
                [36m<p[39m
                  [33mclass[39m=[32m"text-xs text-gray-500 uppercase font-bold"[39m
                [36m>[39m
                  [0mDistrict[0m
                [36m</p>[39m
                [36m<p[39m
                  [33mclass[39m=[32m"font-semibold"[39m
                [36m>[39m
                  [0mHarare[0m
                [36m</p>[39m
              [36m</div>[39m
              [36m<div>[39m
                [36m<p[39m
                  [33mclass[39m=[32m"text-xs text-gray-500 uppercase font-bold"[39m
                [36m>[39m
                  [0mFarm ID[0m
                [36m</p>[39m
                [36m<p[39m
                  [33mclass[39m=[32m"font-semibold text-emerald-600"[39m
                [36m/>[39m
              [36m</div>[39m
            [36m</div>[39m
            [36m<div[39m
              [33mclass[39m=[32m"bg-blue-50 p-4 rounded-xl border border-blue-200"[39m
            [36m>[39m
              [36m<h4[39m
                [33mclass[39m=[32m"font-bold text-blue-900 mb-2 flex items-center gap-2"[39m
              [36m>[39m
                [36m<svg[39m
                  [33mclass[39m=[32m"lucide lucide-map-pin"[39m
                  [33mfill[39m=[32m"none"[39m
                  [33mheight[39m=[32m"18"[39m
                  [33mstroke[39m=[32m"currentColor"[39m
                  [33mstroke-linecap[39m=[32m"round"[39m
                  [33mstroke-linejoin[39m=[32m"round"[39m
                  [33mstroke-width[39m=[32m"2"[39m
                  [33mviewBox[39m=[32m"0 0 24 24"[39m
                  [33mwidth[39m=[32m"18"[39m
                  [33mxmlns[39m=[32m"http://www.w3.org/2000/svg"[39m
                [36m>[39m
                  [36m<path[39m
                    [33md[39m=[32m"M20 10c0 4.993-5.539 10.193-7.399 11.799a1 1 0 0 1-1.202 0C9.539 20.193 4 14.993 4 10a8 8 0 0 1 16 0"[39m
                  [36m/>[39m
                  [36m<circle[39m
                    [33mcx[39m=[32m"12"[39m
                    [33mcy[39m=[32m"10"[39m
                    [33mr[39m=[32m"3"[39m
                  [36m/>[39m
                [36m</svg>[39m
                [0mZLC Verification Task[0m
              [36m</h4>[39m
              [36m<p[39m
                [33mclass[39m=[32m"text-sm text-blue-800"[39m
              [36m>[39m
                [0mCheck if there are any logged disputes against this farm. Types of disputes include boundary disputes, double allocations, or illegal settlers.[0m
              [36m</p>[39m
            [36m</div>[39m
            [36m<div[39m
              [33mclass[39m=[32m"flex gap-4 pt-4 border-t"[39m
            [36m>[39m
              [36m<button[39m
                [33mclass[39m=[32m"btn bg-green-600 text-white hover:bg-green-700 flex-1 py-3 font-bold"[39m
              [36m>[39m
                [36m<svg[39m
                  [33mclass[39m=[32m"lucide lucide-check inline mr-2"[39m
                  [33mfill[39m=[32m"none"[39m
                  [33mheight[39m=[32m"20"[39m
                  [33mstroke[39m=[32m"currentColor"[39m
                  [33mstroke-linecap[39m=[32m"round"[39m
                  [33mstroke-linejoin[39m=[32m"round"[39m
                  [33mstroke-width[39m=[32m"2"[39m
                  [33mviewBox[39m=[32m"0 0 24 24"[39m
                  [33mwidth[39m=[32m"20"[39m
                  [33mxmlns[39m=[32m"http://www.w3.org/2000/svg"[39m
                [36m>[39m
                  [36m<path[39m
                    [33md[39m=[32m"M20 6 9 17l-5-5"[39m
                  [36m/>[39m
                [36m</svg>[39m
                [0mNo Disputes - Clear[0m
              [36m</button>[39m
              [36m<button[39m
                [33mclass[39m=[32m"btn bg-red-600 text-white hover:bg-red-700 flex-1 py-3 font-bold"[39m
              [36m>[39m
                [36m<svg[39m
                  [33mclass[39m=[32m"lucide lucide-triangle-alert inline mr-2"[39m
                  [33mfill[39m=[32m"none"[39m
                  [33mheight[39m=[32m"20"[39m
                  [33mstroke[39m=[32m"currentColor"[39m
                  [33mstroke-linecap[39m=[32m"round"[39m
                  [33mstroke-linejoin[39m=[32m"round"[39m
                  [33mstroke-width[39m=[32m"2"[39m
                  [33mviewBox[39m=[32m"0 0 24 24"[39m
                  [33mwidth[39m=[32m"20"[39m
                  [33mxmlns[39m=[32m"http://www.w3.org/2000/svg"[39m
                [36m>[39m
                  [36m<path[39m
                    [33md[39m=[32m"m21.73 18-8-14a2 2 0 0 0-3.48 0l-8 14A2 2 0 0 0 4 21h16a2 2 0 0 0 1.73-3"[39m
                  [36m/>[39m
                  [36m<path[39m
                    [33md[39m=[32m"M12 9v4"[39m
                  [36m/>[39m
                  [36m<path[39m
                    [33md[39m=[32m"M12 17h.01"[39m
                  [36m/>[39m
                [36m</svg>[39m
                [0mFlag Dispute[0m
              [36m</button>[39m
            [36m</div>[39m
          [36m</div>[39m
        [36m</div>[39m
      [36m</div>[39m
    [36m</div>[39m
  [36m</body>[39m
[36m</html>[39m
 ❯ src/components/roles/ZLCInterface.test.jsx:56:32
     54| 
     55|         await waitFor(() => {
     56|             expect(axios.post).toHaveBeenCalledWith(
       |                                ^
     57|                 `/api/applications/${mockSelectedApp.id}/verify_zlc_cl…
     58|                 expect.any(Object)
 ❯ runWithExpensiveErrorDiagnosticsDisabled node_modules/@testing-library/dom/dist/config.js:47:12
 ❯ checkCallback node_modules/@testing-library/dom/dist/wait-for.js:124:77
 ❯ Timeout.checkRealTimersCallback node_modules/@testing-library/dom/dist/wait-for.js:118:16

⎯⎯⎯⎯⎯⎯⎯⎯⎯⎯⎯⎯⎯⎯⎯⎯⎯⎯⎯⎯⎯⎯[27/28]⎯

 FAIL  src/components/roles/ZLCInterface.test.jsx > ZLCInterface > validates required fields for dispute
AssertionError: expected "vi.fn()" to be called with arguments: [ Array(1) ]

Number of calls: 0


Ignored nodes: comments, script, style
[36m<html>[39m
  [36m<head />[39m
  [36m<body>[39m
    [36m<div>[39m
      [36m<div[39m
        [33mclass[39m=[32m"fixed inset-0 bg-black bg-opacity-50 flex items-center justify-center z-50 p-4"[39m
      [36m>[39m
        [36m<div[39m
          [33mclass[39m=[32m"card max-w-3xl w-full max-h-[90vh] overflow-y-auto"[39m
        [36m>[39m
          [36m<div[39m
            [33mclass[39m=[32m"flex justify-between items-center mb-6 pb-4 border-b"[39m
          [36m>[39m
            [36m<h3[39m
              [33mclass[39m=[32m"text-2xl font-bold text-emerald-700"[39m
            [36m>[39m
              [0mZLC - Dispute Verification[0m
            [36m</h3>[39m
            [36m<button[39m
              [33mclass[39m=[32m"text-gray-500 hover:text-gray-700"[39m
            [36m>[39m
              [36m<svg[39m
                [33mclass[39m=[32m"lucide lucide-x"[39m
                [33mfill[39m=[32m"none"[39m
                [33mheight[39m=[32m"24"[39m
                [33mstroke[39m=[32m"currentColor"[39m
                [33mstroke-linecap[39m=[32m"round"[39m
                [33mstroke-linejoin[39m=[32m"round"[39m
                [33mstroke-width[39m=[32m"2"[39m
                [33mviewBox[39m=[32m"0 0 24 24"[39m
                [33mwidth[39m=[32m"24"[39m
                [33mxmlns[39m=[32m"http://www.w3.org/2000/svg"[39m
              [36m>[39m
                [36m<path[39m
                  [33md[39m=[32m"M18 6 6 18"[39m
                [36m/>[39m
                [36m<path[39m
                  [33md[39m=[32m"m6 6 12 12"[39m
                [36m/>[39m
              [36m</svg>[39m
            [36m</button>[39m
          [36m</div>[39m
          [36m<div[39m
            [33mclass[39m=[32m"space-y-6"[39m
          [36m>[39m
            [36m<div[39m
              [33mclass[39m=[32m"grid grid-cols-2 gap-4 bg-gray-50 p-4 rounded-xl"[39m
            [36m>[39m
              [36m<div>[39m
                [36m<p[39m
                  [33mclass[39m=[32m"text-xs text-gray-500 uppercase font-bold"[39m
                [36m>[39m
                  [0mApplicant[0m
                [36m</p>[39m
                [36m<p[39m
                  [33mclass[39m=[32m"font-semibold"[39m
                [36m>[39m
                  [0mJohn Doe[0m
                [36m</p>[39m
              [36m</div>[39m
              [36m<div>[39m
                [36m<p[39m
                  [33mclass[39m=[32m"text-xs text-gray-500 uppercase font-bold"[39m
                [36m>[39m
                  [0mFarm Name[0m
                [36m</p>[39m
                [36m<p[39m
                  [33mclass[39m=[32m"font-semibold"[39m
                [36m>[39m
                  [0mTest Farm[0m
                [36m</p>[39m
              [36m</div>[39m
              [36m<div>[39m
                [36m<p[39m
                  [33mclass[39m=[32m"text-xs text-gray-500 uppercase font-bold"[39m
                [36m>[39m
                  [0mDistrict[0m
                [36m</p>[39m
                [36m<p[39m
                  [33mclass[39m=[32m"font-semibold"[39m
                [36m>[39m
                  [0mHarare[0m
                [36m</p>[39m
              [36m</div>[39m
              [36m<div>[39m
                [36m<p[39m
                  [33mclass[39m=[32m"text-xs text-gray-500 uppercase font-bold"[39m
                [36m>[39m
                  [0mFarm ID[0m
                [36m</p>[39m
                [36m<p[39m
                  [33mclass[39m=[32m"font-semibold text-emerald-600"[39m
                [36m/>[39m
              [36m</div>[39m
            [36m</div>[39m
            [36m<div[39m
              [33mclass[39m=[32m"bg-blue-50 p-4 rounded-xl border border-blue-200"[39m
            [36m>[39m
              [36m<h4[39m
                [33mclass[39m=[32m"font-bold text-blue-900 mb-2 flex items-center gap-2"[39m
              [36m>[39m
                [36m<svg[39m
                  [33mclass[39m=[32m"lucide lucide-map-pin"[39m
                  [33mfill[39m=[32m"none"[39m
                  [33mheight[39m=[32m"18"[39m
                  [33mstroke[39m=[32m"currentColor"[39m
                  [33mstroke-linecap[39m=[32m"round"[39m
                  [33mstroke-linejoin[39m=[32m"round"[39m
                  [33mstroke-width[39m=[32m"2"[39m
                  [33mviewBox[39m=[32m"0 0 24 24"[39m
                  [33mwidth[39m=[32m"18"[39m
                  [33mxmlns[39m=[32m"http://www.w3.org/2000/svg"[39m
                [36m>[39m
                  [36m<path[39m
                    [33md[39m=[32m"M20 10c0 4.993-5.539 10.193-7.399 11.799a1 1 0 0 1-1.202 0C9.539 20.193 4 14.993 4 10a8 8 0 0 1 16 0"[39m
                  [36m/>[39m
                  [36m<circle[39m
                    [33mcx[39m=[32m"12"[39m
                    [33mcy[39m=[32m"10"[39m
                    [33mr[39m=[32m"3"[39m
                  [36m/>[39m
                [36m</svg>[39m
                [0mZLC Verification Task[0m
              [36m</h4>[39m
              [36m<p[39m
                [33mclass[39m=[32m"text-sm text-blue-800"[39m
              [36m>[39m
                [0mCheck if there are any logged disputes against this farm. Types of disputes include boundary disputes, double allocations, or illegal settlers.[0m
              [36m</p>[39m
            [36m</div>[39m
            [36m<div[39m
              [33mclass[39m=[32m"bg-red-50 p-4 rounded-xl border border-red-200"[39m
            [36m>[39m
              [36m<h4[39m
                [33mclass[39m=[32m"font-bold text-red-900"[39m
              [36m>[39m
                [0mFlag Dispute[0m
              [36m</h4>[39m
              [36m<p[39m
                [33mclass[39m=[32m"text-sm text-red-800"[39m
              [36m>[39m
                [0mSpecify the nature and details of the dispute found against this farm.[0m
              [36m</p>[39m
            [36m</div>[39m
            [36m<div>[39m
              [36m<label[39m
                [33mclass[39m=[32m"block font-bold text-gray-700 mb-2"[39m
              [36m>[39m
                [0mDispute Type[0m
              [36m</label>[39m
              [36m<select[39m
                [33mclass[39m=[32m"input w-full"[39m
              [36m>[39m
                [36m<option[39m
                  [33mvalue[39m=[32m""[39m
                [36m>[39m
                  [0m-- Select Dispute Type --[0m
                [36m</option>[39m
                [36m<option[39m
                  [33mvalue[39m=[32m"boundary"[39m
                [36m>[39m
                  [0mBoundary Dispute[0m
                [36m</option>[39m
                [36m<option[39m
                  [33mvalue[39m=[32m"double_allocation"[39m
                [36m>[39m
                  [0mDouble Allocation[0m
                [36m</option>[39m
                [36m<option[39m
                  [33mvalue[39m=[32m"illegal_settler"[39m
                [36m>[39m
                  [0mIllegal Settler[0m
                [36m</option>[39m
              [36m</select>[39m
            [36m</div>[39m
            [36m<div>[39m
              [36m<label[39m
                [33mclass[39m=[32m"block font-bold text-gray-700 mb-2"[39m
              [36m>[39m
                [0mDispute Details[0m
              [36m</label>[39m
              [36m<textarea[39m
                [33mclass[39m=[32m"input w-full h-32"[39m
                [33mplaceholder[39m=[32m"Provide detailed information about the dispute..."[39m
              [36m/>[39m
            [36m</div>[39m
            [36m<div[39m
              [33mclass[39m=[32m"flex gap-4 pt-4 border-t"[39m
            [36m>[39m
              [36m<button[39m
                [33mclass[39m=[32m"btn bg-gray-200 text-gray-700 hover:bg-gray-300 flex-1 py-3 font-bold"[39m
              [36m>[39m
                [0mBack[0m
              [36m</button>[39m
              [36m<button[39m
                [33mclass[39m=[32m"btn bg-red-600 text-white hover:bg-red-700 flex-1 py-3 font-bold"[39m
                [33mdisabled[39m=[32m""[39m
              [36m>[39m
                [0mConfirm Dispute Flag[0m
              [36m</button>[39m
            [36m</div>[39m
          [36m</div>[39m
        [36m</div>[39m
      [36m</div>[39m
    [36m</div>[39m
  [36m</body>[39m
[36m</html>[39m
 ❯ src/components/roles/ZLCInterface.test.jsx:120:33
    118| 
    119|         await waitFor(() => {
    120|             expect(mockOnError).toHaveBeenCalledWith('Please select di…
       |                                 ^
    121|         })
    122|     })
 ❯ runWithExpensiveErrorDiagnosticsDisabled node_modules/@testing-library/dom/dist/config.js:47:12
 ❯ checkCallback node_modules/@testing-library/dom/dist/wait-for.js:124:77
 ❯ Timeout.checkRealTimersCallback node_modules/@testing-library/dom/dist/wait-for.js:118:16

⎯⎯⎯⎯⎯⎯⎯⎯⎯⎯⎯⎯⎯⎯⎯⎯⎯⎯⎯⎯⎯⎯[28/28]⎯


 Test Files  9 failed (9)
      Tests  26 failed | 13 passed (39)
   Start at  11:01:23
   Duration  13.93s (transform 4.45s, setup 9.07s, import 10.64s, tests 16.62s, environment 32.46s)

